13/09/2026 11:51:00 Listening for VNC connections on TCP port 15931
{"event":"sandbox-canary","role":"browser","pid":77319,"readAllowed":true,"errno":0}
{"event":"initializing"}
{"event":"context-initialized"}
{"event":"initialized"}

DevTools listening on ws://127.0.0.1:19329/devtools/browser/4b0e0e55-3fc7-4341-be46-f8d5dda41ed2
{"event":"browser-created"}
{"event":"browser-created"}
{"event":"sandbox-canary","role":"renderer","pid":77330,"readAllowed":false,"errno":1}
{"event":"sandbox-canary","role":"renderer","pid":77331,"readAllowed":false,"errno":1}
{"event":"sandbox-canary","role":"renderer","pid":77329,"readAllowed":false,"errno":1}
{"event":"paint","count":1,"width":800,"height":600,"dirtyRects":1,"viewers":0}
{"event":"loaded","status":200}
{"event":"loaded","status":200}
{"event":"paint","count":61,"width":800,"height":600,"dirtyRects":1,"viewers":0}
{"event":"paint","count":121,"width":800,"height":600,"dirtyRects":1,"viewers":0}
{"event":"paint","count":181,"width":800,"height":600,"dirtyRects":1,"viewers":0}
{"event":"paint","count":241,"width":800,"height":600,"dirtyRects":1,"viewers":0}
{"event":"paint","count":301,"width":800,"height":600,"dirtyRects":1,"viewers":0}
{"event":"paint","count":361,"width":800,"height":600,"dirtyRects":1,"viewers":0}
{"event":"paint","count":421,"width":800,"height":600,"dirtyRects":1,"viewers":0}
{"event":"paint","count":481,"width":800,"height":600,"dirtyRects":1,"viewers":0}
{"event":"paint","count":541,"width":800,"height":600,"dirtyRects":1,"viewers":0}
{"event":"paint","count":601,"width":800,"height":600,"dirtyRects":1,"viewers":0}
{"event":"paint","count":661,"width":800,"height":600,"dirtyRects":1,"viewers":0}
{"event":"paint","count":721,"width":800,"height":600,"dirtyRects":1,"viewers":0}
{"event":"paint","count":781,"width":800,"height":600,"dirtyRects":1,"viewers":0}
{"event":"paint","count":841,"width":800,"height":600,"dirtyRects":1,"viewers":0}
{"event":"paint","count":901,"width":800,"height":600,"dirtyRects":1,"viewers":0}
{"event":"paint","count":961,"width":800,"height":600,"dirtyRects":1,"viewers":0}
{"event":"paint","count":1021,"width":800,"height":600,"dirtyRects":1,"viewers":0}
{"event":"paint","count":1081,"width":800,"height":600,"dirtyRects":1,"viewers":0}
{"event":"paint","count":1141,"width":800,"height":600,"dirtyRects":1,"viewers":0}
{"event":"paint","count":1201,"width":800,"height":600,"dirtyRects":1,"viewers":0}
{"event":"paint","count":1261,"width":800,"height":600,"dirtyRects":1,"viewers":0}
{"event":"loaded","status":200}
{"event":"paint","count":1321,"width":800,"height":600,"dirtyRects":1,"viewers":0}
{"event":"paint","count":1381,"width":800,"height":600,"dirtyRects":1,"viewers":0}
{"event":"paint","count":1441,"width":800,"height":600,"dirtyRects":1,"viewers":0}
{"event":"paint","count":1501,"width":800,"height":600,"dirtyRects":1,"viewers":0}
{"event":"paint","count":1561,"width":800,"height":600,"dirtyRects":1,"viewers":0}
{"event":"paint","count":1621,"width":800,"height":600,"dirtyRects":1,"viewers":0}
{"event":"paint","count":1681,"width":800,"height":600,"dirtyRects":1,"viewers":0}
{"event":"paint","count":1741,"width":800,"height":600,"dirtyRects":1,"viewers":0}
{"event":"paint","count":1801,"width":800,"height":600,"dirtyRects":1,"viewers":0}
{"event":"paint","count":1861,"width":800,"height":600,"dirtyRects":1,"viewers":0}
{"event":"paint","count":1921,"width":800,"height":600,"dirtyRects":1,"viewers":0}
{"event":"paint","count":1981,"width":800,"height":600,"dirtyRects":1,"viewers":0}
{"event":"paint","count":2041,"width":800,"height":600,"dirtyRects":1,"viewers":0}
{"event":"paint","count":2101,"width":800,"height":600,"dirtyRects":1,"viewers":0}
{"event":"paint","count":2161,"width":800,"height":600,"dirtyRects":1,"viewers":0}
{"event":"paint","count":2221,"width":800,"height":600,"dirtyRects":1,"viewers":0}
{"event":"paint","count":2281,"width":800,"height":600,"dirtyRects":1,"viewers":0}
{"event":"paint","count":2341,"width":800,"height":600,"dirtyRects":1,"viewers":0}
{"event":"paint","count":2401,"width":800,"height":600,"dirtyRects":1,"viewers":0}
{"event":"paint","count":2461,"width":800,"height":600,"dirtyRects":1,"viewers":0}
{"event":"paint","count":2521,"width":800,"height":600,"dirtyRects":1,"viewers":0}
{"event":"paint","count":2581,"width":800,"height":600,"dirtyRects":1,"viewers":0}
{"event":"paint","count":2641,"width":800,"height":600,"dirtyRects":1,"viewers":0}
{"event":"paint","count":2701,"width":800,"height":600,"dirtyRects":1,"viewers":0}
{"event":"paint","count":2761,"width":800,"height":600,"dirtyRects":1,"viewers":0}
{"event":"paint","count":2821,"width":800,"height":600,"dirtyRects":1,"viewers":0}
{"event":"paint","count":2881,"width":800,"height":600,"dirtyRects":1,"viewers":0}
{"event":"loaded","status":200}
{"event":"paint","count":2941,"width":800,"height":600,"dirtyRects":1,"viewers":0}
{"event":"loaded","status":200}
{"event":"paint","count":3001,"width":800,"height":600,"dirtyRects":1,"viewers":0}
{"event":"paint","count":3061,"width":800,"height":600,"dirtyRects":1,"viewers":0}
{"event":"paint","count":3121,"width":800,"height":600,"dirtyRects":1,"viewers":0}
{"event":"paint","count":3181,"width":800,"height":600,"dirtyRects":1,"viewers":0}
{"event":"paint","count":3241,"width":800,"height":600,"dirtyRects":1,"viewers":0}
{"event":"paint","count":3301,"width":800,"height":600,"dirtyRects":1,"viewers":0}
{"event":"paint","count":3361,"width":800,"height":600,"dirtyRects":1,"viewers":0}
{"event":"paint","count":3421,"width":800,"height":600,"dirtyRects":1,"viewers":0}
{"event":"paint","count":3481,"width":800,"height":600,"dirtyRects":1,"viewers":0}
{"event":"paint","count":3541,"width":800,"height":600,"dirtyRects":1,"viewers":0}
{"event":"paint","count":3601,"width":800,"height":600,"dirtyRects":1,"viewers":0}
{"event":"paint","count":3661,"width":800,"height":600,"dirtyRects":1,"viewers":0}
{"event":"paint","count":3721,"width":800,"height":600,"dirtyRects":1,"viewers":0}
{"event":"paint","count":3781,"width":800,"height":600,"dirtyRects":1,"viewers":0}
{"event":"paint","count":3841,"width":800,"height":600,"dirtyRects":1,"viewers":0}
{"event":"paint","count":3901,"width":800,"height":600,"dirtyRects":1,"viewers":0}
{"event":"paint","count":3961,"width":800,"height":600,"dirtyRects":1,"viewers":0}
{"event":"paint","count":4021,"width":800,"height":600,"dirtyRects":1,"viewers":0}
{"event":"paint","count":4081,"width":800,"height":600,"dirtyRects":1,"viewers":0}
{"event":"paint","count":4141,"width":800,"height":600,"dirtyRects":1,"viewers":0}
{"event":"paint","count":4201,"width":800,"height":600,"dirtyRects":1,"viewers":0}
{"event":"paint","count":4261,"width":800,"height":600,"dirtyRects":1,"viewers":0}
{"event":"paint","count":4321,"width":800,"height":600,"dirtyRects":1,"viewers":0}
{"event":"paint","count":4381,"width":800,"height":600,"dirtyRects":1,"viewers":0}
{"event":"paint","count":4441,"width":800,"height":600,"dirtyRects":1,"viewers":0}
{"event":"paint","count":4501,"width":800,"height":600,"dirtyRects":1,"viewers":0}
{"event":"paint","count":4561,"width":800,"height":600,"dirtyRects":1,"viewers":0}
{"event":"paint","count":4621,"width":800,"height":600,"dirtyRects":1,"viewers":0}
{"event":"paint","count":4681,"width":800,"height":600,"dirtyRects":1,"viewers":0}
{"event":"paint","count":4741,"width":800,"height":600,"dirtyRects":1,"viewers":0}
{"event":"paint","count":4801,"width":800,"height":600,"dirtyRects":1,"viewers":0}
{"event":"paint","count":4861,"width":800,"height":600,"dirtyRects":1,"viewers":0}
{"event":"paint","count":4921,"width":800,"height":600,"dirtyRects":1,"viewers":0}
{"event":"paint","count":4981,"width":800,"height":600,"dirtyRects":1,"viewers":0}
{"event":"paint","count":5041,"width":800,"height":600,"dirtyRects":1,"viewers":0}
{"event":"paint","count":5101,"width":800,"height":600,"dirtyRects":1,"viewers":0}
[79990:7279415:0913/115401.019936:ERROR:services/on_device_model/ml/gpu_blocklist.cc:120] Unable to get gpu adapter
[79990:7279425:0913/115401.021184:ERROR:services/on_device_model/ml/gpu_blocklist.cc:120] Unable to get gpu adapter
{"event":"paint","count":5161,"width":800,"height":600,"dirtyRects":1,"viewers":0}
{"event":"paint","count":5221,"width":800,"height":600,"dirtyRects":1,"viewers":0}
{"event":"paint","count":5281,"width":800,"height":600,"dirtyRects":1,"viewers":0}
{"event":"paint","count":5341,"width":800,"height":600,"dirtyRects":1,"viewers":0}
{"event":"paint","count":5401,"width":800,"height":600,"dirtyRects":1,"viewers":0}
{"event":"paint","count":5461,"width":800,"height":600,"dirtyRects":1,"viewers":0}
{"event":"paint","count":5521,"width":800,"height":600,"dirtyRects":1,"viewers":0}
{"event":"paint","count":5581,"width":800,"height":600,"dirtyRects":1,"viewers":0}
{"event":"paint","count":5641,"width":800,"height":600,"dirtyRects":1,"viewers":0}
{"event":"paint","count":5701,"width":800,"height":600,"dirtyRects":1,"viewers":0}
{"event":"paint","count":5761,"width":800,"height":600,"dirtyRects":1,"viewers":0}
{"event":"paint","count":5821,"width":800,"height":600,"dirtyRects":1,"viewers":0}
{"event":"paint","count":5881,"width":800,"height":600,"dirtyRects":1,"viewers":0}
{"event":"paint","count":5941,"width":800,"height":600,"dirtyRects":1,"viewers":0}
{"event":"paint","count":6001,"width":800,"height":600,"dirtyRects":1,"viewers":0}
{"event":"paint","count":6061,"width":800,"height":600,"dirtyRects":1,"viewers":0}
{"event":"paint","count":6121,"width":800,"height":600,"dirtyRects":1,"viewers":0}
{"event":"paint","count":6181,"width":800,"height":600,"dirtyRects":1,"viewers":0}
{"event":"paint","count":6241,"width":800,"height":600,"dirtyRects":1,"viewers":0}
{"event":"paint","count":6301,"width":800,"height":600,"dirtyRects":1,"viewers":0}
{"event":"paint","count":6361,"width":800,"height":600,"dirtyRects":1,"viewers":0}
{"event":"paint","count":6421,"width":800,"height":600,"dirtyRects":1,"viewers":0}
{"event":"paint","count":6481,"width":800,"height":600,"dirtyRects":1,"viewers":0}
{"event":"paint","count":6541,"width":800,"height":600,"dirtyRects":1,"viewers":0}
{"event":"paint","count":6601,"width":800,"height":600,"dirtyRects":1,"viewers":0}
{"event":"paint","count":6661,"width":800,"height":600,"dirtyRects":1,"viewers":0}
{"event":"paint","count":6721,"width":800,"height":600,"dirtyRects":1,"viewers":0}
{"event":"paint","count":6781,"width":800,"height":600,"dirtyRects":1,"viewers":0}
{"event":"paint","count":6841,"width":800,"height":600,"dirtyRects":1,"viewers":0}
{"event":"paint","count":6901,"width":800,"height":600,"dirtyRects":1,"viewers":0}
{"event":"paint","count":6961,"width":800,"height":600,"dirtyRects":1,"viewers":0}
{"event":"paint","count":7021,"width":800,"height":600,"dirtyRects":1,"viewers":0}
{"event":"paint","count":7081,"width":800,"height":600,"dirtyRects":1,"viewers":0}
{"event":"paint","count":7141,"width":800,"height":600,"dirtyRects":1,"viewers":0}
{"event":"paint","count":7201,"width":800,"height":600,"dirtyRects":1,"viewers":0}
{"event":"paint","count":7261,"width":800,"height":600,"dirtyRects":1,"viewers":0}
{"event":"paint","count":7321,"width":800,"height":600,"dirtyRects":1,"viewers":0}
{"event":"paint","count":7381,"width":800,"height":600,"dirtyRects":1,"viewers":0}
{"event":"paint","count":7441,"width":800,"height":600,"dirtyRects":1,"viewers":0}
{"event":"paint","count":7501,"width":800,"height":600,"dirtyRects":1,"viewers":0}
{"event":"paint","count":7561,"width":800,"height":600,"dirtyRects":1,"viewers":0}
{"event":"paint","count":7621,"width":800,"height":600,"dirtyRects":1,"viewers":0}
{"event":"paint","count":7681,"width":800,"height":600,"dirtyRects":1,"viewers":0}
{"event":"paint","count":7741,"width":800,"height":600,"dirtyRects":1,"viewers":0}
{"event":"paint","count":7801,"width":800,"height":600,"dirtyRects":1,"viewers":0}
{"event":"paint","count":7861,"width":800,"height":600,"dirtyRects":1,"viewers":0}
{"event":"paint","count":7921,"width":800,"height":600,"dirtyRects":1,"viewers":0}
{"event":"paint","count":7981,"width":800,"height":600,"dirtyRects":1,"viewers":0}
{"event":"paint","count":8041,"width":800,"height":600,"dirtyRects":1,"viewers":0}
{"event":"paint","count":8101,"width":800,"height":600,"dirtyRects":1,"viewers":0}
{"event":"paint","count":8161,"width":800,"height":600,"dirtyRects":1,"viewers":0}
{"event":"paint","count":8221,"width":800,"height":600,"dirtyRects":1,"viewers":0}
{"event":"paint","count":8281,"width":800,"height":600,"dirtyRects":1,"viewers":0}
{"event":"paint","count":8341,"width":800,"height":600,"dirtyRects":1,"viewers":0}
{"event":"paint","count":8401,"width":800,"height":600,"dirtyRects":1,"viewers":0}
{"event":"paint","count":8461,"width":800,"height":600,"dirtyRects":1,"viewers":0}
{"event":"paint","count":8521,"width":800,"height":600,"dirtyRects":1,"viewers":0}
{"event":"paint","count":8581,"width":800,"height":600,"dirtyRects":1,"viewers":0}
{"event":"paint","count":8641,"width":800,"height":600,"dirtyRects":1,"viewers":0}
{"event":"paint","count":8701,"width":800,"height":600,"dirtyRects":1,"viewers":0}
{"event":"paint","count":8761,"width":800,"height":600,"dirtyRects":1,"viewers":0}
{"event":"paint","count":8821,"width":800,"height":600,"dirtyRects":1,"viewers":0}
{"event":"paint","count":8881,"width":800,"height":600,"dirtyRects":1,"viewers":0}
{"event":"paint","count":8941,"width":800,"height":600,"dirtyRects":1,"viewers":0}
{"event":"paint","count":9001,"width":800,"height":600,"dirtyRects":1,"viewers":0}
{"event":"paint","count":9061,"width":800,"height":600,"dirtyRects":1,"viewers":0}
{"event":"paint","count":9121,"width":800,"height":600,"dirtyRects":1,"viewers":0}
{"event":"paint","count":9181,"width":800,"height":600,"dirtyRects":1,"viewers":0}
{"event":"paint","count":9241,"width":800,"height":600,"dirtyRects":1,"viewers":0}
{"event":"paint","count":9301,"width":800,"height":600,"dirtyRects":1,"viewers":0}
{"event":"paint","count":9361,"width":800,"height":600,"dirtyRects":1,"viewers":0}
{"event":"paint","count":9421,"width":800,"height":600,"dirtyRects":1,"viewers":0}
{"event":"paint","count":9481,"width":800,"height":600,"dirtyRects":1,"viewers":0}
{"event":"paint","count":9541,"width":800,"height":600,"dirtyRects":1,"viewers":0}
{"event":"paint","count":9601,"width":800,"height":600,"dirtyRects":1,"viewers":0}
{"event":"paint","count":9661,"width":800,"height":600,"dirtyRects":1,"viewers":0}
{"event":"paint","count":9721,"width":800,"height":600,"dirtyRects":1,"viewers":0}
{"event":"paint","count":9781,"width":800,"height":600,"dirtyRects":1,"viewers":0}
{"event":"paint","count":9841,"width":800,"height":600,"dirtyRects":1,"viewers":0}
{"event":"paint","count":9901,"width":800,"height":600,"dirtyRects":1,"viewers":0}
{"event":"paint","count":9961,"width":800,"height":600,"dirtyRects":1,"viewers":0}
{"event":"paint","count":10021,"width":800,"height":600,"dirtyRects":1,"viewers":0}
{"event":"paint","count":10081,"width":800,"height":600,"dirtyRects":1,"viewers":0}
{"event":"paint","count":10141,"width":800,"height":600,"dirtyRects":1,"viewers":0}
{"event":"paint","count":10201,"width":800,"height":600,"dirtyRects":1,"viewers":0}
{"event":"paint","count":10261,"width":800,"height":600,"dirtyRects":1,"viewers":0}
{"event":"paint","count":10321,"width":800,"height":600,"dirtyRects":1,"viewers":0}
{"event":"paint","count":10381,"width":800,"height":600,"dirtyRects":1,"viewers":0}
{"event":"paint","count":10441,"width":800,"height":600,"dirtyRects":1,"viewers":0}
{"event":"paint","count":10501,"width":800,"height":600,"dirtyRects":1,"viewers":0}
{"event":"paint","count":10561,"width":800,"height":600,"dirtyRects":1,"viewers":0}
{"event":"paint","count":10621,"width":800,"height":600,"dirtyRects":1,"viewers":0}
{"event":"paint","count":10681,"width":800,"height":600,"dirtyRects":1,"viewers":0}
{"event":"paint","count":10741,"width":800,"height":600,"dirtyRects":1,"viewers":0}
{"event":"paint","count":10801,"width":800,"height":600,"dirtyRects":1,"viewers":0}
{"event":"paint","count":10861,"width":800,"height":600,"dirtyRects":1,"viewers":0}
{"event":"paint","count":10921,"width":800,"height":600,"dirtyRects":1,"viewers":0}
{"event":"paint","count":10981,"width":800,"height":600,"dirtyRects":1,"viewers":0}
{"event":"paint","count":11041,"width":800,"height":600,"dirtyRects":1,"viewers":0}
{"event":"paint","count":11101,"width":800,"height":600,"dirtyRects":1,"viewers":0}
{"event":"paint","count":11161,"width":800,"height":600,"dirtyRects":1,"viewers":0}
