13/09/2026 11:48:44 Listening for VNC connections on TCP port 15931
{"event":"sandbox-canary","role":"browser","pid":73092,"readAllowed":true,"errno":0}
{"event":"initializing"}

DevTools listening on ws://127.0.0.1:19329/devtools/browser/b1640231-1a85-4619-939e-219ed0068c59
{"event":"context-initialized"}
{"event":"initialized"}
{"event":"browser-created"}
{"event":"browser-created"}
{"event":"sandbox-canary","role":"renderer","pid":73111,"readAllowed":false,"errno":1}
{"event":"sandbox-canary","role":"renderer","pid":73110,"readAllowed":false,"errno":1}
{"event":"sandbox-canary","role":"renderer","pid":73112,"readAllowed":false,"errno":1}
{"event":"paint","count":1,"width":800,"height":600,"dirtyRects":1,"viewers":0}
{"event":"loaded","status":200}
{"event":"loaded","status":200}
{"event":"paint","count":61,"width":800,"height":600,"dirtyRects":1,"viewers":0}
{"event":"paint","count":121,"width":800,"height":600,"dirtyRects":1,"viewers":0}
{"event":"paint","count":181,"width":800,"height":600,"dirtyRects":1,"viewers":0}
{"event":"paint","count":241,"width":800,"height":600,"dirtyRects":1,"viewers":0}
{"event":"paint","count":301,"width":800,"height":600,"dirtyRects":1,"viewers":0}
{"event":"paint","count":361,"width":800,"height":600,"dirtyRects":1,"viewers":0}
{"event":"paint","count":421,"width":800,"height":600,"dirtyRects":1,"viewers":0}
{"event":"paint","count":481,"width":800,"height":600,"dirtyRects":1,"viewers":0}
{"event":"paint","count":541,"width":800,"height":600,"dirtyRects":1,"viewers":0}
{"event":"paint","count":601,"width":800,"height":600,"dirtyRects":1,"viewers":0}
{"event":"paint","count":661,"width":800,"height":600,"dirtyRects":1,"viewers":0}
{"event":"paint","count":721,"width":800,"height":600,"dirtyRects":1,"viewers":0}
{"event":"paint","count":781,"width":800,"height":600,"dirtyRects":1,"viewers":0}
{"event":"paint","count":841,"width":800,"height":600,"dirtyRects":1,"viewers":0}
{"event":"paint","count":901,"width":800,"height":600,"dirtyRects":1,"viewers":0}
[73092:7256700:0913/115007.695064:FATAL:/Users/jaco/Documents/VeeZee/weave/experiments/rfb-spike/.build/cef_binary_152.0.6+g708dc14+chromium-152.0.7977.83_macosarm64_minimal/include/base/cef_scoped_refptr.h:329] Check failed: ptr_. 
