{"event":"initializing"}
13/09/2026 11:25:23 Unable to establish connection with systemd socket
13/09/2026 11:25:23 Listening for VNC connections on TCP port 15921

DevTools listening on ws://127.0.0.1:19229/devtools/browser/bd9937e5-4d34-47db-b80f-a103d9cf07bd
{"event":"context-initialized"}
{"event":"initialized"}
{"event":"browser-created"}
[1257857:1257857:0913/112523.710013:ERROR:dbus/object_proxy.cc:572] Failed to call method: org.freedesktop.DBus.Properties.Get: object_path= /org/freedesktop/portal/desktop: org.freedesktop.DBus.Error.InvalidArgs: No such interface “org.freedesktop.portal.FileChooser”
{"event":"paint","count":1,"width":960,"height":640,"dirtyRects":1,"viewers":0}
{"event":"loaded","status":200}
13/09/2026 11:25:27 Got connection from client 100.97.206.8
13/09/2026 11:25:27   0 other clients
{"event":"viewer-joined","viewers":1}
13/09/2026 11:25:27 Normal socket connection
13/09/2026 11:25:27 Client Protocol Version 3.8
13/09/2026 11:25:27 Protocol version sent 3.8, using 3.8
13/09/2026 11:25:27 Send channel security type 'none'
13/09/2026 11:25:27 rfbProcessClientSecurityType: executing handler for type 1
13/09/2026 11:25:27 rfbProcessClientSecurityType: returning securityResult for client rfb version >= 3.8
13/09/2026 11:25:27 Pixel format for client 100.97.206.8:
13/09/2026 11:25:27   32 bpp, depth 24, little endian
13/09/2026 11:25:27   true colour: max r 255 g 255 b 255, shift r 16 g 8 b 0
13/09/2026 11:25:27 Enabling X-style cursor updates for client 100.97.206.8
13/09/2026 11:25:27 Enabling full-color cursor updates for client 100.97.206.8
13/09/2026 11:25:27 Enabling cursor position updates for client 100.97.206.8
13/09/2026 11:25:27 Enabling KeyboardLedState protocol extension for client 100.97.206.8
13/09/2026 11:25:27 Enabling NewFBSize protocol extension for client 100.97.206.8
13/09/2026 11:25:27 Enabling ExtDesktopSize protocol extension for client 100.97.206.8
13/09/2026 11:25:27 Enabling SupportedMessages protocol extension for client 100.97.206.8
13/09/2026 11:25:27 Enabling SupportedEncodings protocol extension for client 100.97.206.8
13/09/2026 11:25:27 Enabling ServerIdentity protocol extension for client 100.97.206.8
13/09/2026 11:25:27 rfbProcessClientNormalMessage: ignoring unsupported encoding type Enc(0xFFFFFEFE)
13/09/2026 11:25:27 Using ZRLE encoding for client 100.97.206.8
13/09/2026 11:25:27 Sending rfbEncodingExtDesktopSize for size (960x640) 
{"event":"paint","count":61,"width":960,"height":640,"dirtyRects":1,"viewers":1}
{"event":"paint","count":121,"width":960,"height":640,"dirtyRects":1,"viewers":1}
{"event":"paint","count":181,"width":960,"height":640,"dirtyRects":1,"viewers":1}
{"event":"paint","count":241,"width":960,"height":640,"dirtyRects":1,"viewers":1}
{"event":"paint","count":301,"width":960,"height":640,"dirtyRects":1,"viewers":1}
{"event":"paint","count":361,"width":960,"height":640,"dirtyRects":1,"viewers":1}
{"event":"paint","count":421,"width":960,"height":640,"dirtyRects":1,"viewers":1}
{"event":"paint","count":481,"width":960,"height":640,"dirtyRects":1,"viewers":1}
{"event":"paint","count":541,"width":960,"height":640,"dirtyRects":1,"viewers":1}
{"event":"paint","count":601,"width":960,"height":640,"dirtyRects":1,"viewers":1}
{"event":"paint","count":661,"width":960,"height":640,"dirtyRects":1,"viewers":1}
{"event":"paint","count":721,"width":960,"height":640,"dirtyRects":1,"viewers":1}
{"event":"paint","count":781,"width":960,"height":640,"dirtyRects":1,"viewers":1}
{"event":"paint","count":841,"width":960,"height":640,"dirtyRects":1,"viewers":1}
{"event":"paint","count":901,"width":960,"height":640,"dirtyRects":1,"viewers":1}
{"event":"paint","count":961,"width":960,"height":640,"dirtyRects":1,"viewers":1}
{"event":"paint","count":1021,"width":960,"height":640,"dirtyRects":1,"viewers":1}
{"event":"paint","count":1081,"width":960,"height":640,"dirtyRects":1,"viewers":1}
{"event":"paint","count":1141,"width":960,"height":640,"dirtyRects":1,"viewers":1}
{"event":"paint","count":1201,"width":960,"height":640,"dirtyRects":1,"viewers":1}
{"event":"paint","count":1261,"width":960,"height":640,"dirtyRects":1,"viewers":1}
{"event":"paint","count":1321,"width":960,"height":640,"dirtyRects":1,"viewers":1}
{"event":"paint","count":1381,"width":960,"height":640,"dirtyRects":1,"viewers":1}
{"event":"paint","count":1441,"width":960,"height":640,"dirtyRects":1,"viewers":1}
{"event":"viewer-left","viewers":0}
13/09/2026 11:26:59 Client 100.97.206.8 gone
13/09/2026 11:26:59 Statistics             events    Transmit/ RawEquiv ( saved)
13/09/2026 11:26:59  FramebufferUpdate   :   1472 |         0/        0 (  0.0%)
13/09/2026 11:26:59  ZRLE                :   1472 |  12960803/1973632328 ( 99.3%)
13/09/2026 11:26:59  ServerIdentify      :      1 |        42/       42 (  0.0%)
13/09/2026 11:26:59  SupportedEncoding   :      1 |       104/      104 (  0.0%)
13/09/2026 11:26:59  SupportedMessage    :      1 |        76/       76 (  0.0%)
13/09/2026 11:26:59  PointerPos          :      1 |        12/       12 (  0.0%)
13/09/2026 11:26:59  RichCursor          :      1 |       255/      255 (  0.0%)
13/09/2026 11:26:59  ExtendedDesktopSize :      1 |        32/       32 (  0.0%)
13/09/2026 11:26:59  TOTALS              :   2950 |  12961324/1973632849 ( 99.3%)
13/09/2026 11:26:59 Statistics             events    Received/ RawEquiv ( saved)
13/09/2026 11:26:59  PointerEvent        :     50 |       300/      300 (  0.0%)
13/09/2026 11:26:59  FramebufferUpdate   :   1474 |     14740/    14740 (  0.0%)
13/09/2026 11:26:59  SetEncodings        :      1 |        60/       60 (  0.0%)
13/09/2026 11:26:59  SetPixelFormat      :      1 |        20/       20 (  0.0%)
13/09/2026 11:26:59  TOTALS              :   1526 |     15120/    15120 (  0.0%)
