13/09/2026 09:05:10 Listening for VNC connections on TCP port 15915

DevTools listening on ws://127.0.0.1:19229/devtools/browser/27db9c33-9d77-461a-8a9d-d8415272d226
{"event":"browser-created"}
{"event":"loaded","status":200}
{"event":"paint","count":1,"width":800,"height":600,"dirtyRects":1,"viewers":0}
{"event":"paint","count":61,"width":800,"height":600,"dirtyRects":1,"viewers":0}
{"event":"paint","count":121,"width":800,"height":600,"dirtyRects":1,"viewers":0}
{"event":"paint","count":181,"width":800,"height":600,"dirtyRects":1,"viewers":0}
{"event":"paint","count":241,"width":800,"height":600,"dirtyRects":1,"viewers":0}
{"event":"paint","count":301,"width":800,"height":600,"dirtyRects":1,"viewers":0}
{"event":"paint","count":361,"width":800,"height":600,"dirtyRects":1,"viewers":0}
{"event":"paint","count":421,"width":800,"height":600,"dirtyRects":1,"viewers":0}
{"event":"paint","count":481,"width":800,"height":600,"dirtyRects":1,"viewers":0}
{"event":"paint","count":541,"width":800,"height":600,"dirtyRects":1,"viewers":0}
{"event":"paint","count":601,"width":800,"height":600,"dirtyRects":1,"viewers":0}
{"event":"paint","count":661,"width":800,"height":600,"dirtyRects":1,"viewers":0}
{"event":"paint","count":721,"width":800,"height":600,"dirtyRects":1,"viewers":0}
{"event":"paint","count":781,"width":800,"height":600,"dirtyRects":1,"viewers":0}
{"event":"paint","count":841,"width":800,"height":600,"dirtyRects":1,"viewers":0}
{"event":"paint","count":901,"width":800,"height":600,"dirtyRects":1,"viewers":0}
{"event":"paint","count":961,"width":800,"height":600,"dirtyRects":1,"viewers":0}
{"event":"paint","count":1021,"width":800,"height":600,"dirtyRects":1,"viewers":0}
{"event":"paint","count":1081,"width":800,"height":600,"dirtyRects":1,"viewers":0}
{"event":"paint","count":1141,"width":800,"height":600,"dirtyRects":1,"viewers":0}
{"event":"paint","count":1201,"width":800,"height":600,"dirtyRects":1,"viewers":0}
{"event":"paint","count":1261,"width":800,"height":600,"dirtyRects":1,"viewers":0}
{"event":"paint","count":1321,"width":800,"height":600,"dirtyRects":1,"viewers":0}
{"event":"paint","count":1381,"width":800,"height":600,"dirtyRects":1,"viewers":0}
{"event":"paint","count":1441,"width":800,"height":600,"dirtyRects":1,"viewers":0}
{"event":"paint","count":1501,"width":800,"height":600,"dirtyRects":1,"viewers":0}
{"event":"paint","count":1561,"width":800,"height":600,"dirtyRects":1,"viewers":0}
{"event":"paint","count":1621,"width":800,"height":600,"dirtyRects":1,"viewers":0}
{"event":"paint","count":1681,"width":800,"height":600,"dirtyRects":1,"viewers":0}
{"event":"paint","count":1741,"width":800,"height":600,"dirtyRects":1,"viewers":0}
{"event":"paint","count":1801,"width":800,"height":600,"dirtyRects":1,"viewers":0}
{"event":"paint","count":1861,"width":800,"height":600,"dirtyRects":1,"viewers":0}
{"event":"paint","count":1921,"width":800,"height":600,"dirtyRects":1,"viewers":0}
{"event":"paint","count":1981,"width":800,"height":600,"dirtyRects":1,"viewers":0}
13/09/2026 09:06:17 Got connection from client 127.0.0.1
13/09/2026 09:06:17   0 other clients
{"event":"viewer-joined","viewers":1}
13/09/2026 09:06:17 Client Protocol Version 3.8
13/09/2026 09:06:17 Protocol version sent 3.8, using 3.8
13/09/2026 09:06:17 rfbProcessClientSecurityType: executing handler for type 1
13/09/2026 09:06:17 rfbProcessClientSecurityType: returning securityResult for client rfb version >= 3.8
13/09/2026 09:06:17 Pixel format for client 127.0.0.1:
13/09/2026 09:06:17   32 bpp, depth 24, little endian
13/09/2026 09:06:17   true colour: max r 255 g 255 b 255, shift r 16 g 8 b 0
13/09/2026 09:06:17 Enabling X-style cursor updates for client 127.0.0.1
13/09/2026 09:06:17 Enabling full-color cursor updates for client 127.0.0.1
13/09/2026 09:06:17 Enabling cursor position updates for client 127.0.0.1
13/09/2026 09:06:17 Enabling KeyboardLedState protocol extension for client 127.0.0.1
13/09/2026 09:06:17 Enabling NewFBSize protocol extension for client 127.0.0.1
13/09/2026 09:06:17 Enabling ExtDesktopSize protocol extension for client 127.0.0.1
13/09/2026 09:06:17 Enabling SupportedMessages protocol extension for client 127.0.0.1
13/09/2026 09:06:17 Enabling SupportedEncodings protocol extension for client 127.0.0.1
13/09/2026 09:06:17 Enabling ServerIdentity protocol extension for client 127.0.0.1
13/09/2026 09:06:17 rfbProcessClientNormalMessage: ignoring unsupported encoding type Enc(0xFFFFFEFE)
13/09/2026 09:06:17 Using ZRLE encoding for client 127.0.0.1
13/09/2026 09:06:17 Sending rfbEncodingExtDesktopSize for size (800x600) 
{"event":"paint","count":2041,"width":800,"height":600,"dirtyRects":1,"viewers":1}
{"event":"paint","count":2101,"width":800,"height":600,"dirtyRects":1,"viewers":1}
{"event":"paint","count":2161,"width":800,"height":600,"dirtyRects":1,"viewers":1}
{"event":"paint","count":2221,"width":800,"height":600,"dirtyRects":1,"viewers":1}
{"event":"paint","count":2281,"width":800,"height":600,"dirtyRects":1,"viewers":1}
{"event":"paint","count":2341,"width":800,"height":600,"dirtyRects":1,"viewers":1}
{"event":"paint","count":2401,"width":800,"height":600,"dirtyRects":1,"viewers":1}
{"event":"paint","count":2461,"width":800,"height":600,"dirtyRects":1,"viewers":1}
{"event":"paint","count":2521,"width":800,"height":600,"dirtyRects":1,"viewers":1}
{"event":"paint","count":2581,"width":800,"height":600,"dirtyRects":1,"viewers":1}
{"event":"paint","count":2641,"width":800,"height":600,"dirtyRects":1,"viewers":1}
{"event":"paint","count":2701,"width":800,"height":600,"dirtyRects":1,"viewers":1}
{"event":"paint","count":2761,"width":800,"height":600,"dirtyRects":1,"viewers":1}
{"event":"paint","count":2821,"width":800,"height":600,"dirtyRects":1,"viewers":1}
{"event":"paint","count":2881,"width":800,"height":600,"dirtyRects":1,"viewers":1}
{"event":"paint","count":2941,"width":800,"height":600,"dirtyRects":1,"viewers":1}
{"event":"paint","count":3001,"width":800,"height":600,"dirtyRects":1,"viewers":1}
{"event":"paint","count":3061,"width":800,"height":600,"dirtyRects":1,"viewers":1}
{"event":"paint","count":3121,"width":800,"height":600,"dirtyRects":1,"viewers":1}
{"event":"paint","count":3181,"width":800,"height":600,"dirtyRects":1,"viewers":1}
{"event":"paint","count":3241,"width":800,"height":600,"dirtyRects":1,"viewers":1}
{"event":"paint","count":3301,"width":800,"height":600,"dirtyRects":1,"viewers":1}
{"event":"paint","count":3361,"width":800,"height":600,"dirtyRects":1,"viewers":1}
{"event":"paint","count":3421,"width":800,"height":600,"dirtyRects":1,"viewers":1}
{"event":"paint","count":3481,"width":800,"height":600,"dirtyRects":1,"viewers":1}
{"event":"paint","count":3541,"width":800,"height":600,"dirtyRects":1,"viewers":1}
{"event":"viewer-left","viewers":0}
13/09/2026 09:07:10 Client 127.0.0.1 gone
13/09/2026 09:07:10 Statistics             events    Transmit/ RawEquiv ( saved)
13/09/2026 09:07:10  FramebufferUpdate   :   1587 |         0/        0 (  0.0%)
13/09/2026 09:07:10  ZRLE                :   1587 |    102703/ 20188000 ( 99.5%)
13/09/2026 09:07:10  ServerIdentify      :      1 |        42/       42 (  0.0%)
13/09/2026 09:07:10  SupportedEncoding   :      1 |        96/       96 (  0.0%)
13/09/2026 09:07:10  SupportedMessage    :      1 |        76/       76 (  0.0%)
13/09/2026 09:07:10  PointerPos          :      1 |        12/       12 (  0.0%)
13/09/2026 09:07:10  RichCursor          :      1 |       255/      255 (  0.0%)
13/09/2026 09:07:10  ExtendedDesktopSize :      1 |        32/       32 (  0.0%)
13/09/2026 09:07:10  TOTALS              :   3180 |    103216/ 20188513 ( 99.5%)
13/09/2026 09:07:10 Statistics             events    Received/ RawEquiv ( saved)
13/09/2026 09:07:10  FramebufferUpdate   :   1588 |     15880/    15880 (  0.0%)
13/09/2026 09:07:10  SetEncodings        :      1 |        60/       60 (  0.0%)
13/09/2026 09:07:10  SetPixelFormat      :      1 |        20/       20 (  0.0%)
13/09/2026 09:07:10  TOTALS              :   1590 |     15960/    15960 (  0.0%)
