-- The C compiler identification is AppleClang 21.0.0.21000101
-- The CXX compiler identification is AppleClang 21.0.0.21000101
-- Detecting C compiler ABI info
-- Detecting C compiler ABI info - done
-- Check for working C compiler: /usr/bin/cc - skipped
-- Detecting C compile features
-- Detecting C compile features - done
-- Detecting CXX compiler ABI info
-- Detecting CXX compiler ABI info - done
-- Check for working CXX compiler: /usr/bin/c++ - skipped
-- Detecting CXX compile features
-- Detecting CXX compile features - done
-- Performing Test COMPILER_SUPPORTS_NO_UNDEFINED_VAR_TEMPLATE
-- Performing Test COMPILER_SUPPORTS_NO_UNDEFINED_VAR_TEMPLATE - Success
-- *** CEF CONFIGURATION SETTINGS ***
-- Generator:                    Unix Makefiles
-- Platform:                     Darwin
-- Project architecture:         arm64
-- Build type:                   Release
-- Binary distribution root:     /Users/jaco/Documents/VeeZee/weave/experiments/rfb-spike/.build/cef_binary_152.0.6+g708dc14+chromium-152.0.7977.83_macosarm64_minimal
-- Base SDK:                     
-- Target SDK:                   12.0
-- CEF sandbox:                  OFF
-- CEF installer mode:           OFF
-- Standard libraries:           -lpthread;-framework AppKit;-framework Cocoa;-framework IOSurface
-- Compile defines:              __STDC_CONSTANT_MACROS;__STDC_FORMAT_MACROS
-- Compile defines (Debug):      
-- Compile defines (Release):    
-- C compile flags:              -fno-strict-aliasing;-fstack-protector;-funwind-tables;-fvisibility=hidden;-Wall;-Werror;-Wextra;-Wendif-labels;-Wnewline-eof;-Wno-missing-field-initializers;-Wno-unused-parameter;-mmacosx-version-min=12.0 -std=c99
-- C compile flags (Debug):      -O0;-g 
-- C compile flags (Release):    -O3 
-- C++ compile flags:            -fno-strict-aliasing;-fstack-protector;-funwind-tables;-fvisibility=hidden;-Wall;-Werror;-Wextra;-Wendif-labels;-Wnewline-eof;-Wno-missing-field-initializers;-Wno-unused-parameter;-mmacosx-version-min=12.0 -fno-exceptions;-fno-rtti;-fno-threadsafe-statics;-fobjc-call-cxx-cdtors;-fvisibility-inlines-hidden;-std=c++20;-Wno-narrowing;-Wsign-compare;-Wno-undefined-var-template
-- C++ compile flags (Debug):    -O0;-g 
-- C++ compile flags (Release):  -O3 
-- Exe link flags:               -Wl,-search_paths_first;-Wl,-ObjC;-Wl,-pie 
-- Exe link flags (Debug):        
-- Exe link flags (Release):     -Wl,-dead_strip 
-- Shared link flags:            -Wl,-search_paths_first;-Wl,-ObjC;-Wl,-pie 
-- Shared link flags (Debug):     
-- Shared link flags (Release):  -Wl,-dead_strip 
-- Configuring done (0.6s)
-- Generating done (0.0s)
-- Build files have been written to: /Users/jaco/Documents/VeeZee/weave/experiments/rfb-spike/.build/cef-wrapper-mac
[  0%] Building CXX object libcef_dll_wrapper/CMakeFiles/libcef_dll_wrapper.dir/shutdown_checker.cc.o
[  0%] Building CXX object libcef_dll_wrapper/CMakeFiles/libcef_dll_wrapper.dir/transfer_util.cc.o
[  0%] Building CXX object libcef_dll_wrapper/CMakeFiles/libcef_dll_wrapper.dir/base/cef_callback_helpers.cc.o
[  1%] Building CXX object libcef_dll_wrapper/CMakeFiles/libcef_dll_wrapper.dir/base/cef_atomic_flag.cc.o
[  1%] Building CXX object libcef_dll_wrapper/CMakeFiles/libcef_dll_wrapper.dir/base/cef_dump_without_crashing.cc.o
[  2%] Building CXX object libcef_dll_wrapper/CMakeFiles/libcef_dll_wrapper.dir/base/cef_callback_internal.cc.o
[  3%] Building CXX object libcef_dll_wrapper/CMakeFiles/libcef_dll_wrapper.dir/base/cef_lock.cc.o
[  3%] Building CXX object libcef_dll_wrapper/CMakeFiles/libcef_dll_wrapper.dir/base/cef_lock_impl.cc.o
[  4%] Building CXX object libcef_dll_wrapper/CMakeFiles/libcef_dll_wrapper.dir/base/cef_logging.cc.o
[  4%] Building CXX object libcef_dll_wrapper/CMakeFiles/libcef_dll_wrapper.dir/base/cef_ref_counted.cc.o
[  5%] Building CXX object libcef_dll_wrapper/CMakeFiles/libcef_dll_wrapper.dir/base/cef_thread_checker_impl.cc.o
[  5%] Building CXX object libcef_dll_wrapper/CMakeFiles/libcef_dll_wrapper.dir/base/cef_weak_ptr.cc.o
[  6%] Building CXX object libcef_dll_wrapper/CMakeFiles/libcef_dll_wrapper.dir/cpptoc/accessibility_handler_cpptoc.cc.o
[  6%] Building CXX object libcef_dll_wrapper/CMakeFiles/libcef_dll_wrapper.dir/cpptoc/app_cpptoc.cc.o
[  7%] Building CXX object libcef_dll_wrapper/CMakeFiles/libcef_dll_wrapper.dir/cpptoc/audio_handler_cpptoc.cc.o
[  7%] Building CXX object libcef_dll_wrapper/CMakeFiles/libcef_dll_wrapper.dir/cpptoc/base_ref_counted_cpptoc.cc.o
[  7%] Building CXX object libcef_dll_wrapper/CMakeFiles/libcef_dll_wrapper.dir/cpptoc/base_scoped_cpptoc.cc.o
[  8%] Building CXX object libcef_dll_wrapper/CMakeFiles/libcef_dll_wrapper.dir/cpptoc/browser_process_handler_cpptoc.cc.o
[  8%] Building CXX object libcef_dll_wrapper/CMakeFiles/libcef_dll_wrapper.dir/cpptoc/client_cpptoc.cc.o
[  9%] Building CXX object libcef_dll_wrapper/CMakeFiles/libcef_dll_wrapper.dir/cpptoc/command_handler_cpptoc.cc.o
[  9%] Building CXX object libcef_dll_wrapper/CMakeFiles/libcef_dll_wrapper.dir/cpptoc/completion_callback_cpptoc.cc.o
[ 10%] Building CXX object libcef_dll_wrapper/CMakeFiles/libcef_dll_wrapper.dir/cpptoc/component_update_callback_cpptoc.cc.o
[ 10%] Building CXX object libcef_dll_wrapper/CMakeFiles/libcef_dll_wrapper.dir/cpptoc/context_menu_handler_cpptoc.cc.o
[ 11%] Building CXX object libcef_dll_wrapper/CMakeFiles/libcef_dll_wrapper.dir/cpptoc/cookie_access_filter_cpptoc.cc.o
[ 11%] Building CXX object libcef_dll_wrapper/CMakeFiles/libcef_dll_wrapper.dir/cpptoc/cookie_visitor_cpptoc.cc.o
[ 12%] Building CXX object libcef_dll_wrapper/CMakeFiles/libcef_dll_wrapper.dir/cpptoc/delete_cookies_callback_cpptoc.cc.o
[ 12%] Building CXX object libcef_dll_wrapper/CMakeFiles/libcef_dll_wrapper.dir/cpptoc/dev_tools_message_observer_cpptoc.cc.o
[ 13%] Building CXX object libcef_dll_wrapper/CMakeFiles/libcef_dll_wrapper.dir/cpptoc/dialog_handler_cpptoc.cc.o
[ 13%] Building CXX object libcef_dll_wrapper/CMakeFiles/libcef_dll_wrapper.dir/cpptoc/display_handler_cpptoc.cc.o
[ 14%] Building CXX object libcef_dll_wrapper/CMakeFiles/libcef_dll_wrapper.dir/cpptoc/domvisitor_cpptoc.cc.o
[ 14%] Building CXX object libcef_dll_wrapper/CMakeFiles/libcef_dll_wrapper.dir/cpptoc/download_handler_cpptoc.cc.o
[ 14%] Building CXX object libcef_dll_wrapper/CMakeFiles/libcef_dll_wrapper.dir/cpptoc/download_image_callback_cpptoc.cc.o
[ 15%] Building CXX object libcef_dll_wrapper/CMakeFiles/libcef_dll_wrapper.dir/cpptoc/drag_handler_cpptoc.cc.o
[ 15%] Building CXX object libcef_dll_wrapper/CMakeFiles/libcef_dll_wrapper.dir/cpptoc/end_tracing_callback_cpptoc.cc.o
[ 16%] Building CXX object libcef_dll_wrapper/CMakeFiles/libcef_dll_wrapper.dir/cpptoc/find_handler_cpptoc.cc.o
[ 16%] Building CXX object libcef_dll_wrapper/CMakeFiles/libcef_dll_wrapper.dir/cpptoc/focus_handler_cpptoc.cc.o
[ 17%] Building CXX object libcef_dll_wrapper/CMakeFiles/libcef_dll_wrapper.dir/cpptoc/frame_handler_cpptoc.cc.o
[ 17%] Building CXX object libcef_dll_wrapper/CMakeFiles/libcef_dll_wrapper.dir/cpptoc/jsdialog_handler_cpptoc.cc.o
[ 18%] Building CXX object libcef_dll_wrapper/CMakeFiles/libcef_dll_wrapper.dir/cpptoc/keyboard_handler_cpptoc.cc.o
[ 18%] Building CXX object libcef_dll_wrapper/CMakeFiles/libcef_dll_wrapper.dir/cpptoc/life_span_handler_cpptoc.cc.o
[ 19%] Building CXX object libcef_dll_wrapper/CMakeFiles/libcef_dll_wrapper.dir/cpptoc/load_handler_cpptoc.cc.o
[ 19%] Building CXX object libcef_dll_wrapper/CMakeFiles/libcef_dll_wrapper.dir/cpptoc/media_observer_cpptoc.cc.o
[ 20%] Building CXX object libcef_dll_wrapper/CMakeFiles/libcef_dll_wrapper.dir/cpptoc/media_route_create_callback_cpptoc.cc.o
[ 20%] Building CXX object libcef_dll_wrapper/CMakeFiles/libcef_dll_wrapper.dir/cpptoc/media_sink_device_info_callback_cpptoc.cc.o
[ 21%] Building CXX object libcef_dll_wrapper/CMakeFiles/libcef_dll_wrapper.dir/cpptoc/menu_model_delegate_cpptoc.cc.o
[ 21%] Building CXX object libcef_dll_wrapper/CMakeFiles/libcef_dll_wrapper.dir/cpptoc/navigation_entry_visitor_cpptoc.cc.o
[ 21%] Building CXX object libcef_dll_wrapper/CMakeFiles/libcef_dll_wrapper.dir/cpptoc/pdf_print_callback_cpptoc.cc.o
[ 22%] Building CXX object libcef_dll_wrapper/CMakeFiles/libcef_dll_wrapper.dir/cpptoc/permission_handler_cpptoc.cc.o
[ 22%] Building CXX object libcef_dll_wrapper/CMakeFiles/libcef_dll_wrapper.dir/cpptoc/preference_observer_cpptoc.cc.o
[ 23%] Building CXX object libcef_dll_wrapper/CMakeFiles/libcef_dll_wrapper.dir/cpptoc/print_handler_cpptoc.cc.o
[ 23%] Building CXX object libcef_dll_wrapper/CMakeFiles/libcef_dll_wrapper.dir/cpptoc/read_handler_cpptoc.cc.o
[ 24%] Building CXX object libcef_dll_wrapper/CMakeFiles/libcef_dll_wrapper.dir/cpptoc/render_handler_cpptoc.cc.o
[ 24%] Building CXX object libcef_dll_wrapper/CMakeFiles/libcef_dll_wrapper.dir/cpptoc/render_process_handler_cpptoc.cc.o
[ 25%] Building CXX object libcef_dll_wrapper/CMakeFiles/libcef_dll_wrapper.dir/cpptoc/request_context_handler_cpptoc.cc.o
[ 25%] Building CXX object libcef_dll_wrapper/CMakeFiles/libcef_dll_wrapper.dir/cpptoc/request_handler_cpptoc.cc.o
[ 26%] Building CXX object libcef_dll_wrapper/CMakeFiles/libcef_dll_wrapper.dir/cpptoc/resolve_callback_cpptoc.cc.o
[ 26%] Building CXX object libcef_dll_wrapper/CMakeFiles/libcef_dll_wrapper.dir/cpptoc/resource_bundle_handler_cpptoc.cc.o
[ 27%] Building CXX object libcef_dll_wrapper/CMakeFiles/libcef_dll_wrapper.dir/cpptoc/resource_handler_cpptoc.cc.o
[ 27%] Building CXX object libcef_dll_wrapper/CMakeFiles/libcef_dll_wrapper.dir/cpptoc/resource_request_handler_cpptoc.cc.o
[ 28%] Building CXX object libcef_dll_wrapper/CMakeFiles/libcef_dll_wrapper.dir/cpptoc/response_filter_cpptoc.cc.o
[ 28%] Building CXX object libcef_dll_wrapper/CMakeFiles/libcef_dll_wrapper.dir/cpptoc/run_file_dialog_callback_cpptoc.cc.o
[ 28%] Building CXX object libcef_dll_wrapper/CMakeFiles/libcef_dll_wrapper.dir/cpptoc/scheme_handler_factory_cpptoc.cc.o
[ 29%] Building CXX object libcef_dll_wrapper/CMakeFiles/libcef_dll_wrapper.dir/cpptoc/server_handler_cpptoc.cc.o
[ 29%] Building CXX object libcef_dll_wrapper/CMakeFiles/libcef_dll_wrapper.dir/cpptoc/set_cookie_callback_cpptoc.cc.o
[ 30%] Building CXX object libcef_dll_wrapper/CMakeFiles/libcef_dll_wrapper.dir/cpptoc/setting_observer_cpptoc.cc.o
[ 30%] Building CXX object libcef_dll_wrapper/CMakeFiles/libcef_dll_wrapper.dir/cpptoc/string_visitor_cpptoc.cc.o
[ 31%] Building CXX object libcef_dll_wrapper/CMakeFiles/libcef_dll_wrapper.dir/cpptoc/task_cpptoc.cc.o
[ 31%] Building CXX object libcef_dll_wrapper/CMakeFiles/libcef_dll_wrapper.dir/cpptoc/urlrequest_client_cpptoc.cc.o
[ 32%] Building CXX object libcef_dll_wrapper/CMakeFiles/libcef_dll_wrapper.dir/cpptoc/v8_accessor_cpptoc.cc.o
[ 32%] Building CXX object libcef_dll_wrapper/CMakeFiles/libcef_dll_wrapper.dir/cpptoc/v8_array_buffer_release_callback_cpptoc.cc.o
[ 33%] Building CXX object libcef_dll_wrapper/CMakeFiles/libcef_dll_wrapper.dir/cpptoc/v8_handler_cpptoc.cc.o
[ 33%] Building CXX object libcef_dll_wrapper/CMakeFiles/libcef_dll_wrapper.dir/cpptoc/v8_interceptor_cpptoc.cc.o
[ 34%] Building CXX object libcef_dll_wrapper/CMakeFiles/libcef_dll_wrapper.dir/cpptoc/write_handler_cpptoc.cc.o
[ 34%] Building CXX object libcef_dll_wrapper/CMakeFiles/libcef_dll_wrapper.dir/cpptoc/test/api_version_test_ref_ptr_client_child_cpptoc.cc.o
[ 35%] Building CXX object libcef_dll_wrapper/CMakeFiles/libcef_dll_wrapper.dir/cpptoc/test/api_version_test_ref_ptr_client_child_v2_cpptoc.cc.o
[ 35%] Building CXX object libcef_dll_wrapper/CMakeFiles/libcef_dll_wrapper.dir/cpptoc/test/api_version_test_ref_ptr_client_cpptoc.cc.o
[ 35%] Building CXX object libcef_dll_wrapper/CMakeFiles/libcef_dll_wrapper.dir/cpptoc/test/api_version_test_scoped_client_child_cpptoc.cc.o
[ 36%] Building CXX object libcef_dll_wrapper/CMakeFiles/libcef_dll_wrapper.dir/cpptoc/test/api_version_test_scoped_client_child_v2_cpptoc.cc.o
[ 36%] Building CXX object libcef_dll_wrapper/CMakeFiles/libcef_dll_wrapper.dir/cpptoc/test/api_version_test_scoped_client_cpptoc.cc.o
[ 37%] Building CXX object libcef_dll_wrapper/CMakeFiles/libcef_dll_wrapper.dir/cpptoc/test/test_server_handler_cpptoc.cc.o
[ 37%] Building CXX object libcef_dll_wrapper/CMakeFiles/libcef_dll_wrapper.dir/cpptoc/test/translator_test_ref_ptr_client_child_cpptoc.cc.o
[ 38%] Building CXX object libcef_dll_wrapper/CMakeFiles/libcef_dll_wrapper.dir/cpptoc/test/translator_test_ref_ptr_client_cpptoc.cc.o
[ 38%] Building CXX object libcef_dll_wrapper/CMakeFiles/libcef_dll_wrapper.dir/cpptoc/test/translator_test_scoped_client_child_cpptoc.cc.o
[ 39%] Building CXX object libcef_dll_wrapper/CMakeFiles/libcef_dll_wrapper.dir/cpptoc/test/translator_test_scoped_client_cpptoc.cc.o
[ 39%] Building CXX object libcef_dll_wrapper/CMakeFiles/libcef_dll_wrapper.dir/cpptoc/views/browser_view_delegate_cpptoc.cc.o
[ 40%] Building CXX object libcef_dll_wrapper/CMakeFiles/libcef_dll_wrapper.dir/cpptoc/views/button_delegate_cpptoc.cc.o
[ 40%] Building CXX object libcef_dll_wrapper/CMakeFiles/libcef_dll_wrapper.dir/cpptoc/views/menu_button_delegate_cpptoc.cc.o
[ 41%] Building CXX object libcef_dll_wrapper/CMakeFiles/libcef_dll_wrapper.dir/cpptoc/views/panel_delegate_cpptoc.cc.o
[ 41%] Building CXX object libcef_dll_wrapper/CMakeFiles/libcef_dll_wrapper.dir/cpptoc/views/textfield_delegate_cpptoc.cc.o
[ 42%] Building CXX object libcef_dll_wrapper/CMakeFiles/libcef_dll_wrapper.dir/cpptoc/views/view_delegate_cpptoc.cc.o
[ 42%] Building CXX object libcef_dll_wrapper/CMakeFiles/libcef_dll_wrapper.dir/cpptoc/views/window_delegate_cpptoc.cc.o
[ 42%] Building CXX object libcef_dll_wrapper/CMakeFiles/libcef_dll_wrapper.dir/ctocpp/auth_callback_ctocpp.cc.o
[ 43%] Building CXX object libcef_dll_wrapper/CMakeFiles/libcef_dll_wrapper.dir/ctocpp/before_download_callback_ctocpp.cc.o
[ 43%] Building CXX object libcef_dll_wrapper/CMakeFiles/libcef_dll_wrapper.dir/ctocpp/binary_value_ctocpp.cc.o
[ 44%] Building CXX object libcef_dll_wrapper/CMakeFiles/libcef_dll_wrapper.dir/ctocpp/browser_ctocpp.cc.o
[ 44%] Building CXX object libcef_dll_wrapper/CMakeFiles/libcef_dll_wrapper.dir/ctocpp/browser_host_ctocpp.cc.o
[ 45%] Building CXX object libcef_dll_wrapper/CMakeFiles/libcef_dll_wrapper.dir/ctocpp/callback_ctocpp.cc.o
[ 45%] Building CXX object libcef_dll_wrapper/CMakeFiles/libcef_dll_wrapper.dir/ctocpp/command_line_ctocpp.cc.o
[ 46%] Building CXX object libcef_dll_wrapper/CMakeFiles/libcef_dll_wrapper.dir/ctocpp/component_ctocpp.cc.o
[ 46%] Building CXX object libcef_dll_wrapper/CMakeFiles/libcef_dll_wrapper.dir/ctocpp/component_updater_ctocpp.cc.o
[ 47%] Building CXX object libcef_dll_wrapper/CMakeFiles/libcef_dll_wrapper.dir/ctocpp/context_menu_params_ctocpp.cc.o
[ 47%] Building CXX object libcef_dll_wrapper/CMakeFiles/libcef_dll_wrapper.dir/ctocpp/cookie_manager_ctocpp.cc.o
[ 48%] Building CXX object libcef_dll_wrapper/CMakeFiles/libcef_dll_wrapper.dir/ctocpp/dictionary_value_ctocpp.cc.o
[ 48%] Building CXX object libcef_dll_wrapper/CMakeFiles/libcef_dll_wrapper.dir/ctocpp/domdocument_ctocpp.cc.o
[ 49%] Building CXX object libcef_dll_wrapper/CMakeFiles/libcef_dll_wrapper.dir/ctocpp/domnode_ctocpp.cc.o
[ 49%] Building CXX object libcef_dll_wrapper/CMakeFiles/libcef_dll_wrapper.dir/ctocpp/download_item_callback_ctocpp.cc.o
[ 50%] Building CXX object libcef_dll_wrapper/CMakeFiles/libcef_dll_wrapper.dir/ctocpp/download_item_ctocpp.cc.o
[ 50%] Building CXX object libcef_dll_wrapper/CMakeFiles/libcef_dll_wrapper.dir/ctocpp/drag_data_ctocpp.cc.o
[ 50%] Building CXX object libcef_dll_wrapper/CMakeFiles/libcef_dll_wrapper.dir/ctocpp/file_dialog_callback_ctocpp.cc.o
[ 51%] Building CXX object libcef_dll_wrapper/CMakeFiles/libcef_dll_wrapper.dir/ctocpp/frame_ctocpp.cc.o
[ 51%] Building CXX object libcef_dll_wrapper/CMakeFiles/libcef_dll_wrapper.dir/ctocpp/image_ctocpp.cc.o
[ 52%] Building CXX object libcef_dll_wrapper/CMakeFiles/libcef_dll_wrapper.dir/ctocpp/jsdialog_callback_ctocpp.cc.o
[ 52%] Building CXX object libcef_dll_wrapper/CMakeFiles/libcef_dll_wrapper.dir/ctocpp/list_value_ctocpp.cc.o
[ 53%] Building CXX object libcef_dll_wrapper/CMakeFiles/libcef_dll_wrapper.dir/ctocpp/media_access_callback_ctocpp.cc.o
[ 53%] Building CXX object libcef_dll_wrapper/CMakeFiles/libcef_dll_wrapper.dir/ctocpp/media_route_ctocpp.cc.o
[ 54%] Building CXX object libcef_dll_wrapper/CMakeFiles/libcef_dll_wrapper.dir/ctocpp/media_router_ctocpp.cc.o
[ 54%] Building CXX object libcef_dll_wrapper/CMakeFiles/libcef_dll_wrapper.dir/ctocpp/media_sink_ctocpp.cc.o
[ 55%] Building CXX object libcef_dll_wrapper/CMakeFiles/libcef_dll_wrapper.dir/ctocpp/media_source_ctocpp.cc.o
[ 55%] Building CXX object libcef_dll_wrapper/CMakeFiles/libcef_dll_wrapper.dir/ctocpp/menu_model_ctocpp.cc.o
[ 56%] Building CXX object libcef_dll_wrapper/CMakeFiles/libcef_dll_wrapper.dir/ctocpp/navigation_entry_ctocpp.cc.o
[ 56%] Building CXX object libcef_dll_wrapper/CMakeFiles/libcef_dll_wrapper.dir/ctocpp/permission_prompt_callback_ctocpp.cc.o
[ 57%] Building CXX object libcef_dll_wrapper/CMakeFiles/libcef_dll_wrapper.dir/ctocpp/post_data_ctocpp.cc.o
[ 57%] Building CXX object libcef_dll_wrapper/CMakeFiles/libcef_dll_wrapper.dir/ctocpp/post_data_element_ctocpp.cc.o
[ 57%] Building CXX object libcef_dll_wrapper/CMakeFiles/libcef_dll_wrapper.dir/ctocpp/preference_manager_ctocpp.cc.o
[ 58%] Building CXX object libcef_dll_wrapper/CMakeFiles/libcef_dll_wrapper.dir/ctocpp/preference_registrar_ctocpp.cc.o
[ 58%] Building CXX object libcef_dll_wrapper/CMakeFiles/libcef_dll_wrapper.dir/ctocpp/print_dialog_callback_ctocpp.cc.o
[ 59%] Building CXX object libcef_dll_wrapper/CMakeFiles/libcef_dll_wrapper.dir/ctocpp/print_job_callback_ctocpp.cc.o
[ 59%] Building CXX object libcef_dll_wrapper/CMakeFiles/libcef_dll_wrapper.dir/ctocpp/print_settings_ctocpp.cc.o
[ 60%] Building CXX object libcef_dll_wrapper/CMakeFiles/libcef_dll_wrapper.dir/ctocpp/process_message_ctocpp.cc.o
[ 60%] Building CXX object libcef_dll_wrapper/CMakeFiles/libcef_dll_wrapper.dir/ctocpp/registration_ctocpp.cc.o
[ 61%] Building CXX object libcef_dll_wrapper/CMakeFiles/libcef_dll_wrapper.dir/ctocpp/request_context_ctocpp.cc.o
[ 61%] Building CXX object libcef_dll_wrapper/CMakeFiles/libcef_dll_wrapper.dir/ctocpp/request_ctocpp.cc.o
[ 62%] Building CXX object libcef_dll_wrapper/CMakeFiles/libcef_dll_wrapper.dir/ctocpp/resource_bundle_ctocpp.cc.o
[ 62%] Building CXX object libcef_dll_wrapper/CMakeFiles/libcef_dll_wrapper.dir/ctocpp/resource_read_callback_ctocpp.cc.o
[ 63%] Building CXX object libcef_dll_wrapper/CMakeFiles/libcef_dll_wrapper.dir/ctocpp/resource_skip_callback_ctocpp.cc.o
[ 64%] Building CXX object libcef_dll_wrapper/CMakeFiles/libcef_dll_wrapper.dir/ctocpp/response_ctocpp.cc.o
[ 64%] Building CXX object libcef_dll_wrapper/CMakeFiles/libcef_dll_wrapper.dir/ctocpp/run_context_menu_callback_ctocpp.cc.o
[ 64%] Building CXX object libcef_dll_wrapper/CMakeFiles/libcef_dll_wrapper.dir/ctocpp/run_quick_menu_callback_ctocpp.cc.o
[ 64%] Building CXX object libcef_dll_wrapper/CMakeFiles/libcef_dll_wrapper.dir/ctocpp/scheme_registrar_ctocpp.cc.o
[ 65%] Building CXX object libcef_dll_wrapper/CMakeFiles/libcef_dll_wrapper.dir/ctocpp/select_client_certificate_callback_ctocpp.cc.o
[ 65%] Building CXX object libcef_dll_wrapper/CMakeFiles/libcef_dll_wrapper.dir/ctocpp/server_ctocpp.cc.o
[ 66%] Building CXX object libcef_dll_wrapper/CMakeFiles/libcef_dll_wrapper.dir/ctocpp/shared_memory_region_ctocpp.cc.o
[ 66%] Building CXX object libcef_dll_wrapper/CMakeFiles/libcef_dll_wrapper.dir/ctocpp/shared_process_message_builder_ctocpp.cc.o
[ 67%] Building CXX object libcef_dll_wrapper/CMakeFiles/libcef_dll_wrapper.dir/ctocpp/sslinfo_ctocpp.cc.o
[ 67%] Building CXX object libcef_dll_wrapper/CMakeFiles/libcef_dll_wrapper.dir/ctocpp/sslstatus_ctocpp.cc.o
[ 68%] Building CXX object libcef_dll_wrapper/CMakeFiles/libcef_dll_wrapper.dir/ctocpp/stream_reader_ctocpp.cc.o
[ 68%] Building CXX object libcef_dll_wrapper/CMakeFiles/libcef_dll_wrapper.dir/ctocpp/stream_writer_ctocpp.cc.o
[ 68%] Building CXX object libcef_dll_wrapper/CMakeFiles/libcef_dll_wrapper.dir/ctocpp/task_runner_ctocpp.cc.o
[ 69%] Building CXX object libcef_dll_wrapper/CMakeFiles/libcef_dll_wrapper.dir/ctocpp/task_manager_ctocpp.cc.o
[ 70%] Building CXX object libcef_dll_wrapper/CMakeFiles/libcef_dll_wrapper.dir/ctocpp/thread_ctocpp.cc.o
[ 70%] Building CXX object libcef_dll_wrapper/CMakeFiles/libcef_dll_wrapper.dir/ctocpp/unresponsive_process_callback_ctocpp.cc.o
[ 71%] Building CXX object libcef_dll_wrapper/CMakeFiles/libcef_dll_wrapper.dir/ctocpp/urlrequest_ctocpp.cc.o
[ 71%] Building CXX object libcef_dll_wrapper/CMakeFiles/libcef_dll_wrapper.dir/ctocpp/v8_backing_store_ctocpp.cc.o
[ 71%] Building CXX object libcef_dll_wrapper/CMakeFiles/libcef_dll_wrapper.dir/ctocpp/v8_context_ctocpp.cc.o
[ 72%] Building CXX object libcef_dll_wrapper/CMakeFiles/libcef_dll_wrapper.dir/ctocpp/v8_exception_ctocpp.cc.o
[ 72%] Building CXX object libcef_dll_wrapper/CMakeFiles/libcef_dll_wrapper.dir/ctocpp/v8_stack_frame_ctocpp.cc.o
[ 73%] Building CXX object libcef_dll_wrapper/CMakeFiles/libcef_dll_wrapper.dir/ctocpp/v8_stack_trace_ctocpp.cc.o
[ 73%] Building CXX object libcef_dll_wrapper/CMakeFiles/libcef_dll_wrapper.dir/ctocpp/v8_value_ctocpp.cc.o
[ 74%] Building CXX object libcef_dll_wrapper/CMakeFiles/libcef_dll_wrapper.dir/ctocpp/value_ctocpp.cc.o
[ 74%] Building CXX object libcef_dll_wrapper/CMakeFiles/libcef_dll_wrapper.dir/ctocpp/waitable_event_ctocpp.cc.o
[ 75%] Building CXX object libcef_dll_wrapper/CMakeFiles/libcef_dll_wrapper.dir/ctocpp/x509_cert_principal_ctocpp.cc.o
[ 75%] Building CXX object libcef_dll_wrapper/CMakeFiles/libcef_dll_wrapper.dir/ctocpp/x509_certificate_ctocpp.cc.o
[ 76%] Building CXX object libcef_dll_wrapper/CMakeFiles/libcef_dll_wrapper.dir/ctocpp/xml_reader_ctocpp.cc.o
[ 76%] Building CXX object libcef_dll_wrapper/CMakeFiles/libcef_dll_wrapper.dir/ctocpp/zip_reader_ctocpp.cc.o
[ 77%] Building CXX object libcef_dll_wrapper/CMakeFiles/libcef_dll_wrapper.dir/ctocpp/test/api_version_test_ctocpp.cc.o
[ 77%] Building CXX object libcef_dll_wrapper/CMakeFiles/libcef_dll_wrapper.dir/ctocpp/test/api_version_test_ref_ptr_library_child_child_ctocpp.cc.o
[ 78%] Building CXX object libcef_dll_wrapper/CMakeFiles/libcef_dll_wrapper.dir/ctocpp/test/api_version_test_ref_ptr_library_child_child_v1_ctocpp.cc.o
[ 78%] Building CXX object libcef_dll_wrapper/CMakeFiles/libcef_dll_wrapper.dir/ctocpp/test/api_version_test_ref_ptr_library_child_child_v2_ctocpp.cc.o
[ 78%] Building CXX object libcef_dll_wrapper/CMakeFiles/libcef_dll_wrapper.dir/ctocpp/test/api_version_test_ref_ptr_library_child_ctocpp.cc.o
[ 79%] Building CXX object libcef_dll_wrapper/CMakeFiles/libcef_dll_wrapper.dir/ctocpp/test/api_version_test_ref_ptr_library_ctocpp.cc.o
[ 79%] Building CXX object libcef_dll_wrapper/CMakeFiles/libcef_dll_wrapper.dir/ctocpp/test/api_version_test_scoped_library_child_child_ctocpp.cc.o
[ 80%] Building CXX object libcef_dll_wrapper/CMakeFiles/libcef_dll_wrapper.dir/ctocpp/test/api_version_test_scoped_library_child_child_v1_ctocpp.cc.o
[ 80%] Building CXX object libcef_dll_wrapper/CMakeFiles/libcef_dll_wrapper.dir/ctocpp/test/api_version_test_scoped_library_child_child_v2_ctocpp.cc.o
[ 81%] Building CXX object libcef_dll_wrapper/CMakeFiles/libcef_dll_wrapper.dir/ctocpp/test/api_version_test_scoped_library_child_ctocpp.cc.o
[ 81%] Building CXX object libcef_dll_wrapper/CMakeFiles/libcef_dll_wrapper.dir/ctocpp/test/api_version_test_scoped_library_ctocpp.cc.o
[ 82%] Building CXX object libcef_dll_wrapper/CMakeFiles/libcef_dll_wrapper.dir/ctocpp/test/test_server_connection_ctocpp.cc.o
[ 82%] Building CXX object libcef_dll_wrapper/CMakeFiles/libcef_dll_wrapper.dir/ctocpp/test/test_server_ctocpp.cc.o
[ 83%] Building CXX object libcef_dll_wrapper/CMakeFiles/libcef_dll_wrapper.dir/ctocpp/test/translator_test_ctocpp.cc.o
[ 83%] Building CXX object libcef_dll_wrapper/CMakeFiles/libcef_dll_wrapper.dir/ctocpp/test/translator_test_ref_ptr_library_child_child_ctocpp.cc.o
[ 84%] Building CXX object libcef_dll_wrapper/CMakeFiles/libcef_dll_wrapper.dir/ctocpp/test/translator_test_ref_ptr_library_child_ctocpp.cc.o
[ 84%] Building CXX object libcef_dll_wrapper/CMakeFiles/libcef_dll_wrapper.dir/ctocpp/test/translator_test_ref_ptr_library_ctocpp.cc.o
[ 85%] Building CXX object libcef_dll_wrapper/CMakeFiles/libcef_dll_wrapper.dir/ctocpp/test/translator_test_scoped_library_child_child_ctocpp.cc.o
[ 85%] Building CXX object libcef_dll_wrapper/CMakeFiles/libcef_dll_wrapper.dir/ctocpp/test/translator_test_scoped_library_child_ctocpp.cc.o
[ 85%] Building CXX object libcef_dll_wrapper/CMakeFiles/libcef_dll_wrapper.dir/ctocpp/test/translator_test_scoped_library_ctocpp.cc.o
[ 86%] Building CXX object libcef_dll_wrapper/CMakeFiles/libcef_dll_wrapper.dir/ctocpp/views/box_layout_ctocpp.cc.o
[ 86%] Building CXX object libcef_dll_wrapper/CMakeFiles/libcef_dll_wrapper.dir/ctocpp/views/browser_view_ctocpp.cc.o
[ 87%] Building CXX object libcef_dll_wrapper/CMakeFiles/libcef_dll_wrapper.dir/ctocpp/views/button_ctocpp.cc.o
[ 87%] Building CXX object libcef_dll_wrapper/CMakeFiles/libcef_dll_wrapper.dir/ctocpp/views/display_ctocpp.cc.o
[ 88%] Building CXX object libcef_dll_wrapper/CMakeFiles/libcef_dll_wrapper.dir/ctocpp/views/fill_layout_ctocpp.cc.o
[ 88%] Building CXX object libcef_dll_wrapper/CMakeFiles/libcef_dll_wrapper.dir/ctocpp/views/label_button_ctocpp.cc.o
[ 89%] Building CXX object libcef_dll_wrapper/CMakeFiles/libcef_dll_wrapper.dir/ctocpp/views/layout_ctocpp.cc.o
[ 89%] Building CXX object libcef_dll_wrapper/CMakeFiles/libcef_dll_wrapper.dir/ctocpp/views/menu_button_ctocpp.cc.o
[ 90%] Building CXX object libcef_dll_wrapper/CMakeFiles/libcef_dll_wrapper.dir/ctocpp/views/menu_button_pressed_lock_ctocpp.cc.o
[ 90%] Building CXX object libcef_dll_wrapper/CMakeFiles/libcef_dll_wrapper.dir/ctocpp/views/overlay_controller_ctocpp.cc.o
[ 91%] Building CXX object libcef_dll_wrapper/CMakeFiles/libcef_dll_wrapper.dir/ctocpp/views/panel_ctocpp.cc.o
[ 91%] Building CXX object libcef_dll_wrapper/CMakeFiles/libcef_dll_wrapper.dir/ctocpp/views/scroll_view_ctocpp.cc.o
[ 92%] Building CXX object libcef_dll_wrapper/CMakeFiles/libcef_dll_wrapper.dir/ctocpp/views/textfield_ctocpp.cc.o
[ 92%] Building CXX object libcef_dll_wrapper/CMakeFiles/libcef_dll_wrapper.dir/ctocpp/views/view_ctocpp.cc.o
[ 92%] Building CXX object libcef_dll_wrapper/CMakeFiles/libcef_dll_wrapper.dir/ctocpp/views/window_ctocpp.cc.o
[ 93%] Building CXX object libcef_dll_wrapper/CMakeFiles/libcef_dll_wrapper.dir/wrapper/cef_byte_read_handler.cc.o
[ 93%] Building CXX object libcef_dll_wrapper/CMakeFiles/libcef_dll_wrapper.dir/wrapper/cef_closure_task.cc.o
[ 94%] Building CXX object libcef_dll_wrapper/CMakeFiles/libcef_dll_wrapper.dir/wrapper/cef_message_router.cc.o
[ 94%] Building CXX object libcef_dll_wrapper/CMakeFiles/libcef_dll_wrapper.dir/wrapper/cef_message_router_utils.cc.o
[ 95%] Building CXX object libcef_dll_wrapper/CMakeFiles/libcef_dll_wrapper.dir/wrapper/cef_resource_manager.cc.o
[ 95%] Building CXX object libcef_dll_wrapper/CMakeFiles/libcef_dll_wrapper.dir/wrapper/cef_scoped_temp_dir.cc.o
[ 96%] Building CXX object libcef_dll_wrapper/CMakeFiles/libcef_dll_wrapper.dir/wrapper/cef_stream_resource_handler.cc.o
[ 96%] Building CXX object libcef_dll_wrapper/CMakeFiles/libcef_dll_wrapper.dir/wrapper/cef_xml_object.cc.o
[ 97%] Building CXX object libcef_dll_wrapper/CMakeFiles/libcef_dll_wrapper.dir/wrapper/cef_zip_archive.cc.o
[ 97%] Building CXX object libcef_dll_wrapper/CMakeFiles/libcef_dll_wrapper.dir/wrapper/libcef_dll_wrapper.cc.o
[ 98%] Building CXX object libcef_dll_wrapper/CMakeFiles/libcef_dll_wrapper.dir/wrapper/libcef_dll_wrapper2.cc.o
[ 98%] Building CXX object libcef_dll_wrapper/CMakeFiles/libcef_dll_wrapper.dir/wrapper/cef_scoped_library_loader_mac.mm.o
[ 99%] Building CXX object libcef_dll_wrapper/CMakeFiles/libcef_dll_wrapper.dir/wrapper/cef_scoped_sandbox_context_mac.mm.o
[ 99%] Building CXX object libcef_dll_wrapper/CMakeFiles/libcef_dll_wrapper.dir/wrapper/libcef_dll_dylib.cc.o
[100%] Linking CXX static library libcef_dll_wrapper.a
[100%] Built target libcef_dll_wrapper
