13/09/2026 09:11:20 Listening for VNC connections on TCP port 15915

DevTools listening on ws://127.0.0.1:19229/devtools/browser/a2e60227-47ef-4963-b2e3-6f177fa71faa
{"event":"browser-created"}
{"event":"loaded","status":200}
{"event":"paint","count":1,"width":800,"height":600,"dirtyRects":1,"viewers":0}
{"event":"paint","count":61,"width":800,"height":600,"dirtyRects":1,"viewers":0}
{"event":"paint","count":121,"width":800,"height":600,"dirtyRects":1,"viewers":0}
{"event":"paint","count":181,"width":800,"height":600,"dirtyRects":1,"viewers":0}
{"event":"paint","count":241,"width":800,"height":600,"dirtyRects":1,"viewers":0}
{"event":"paint","count":301,"width":800,"height":600,"dirtyRects":1,"viewers":0}
{"event":"paint","count":361,"width":800,"height":600,"dirtyRects":1,"viewers":0}
{"event":"paint","count":421,"width":800,"height":600,"dirtyRects":1,"viewers":0}
{"event":"paint","count":481,"width":800,"height":600,"dirtyRects":1,"viewers":0}
{"event":"paint","count":541,"width":800,"height":600,"dirtyRects":1,"viewers":0}
{"event":"paint","count":601,"width":800,"height":600,"dirtyRects":1,"viewers":0}
{"event":"paint","count":661,"width":800,"height":600,"dirtyRects":1,"viewers":0}
{"event":"paint","count":721,"width":800,"height":600,"dirtyRects":1,"viewers":0}
{"event":"paint","count":781,"width":800,"height":600,"dirtyRects":1,"viewers":0}
{"event":"paint","count":841,"width":800,"height":600,"dirtyRects":1,"viewers":0}
{"event":"paint","count":901,"width":800,"height":600,"dirtyRects":1,"viewers":0}
{"event":"paint","count":961,"width":800,"height":600,"dirtyRects":1,"viewers":0}
{"event":"paint","count":1021,"width":800,"height":600,"dirtyRects":1,"viewers":0}
{"event":"paint","count":1081,"width":800,"height":600,"dirtyRects":1,"viewers":0}
{"event":"paint","count":1141,"width":800,"height":600,"dirtyRects":1,"viewers":0}
{"event":"paint","count":1201,"width":800,"height":600,"dirtyRects":1,"viewers":0}
{"event":"paint","count":1261,"width":800,"height":600,"dirtyRects":1,"viewers":0}
{"event":"paint","count":1321,"width":800,"height":600,"dirtyRects":1,"viewers":0}
{"event":"paint","count":1381,"width":800,"height":600,"dirtyRects":1,"viewers":0}
{"event":"paint","count":1441,"width":800,"height":600,"dirtyRects":1,"viewers":0}
{"event":"paint","count":1501,"width":800,"height":600,"dirtyRects":1,"viewers":0}
{"event":"paint","count":1561,"width":800,"height":600,"dirtyRects":1,"viewers":0}
{"event":"paint","count":1621,"width":800,"height":600,"dirtyRects":1,"viewers":0}
{"event":"paint","count":1681,"width":800,"height":600,"dirtyRects":1,"viewers":0}
{"event":"paint","count":1741,"width":800,"height":600,"dirtyRects":1,"viewers":0}
{"event":"paint","count":1801,"width":800,"height":600,"dirtyRects":1,"viewers":0}
{"event":"paint","count":1861,"width":800,"height":600,"dirtyRects":1,"viewers":0}
{"event":"paint","count":1921,"width":800,"height":600,"dirtyRects":1,"viewers":0}
{"event":"paint","count":1981,"width":800,"height":600,"dirtyRects":1,"viewers":0}
{"event":"paint","count":2041,"width":800,"height":600,"dirtyRects":1,"viewers":0}
{"event":"paint","count":2101,"width":800,"height":600,"dirtyRects":1,"viewers":0}
{"event":"paint","count":2161,"width":800,"height":600,"dirtyRects":1,"viewers":0}
{"event":"paint","count":2221,"width":800,"height":600,"dirtyRects":1,"viewers":0}
{"event":"paint","count":2281,"width":800,"height":600,"dirtyRects":1,"viewers":0}
{"event":"paint","count":2341,"width":800,"height":600,"dirtyRects":1,"viewers":0}
{"event":"paint","count":2401,"width":800,"height":600,"dirtyRects":1,"viewers":0}
{"event":"paint","count":2461,"width":800,"height":600,"dirtyRects":1,"viewers":0}
{"event":"paint","count":2521,"width":800,"height":600,"dirtyRects":1,"viewers":0}
{"event":"paint","count":2581,"width":800,"height":600,"dirtyRects":1,"viewers":0}
{"event":"paint","count":2641,"width":800,"height":600,"dirtyRects":1,"viewers":0}
{"event":"paint","count":2701,"width":800,"height":600,"dirtyRects":1,"viewers":0}
{"event":"paint","count":2761,"width":800,"height":600,"dirtyRects":1,"viewers":0}
{"event":"paint","count":2821,"width":800,"height":600,"dirtyRects":1,"viewers":0}
{"event":"paint","count":2881,"width":800,"height":600,"dirtyRects":1,"viewers":0}
{"event":"paint","count":2941,"width":800,"height":600,"dirtyRects":1,"viewers":0}
{"event":"paint","count":3001,"width":800,"height":600,"dirtyRects":1,"viewers":0}
{"event":"paint","count":3061,"width":800,"height":600,"dirtyRects":1,"viewers":0}
{"event":"paint","count":3121,"width":800,"height":600,"dirtyRects":1,"viewers":0}
{"event":"paint","count":3181,"width":800,"height":600,"dirtyRects":1,"viewers":0}
{"event":"paint","count":3241,"width":800,"height":600,"dirtyRects":1,"viewers":0}
{"event":"paint","count":3301,"width":800,"height":600,"dirtyRects":1,"viewers":0}
{"event":"paint","count":3361,"width":800,"height":600,"dirtyRects":1,"viewers":0}
{"event":"paint","count":3421,"width":800,"height":600,"dirtyRects":1,"viewers":0}
{"event":"paint","count":3481,"width":800,"height":600,"dirtyRects":1,"viewers":0}
{"event":"paint","count":3541,"width":800,"height":600,"dirtyRects":1,"viewers":0}
{"event":"paint","count":3601,"width":800,"height":600,"dirtyRects":1,"viewers":0}
{"event":"paint","count":3661,"width":800,"height":600,"dirtyRects":1,"viewers":0}
{"event":"paint","count":3721,"width":800,"height":600,"dirtyRects":1,"viewers":0}
{"event":"paint","count":3781,"width":800,"height":600,"dirtyRects":1,"viewers":0}
{"event":"paint","count":3841,"width":800,"height":600,"dirtyRects":1,"viewers":0}
{"event":"paint","count":3901,"width":800,"height":600,"dirtyRects":1,"viewers":0}
{"event":"paint","count":3961,"width":800,"height":600,"dirtyRects":1,"viewers":0}
{"event":"paint","count":4021,"width":800,"height":600,"dirtyRects":1,"viewers":0}
{"event":"paint","count":4081,"width":800,"height":600,"dirtyRects":1,"viewers":0}
{"event":"paint","count":4141,"width":800,"height":600,"dirtyRects":1,"viewers":0}
{"event":"paint","count":4201,"width":800,"height":600,"dirtyRects":1,"viewers":0}
{"event":"paint","count":4261,"width":800,"height":600,"dirtyRects":1,"viewers":0}
{"event":"paint","count":4321,"width":800,"height":600,"dirtyRects":1,"viewers":0}
{"event":"paint","count":4381,"width":800,"height":600,"dirtyRects":1,"viewers":0}
{"event":"paint","count":4441,"width":800,"height":600,"dirtyRects":1,"viewers":0}
{"event":"paint","count":4501,"width":800,"height":600,"dirtyRects":1,"viewers":0}
{"event":"paint","count":4561,"width":800,"height":600,"dirtyRects":1,"viewers":0}
{"event":"paint","count":4621,"width":800,"height":600,"dirtyRects":1,"viewers":0}
{"event":"paint","count":4681,"width":800,"height":600,"dirtyRects":1,"viewers":0}
{"event":"paint","count":4741,"width":800,"height":600,"dirtyRects":1,"viewers":0}
{"event":"paint","count":4801,"width":800,"height":600,"dirtyRects":1,"viewers":0}
{"event":"paint","count":4861,"width":800,"height":600,"dirtyRects":1,"viewers":0}
{"event":"paint","count":4921,"width":800,"height":600,"dirtyRects":1,"viewers":0}
{"event":"paint","count":4981,"width":800,"height":600,"dirtyRects":1,"viewers":0}
{"event":"paint","count":5041,"width":800,"height":600,"dirtyRects":1,"viewers":0}
{"event":"paint","count":5101,"width":800,"height":600,"dirtyRects":1,"viewers":0}
{"event":"paint","count":5161,"width":800,"height":600,"dirtyRects":1,"viewers":0}
{"event":"paint","count":5221,"width":800,"height":600,"dirtyRects":1,"viewers":0}
{"event":"paint","count":5281,"width":800,"height":600,"dirtyRects":1,"viewers":0}
{"event":"paint","count":5341,"width":800,"height":600,"dirtyRects":1,"viewers":0}
{"event":"paint","count":5401,"width":800,"height":600,"dirtyRects":1,"viewers":0}
{"event":"paint","count":5461,"width":800,"height":600,"dirtyRects":1,"viewers":0}
{"event":"paint","count":5521,"width":800,"height":600,"dirtyRects":1,"viewers":0}
{"event":"paint","count":5581,"width":800,"height":600,"dirtyRects":1,"viewers":0}
{"event":"paint","count":5641,"width":800,"height":600,"dirtyRects":1,"viewers":0}
{"event":"paint","count":5701,"width":800,"height":600,"dirtyRects":1,"viewers":0}
{"event":"paint","count":5761,"width":800,"height":600,"dirtyRects":1,"viewers":0}
{"event":"paint","count":5821,"width":800,"height":600,"dirtyRects":1,"viewers":0}
{"event":"paint","count":5881,"width":800,"height":600,"dirtyRects":1,"viewers":0}
{"event":"paint","count":5941,"width":800,"height":600,"dirtyRects":1,"viewers":0}
{"event":"paint","count":6001,"width":800,"height":600,"dirtyRects":1,"viewers":0}
{"event":"paint","count":6061,"width":800,"height":600,"dirtyRects":1,"viewers":0}
{"event":"paint","count":6121,"width":800,"height":600,"dirtyRects":1,"viewers":0}
{"event":"paint","count":6181,"width":800,"height":600,"dirtyRects":1,"viewers":0}
{"event":"paint","count":6241,"width":800,"height":600,"dirtyRects":1,"viewers":0}
{"event":"paint","count":6301,"width":800,"height":600,"dirtyRects":1,"viewers":0}
{"event":"paint","count":6361,"width":800,"height":600,"dirtyRects":1,"viewers":0}
{"event":"paint","count":6421,"width":800,"height":600,"dirtyRects":1,"viewers":0}
{"event":"paint","count":6481,"width":800,"height":600,"dirtyRects":1,"viewers":0}
{"event":"paint","count":6541,"width":800,"height":600,"dirtyRects":1,"viewers":0}
{"event":"paint","count":6601,"width":800,"height":600,"dirtyRects":1,"viewers":0}
{"event":"paint","count":6661,"width":800,"height":600,"dirtyRects":1,"viewers":0}
{"event":"paint","count":6721,"width":800,"height":600,"dirtyRects":1,"viewers":0}
{"event":"paint","count":6781,"width":800,"height":600,"dirtyRects":1,"viewers":0}
{"event":"paint","count":6841,"width":800,"height":600,"dirtyRects":1,"viewers":0}
{"event":"paint","count":6901,"width":800,"height":600,"dirtyRects":1,"viewers":0}
{"event":"paint","count":6961,"width":800,"height":600,"dirtyRects":1,"viewers":0}
{"event":"paint","count":7021,"width":800,"height":600,"dirtyRects":1,"viewers":0}
{"event":"paint","count":7081,"width":800,"height":600,"dirtyRects":1,"viewers":0}
{"event":"paint","count":7141,"width":800,"height":600,"dirtyRects":1,"viewers":0}
{"event":"paint","count":7201,"width":800,"height":600,"dirtyRects":1,"viewers":0}
{"event":"paint","count":7261,"width":800,"height":600,"dirtyRects":1,"viewers":0}
{"event":"paint","count":7321,"width":800,"height":600,"dirtyRects":1,"viewers":0}
{"event":"paint","count":7381,"width":800,"height":600,"dirtyRects":1,"viewers":0}
{"event":"paint","count":7441,"width":800,"height":600,"dirtyRects":1,"viewers":0}
{"event":"paint","count":7501,"width":800,"height":600,"dirtyRects":1,"viewers":0}
{"event":"paint","count":7561,"width":800,"height":600,"dirtyRects":1,"viewers":0}
{"event":"paint","count":7621,"width":800,"height":600,"dirtyRects":1,"viewers":0}
{"event":"paint","count":7681,"width":800,"height":600,"dirtyRects":1,"viewers":0}
{"event":"paint","count":7741,"width":800,"height":600,"dirtyRects":1,"viewers":0}
{"event":"paint","count":7801,"width":800,"height":600,"dirtyRects":1,"viewers":0}
{"event":"paint","count":7861,"width":800,"height":600,"dirtyRects":1,"viewers":0}
{"event":"paint","count":7921,"width":800,"height":600,"dirtyRects":1,"viewers":0}
{"event":"paint","count":7981,"width":800,"height":600,"dirtyRects":1,"viewers":0}
{"event":"paint","count":8041,"width":800,"height":600,"dirtyRects":1,"viewers":0}
{"event":"paint","count":8101,"width":800,"height":600,"dirtyRects":1,"viewers":0}
{"event":"paint","count":8161,"width":800,"height":600,"dirtyRects":1,"viewers":0}
{"event":"paint","count":8221,"width":800,"height":600,"dirtyRects":1,"viewers":0}
{"event":"paint","count":8281,"width":800,"height":600,"dirtyRects":1,"viewers":0}
{"event":"paint","count":8341,"width":800,"height":600,"dirtyRects":1,"viewers":0}
{"event":"paint","count":8401,"width":800,"height":600,"dirtyRects":1,"viewers":0}
{"event":"paint","count":8461,"width":800,"height":600,"dirtyRects":1,"viewers":0}
{"event":"paint","count":8521,"width":800,"height":600,"dirtyRects":1,"viewers":0}
{"event":"paint","count":8581,"width":800,"height":600,"dirtyRects":1,"viewers":0}
{"event":"paint","count":8641,"width":800,"height":600,"dirtyRects":1,"viewers":0}
{"event":"paint","count":8701,"width":800,"height":600,"dirtyRects":1,"viewers":0}
{"event":"paint","count":8761,"width":800,"height":600,"dirtyRects":1,"viewers":0}
{"event":"paint","count":8821,"width":800,"height":600,"dirtyRects":1,"viewers":0}
{"event":"paint","count":8881,"width":800,"height":600,"dirtyRects":1,"viewers":0}
{"event":"paint","count":8941,"width":800,"height":600,"dirtyRects":1,"viewers":0}
{"event":"paint","count":9001,"width":800,"height":600,"dirtyRects":1,"viewers":0}
{"event":"paint","count":9061,"width":800,"height":600,"dirtyRects":1,"viewers":0}
{"event":"paint","count":9121,"width":800,"height":600,"dirtyRects":1,"viewers":0}
{"event":"paint","count":9181,"width":800,"height":600,"dirtyRects":1,"viewers":0}
{"event":"paint","count":9241,"width":800,"height":600,"dirtyRects":1,"viewers":0}
{"event":"paint","count":9301,"width":800,"height":600,"dirtyRects":1,"viewers":0}
{"event":"paint","count":9361,"width":800,"height":600,"dirtyRects":1,"viewers":0}
{"event":"paint","count":9421,"width":800,"height":600,"dirtyRects":1,"viewers":0}
{"event":"paint","count":9481,"width":800,"height":600,"dirtyRects":1,"viewers":0}
{"event":"paint","count":9541,"width":800,"height":600,"dirtyRects":1,"viewers":0}
{"event":"paint","count":9601,"width":800,"height":600,"dirtyRects":1,"viewers":0}
{"event":"paint","count":9661,"width":800,"height":600,"dirtyRects":1,"viewers":0}
{"event":"paint","count":9721,"width":800,"height":600,"dirtyRects":1,"viewers":0}
{"event":"paint","count":9781,"width":800,"height":600,"dirtyRects":1,"viewers":0}
{"event":"paint","count":9841,"width":800,"height":600,"dirtyRects":1,"viewers":0}
{"event":"paint","count":9901,"width":800,"height":600,"dirtyRects":1,"viewers":0}
{"event":"paint","count":9961,"width":800,"height":600,"dirtyRects":1,"viewers":0}
{"event":"paint","count":10021,"width":800,"height":600,"dirtyRects":1,"viewers":0}
{"event":"paint","count":10081,"width":800,"height":600,"dirtyRects":1,"viewers":0}
{"event":"paint","count":10141,"width":800,"height":600,"dirtyRects":1,"viewers":0}
{"event":"paint","count":10201,"width":800,"height":600,"dirtyRects":1,"viewers":0}
{"event":"paint","count":10261,"width":800,"height":600,"dirtyRects":1,"viewers":0}
{"event":"paint","count":10321,"width":800,"height":600,"dirtyRects":1,"viewers":0}
{"event":"paint","count":10381,"width":800,"height":600,"dirtyRects":1,"viewers":0}
{"event":"paint","count":10441,"width":800,"height":600,"dirtyRects":1,"viewers":0}
{"event":"paint","count":10501,"width":800,"height":600,"dirtyRects":1,"viewers":0}
{"event":"paint","count":10561,"width":800,"height":600,"dirtyRects":1,"viewers":0}
{"event":"paint","count":10621,"width":800,"height":600,"dirtyRects":1,"viewers":0}
{"event":"paint","count":10681,"width":800,"height":600,"dirtyRects":1,"viewers":0}
{"event":"paint","count":10741,"width":800,"height":600,"dirtyRects":1,"viewers":0}
{"event":"paint","count":10801,"width":800,"height":600,"dirtyRects":1,"viewers":0}
{"event":"paint","count":10861,"width":800,"height":600,"dirtyRects":1,"viewers":0}
{"event":"paint","count":10921,"width":800,"height":600,"dirtyRects":1,"viewers":0}
{"event":"paint","count":10981,"width":800,"height":600,"dirtyRects":1,"viewers":0}
{"event":"paint","count":11041,"width":800,"height":600,"dirtyRects":1,"viewers":0}
{"event":"paint","count":11101,"width":800,"height":600,"dirtyRects":1,"viewers":0}
{"event":"paint","count":11161,"width":800,"height":600,"dirtyRects":1,"viewers":0}
{"event":"paint","count":11221,"width":800,"height":600,"dirtyRects":1,"viewers":0}
{"event":"paint","count":11281,"width":800,"height":600,"dirtyRects":1,"viewers":0}
{"event":"paint","count":11341,"width":800,"height":600,"dirtyRects":1,"viewers":0}
{"event":"paint","count":11401,"width":800,"height":600,"dirtyRects":1,"viewers":0}
{"event":"paint","count":11461,"width":800,"height":600,"dirtyRects":1,"viewers":0}
{"event":"paint","count":11521,"width":800,"height":600,"dirtyRects":1,"viewers":0}
{"event":"paint","count":11581,"width":800,"height":600,"dirtyRects":1,"viewers":0}
{"event":"paint","count":11641,"width":800,"height":600,"dirtyRects":1,"viewers":0}
{"event":"paint","count":11701,"width":800,"height":600,"dirtyRects":1,"viewers":0}
{"event":"paint","count":11761,"width":800,"height":600,"dirtyRects":1,"viewers":0}
{"event":"paint","count":11821,"width":800,"height":600,"dirtyRects":1,"viewers":0}
{"event":"paint","count":11881,"width":800,"height":600,"dirtyRects":1,"viewers":0}
{"event":"paint","count":11941,"width":800,"height":600,"dirtyRects":1,"viewers":0}
{"event":"paint","count":12001,"width":800,"height":600,"dirtyRects":1,"viewers":0}
{"event":"paint","count":12061,"width":800,"height":600,"dirtyRects":1,"viewers":0}
{"event":"paint","count":12121,"width":800,"height":600,"dirtyRects":1,"viewers":0}
{"event":"paint","count":12181,"width":800,"height":600,"dirtyRects":1,"viewers":0}
{"event":"paint","count":12241,"width":800,"height":600,"dirtyRects":1,"viewers":0}
{"event":"paint","count":12301,"width":800,"height":600,"dirtyRects":1,"viewers":0}
{"event":"paint","count":12361,"width":800,"height":600,"dirtyRects":1,"viewers":0}
{"event":"paint","count":12421,"width":800,"height":600,"dirtyRects":1,"viewers":0}
{"event":"paint","count":12481,"width":800,"height":600,"dirtyRects":1,"viewers":0}
{"event":"paint","count":12541,"width":800,"height":600,"dirtyRects":1,"viewers":0}
{"event":"paint","count":12601,"width":800,"height":600,"dirtyRects":1,"viewers":0}
{"event":"paint","count":12661,"width":800,"height":600,"dirtyRects":1,"viewers":0}
{"event":"paint","count":12721,"width":800,"height":600,"dirtyRects":1,"viewers":0}
{"event":"paint","count":12781,"width":800,"height":600,"dirtyRects":1,"viewers":0}
{"event":"paint","count":12841,"width":800,"height":600,"dirtyRects":1,"viewers":0}
{"event":"paint","count":12901,"width":800,"height":600,"dirtyRects":1,"viewers":0}
{"event":"paint","count":12961,"width":800,"height":600,"dirtyRects":1,"viewers":0}
{"event":"paint","count":13021,"width":800,"height":600,"dirtyRects":1,"viewers":0}
{"event":"paint","count":13081,"width":800,"height":600,"dirtyRects":1,"viewers":0}
{"event":"paint","count":13141,"width":800,"height":600,"dirtyRects":1,"viewers":0}
{"event":"paint","count":13201,"width":800,"height":600,"dirtyRects":1,"viewers":0}
{"event":"paint","count":13261,"width":800,"height":600,"dirtyRects":1,"viewers":0}
{"event":"paint","count":13321,"width":800,"height":600,"dirtyRects":1,"viewers":0}
{"event":"paint","count":13381,"width":800,"height":600,"dirtyRects":1,"viewers":0}
{"event":"paint","count":13441,"width":800,"height":600,"dirtyRects":1,"viewers":0}
{"event":"paint","count":13501,"width":800,"height":600,"dirtyRects":1,"viewers":0}
{"event":"paint","count":13561,"width":800,"height":600,"dirtyRects":1,"viewers":0}
{"event":"paint","count":13621,"width":800,"height":600,"dirtyRects":1,"viewers":0}
{"event":"paint","count":13681,"width":800,"height":600,"dirtyRects":1,"viewers":0}
{"event":"paint","count":13741,"width":800,"height":600,"dirtyRects":1,"viewers":0}
{"event":"paint","count":13801,"width":800,"height":600,"dirtyRects":1,"viewers":0}
{"event":"paint","count":13861,"width":800,"height":600,"dirtyRects":1,"viewers":0}
{"event":"paint","count":13921,"width":800,"height":600,"dirtyRects":1,"viewers":0}
{"event":"paint","count":13981,"width":800,"height":600,"dirtyRects":1,"viewers":0}
{"event":"paint","count":14041,"width":800,"height":600,"dirtyRects":1,"viewers":0}
{"event":"paint","count":14101,"width":800,"height":600,"dirtyRects":1,"viewers":0}
{"event":"paint","count":14161,"width":800,"height":600,"dirtyRects":1,"viewers":0}
{"event":"paint","count":14221,"width":800,"height":600,"dirtyRects":1,"viewers":0}
{"event":"paint","count":14281,"width":800,"height":600,"dirtyRects":1,"viewers":0}
{"event":"paint","count":14341,"width":800,"height":600,"dirtyRects":1,"viewers":0}
{"event":"paint","count":14401,"width":800,"height":600,"dirtyRects":1,"viewers":0}
{"event":"paint","count":14461,"width":800,"height":600,"dirtyRects":1,"viewers":0}
{"event":"paint","count":14521,"width":800,"height":600,"dirtyRects":1,"viewers":0}
{"event":"paint","count":14581,"width":800,"height":600,"dirtyRects":1,"viewers":0}
{"event":"paint","count":14641,"width":800,"height":600,"dirtyRects":1,"viewers":0}
{"event":"paint","count":14701,"width":800,"height":600,"dirtyRects":1,"viewers":0}
{"event":"paint","count":14761,"width":800,"height":600,"dirtyRects":1,"viewers":0}
{"event":"paint","count":14821,"width":800,"height":600,"dirtyRects":1,"viewers":0}
{"event":"paint","count":14881,"width":800,"height":600,"dirtyRects":1,"viewers":0}
{"event":"paint","count":14941,"width":800,"height":600,"dirtyRects":1,"viewers":0}
{"event":"paint","count":15001,"width":800,"height":600,"dirtyRects":1,"viewers":0}
{"event":"paint","count":15061,"width":800,"height":600,"dirtyRects":1,"viewers":0}
{"event":"paint","count":15121,"width":800,"height":600,"dirtyRects":1,"viewers":0}
{"event":"paint","count":15181,"width":800,"height":600,"dirtyRects":1,"viewers":0}
{"event":"paint","count":15241,"width":800,"height":600,"dirtyRects":1,"viewers":0}
{"event":"paint","count":15301,"width":800,"height":600,"dirtyRects":1,"viewers":0}
{"event":"paint","count":15361,"width":800,"height":600,"dirtyRects":1,"viewers":0}
{"event":"paint","count":15421,"width":800,"height":600,"dirtyRects":1,"viewers":0}
{"event":"paint","count":15481,"width":800,"height":600,"dirtyRects":1,"viewers":0}
{"event":"paint","count":15541,"width":800,"height":600,"dirtyRects":1,"viewers":0}
{"event":"paint","count":15601,"width":800,"height":600,"dirtyRects":1,"viewers":0}
{"event":"paint","count":15661,"width":800,"height":600,"dirtyRects":1,"viewers":0}
{"event":"paint","count":15721,"width":800,"height":600,"dirtyRects":1,"viewers":0}
{"event":"paint","count":15781,"width":800,"height":600,"dirtyRects":1,"viewers":0}
{"event":"paint","count":15841,"width":800,"height":600,"dirtyRects":1,"viewers":0}
{"event":"paint","count":15901,"width":800,"height":600,"dirtyRects":1,"viewers":0}
{"event":"paint","count":15961,"width":800,"height":600,"dirtyRects":1,"viewers":0}
{"event":"paint","count":16021,"width":800,"height":600,"dirtyRects":1,"viewers":0}
{"event":"paint","count":16081,"width":800,"height":600,"dirtyRects":1,"viewers":0}
{"event":"paint","count":16141,"width":800,"height":600,"dirtyRects":1,"viewers":0}
{"event":"paint","count":16201,"width":800,"height":600,"dirtyRects":1,"viewers":0}
{"event":"paint","count":16261,"width":800,"height":600,"dirtyRects":1,"viewers":0}
{"event":"paint","count":16321,"width":800,"height":600,"dirtyRects":1,"viewers":0}
{"event":"paint","count":16381,"width":800,"height":600,"dirtyRects":1,"viewers":0}
{"event":"paint","count":16441,"width":800,"height":600,"dirtyRects":1,"viewers":0}
{"event":"paint","count":16501,"width":800,"height":600,"dirtyRects":1,"viewers":0}
{"event":"paint","count":16561,"width":800,"height":600,"dirtyRects":1,"viewers":0}
{"event":"paint","count":16621,"width":800,"height":600,"dirtyRects":1,"viewers":0}
{"event":"paint","count":16681,"width":800,"height":600,"dirtyRects":1,"viewers":0}
{"event":"paint","count":16741,"width":800,"height":600,"dirtyRects":1,"viewers":0}
{"event":"paint","count":16801,"width":800,"height":600,"dirtyRects":1,"viewers":0}
{"event":"paint","count":16861,"width":800,"height":600,"dirtyRects":1,"viewers":0}
{"event":"paint","count":16921,"width":800,"height":600,"dirtyRects":1,"viewers":0}
{"event":"paint","count":16981,"width":800,"height":600,"dirtyRects":1,"viewers":0}
{"event":"paint","count":17041,"width":800,"height":600,"dirtyRects":1,"viewers":0}
{"event":"paint","count":17101,"width":800,"height":600,"dirtyRects":1,"viewers":0}
{"event":"paint","count":17161,"width":800,"height":600,"dirtyRects":1,"viewers":0}
{"event":"paint","count":17221,"width":800,"height":600,"dirtyRects":1,"viewers":0}
{"event":"paint","count":17281,"width":800,"height":600,"dirtyRects":1,"viewers":0}
{"event":"paint","count":17341,"width":800,"height":600,"dirtyRects":1,"viewers":0}
{"event":"paint","count":17401,"width":800,"height":600,"dirtyRects":1,"viewers":0}
{"event":"paint","count":17461,"width":800,"height":600,"dirtyRects":1,"viewers":0}
{"event":"paint","count":17521,"width":800,"height":600,"dirtyRects":1,"viewers":0}
{"event":"paint","count":17581,"width":800,"height":600,"dirtyRects":1,"viewers":0}
{"event":"paint","count":17641,"width":800,"height":600,"dirtyRects":1,"viewers":0}
{"event":"paint","count":17701,"width":800,"height":600,"dirtyRects":1,"viewers":0}
{"event":"paint","count":17761,"width":800,"height":600,"dirtyRects":1,"viewers":0}
{"event":"paint","count":17821,"width":800,"height":600,"dirtyRects":1,"viewers":0}
{"event":"paint","count":17881,"width":800,"height":600,"dirtyRects":1,"viewers":0}
{"event":"paint","count":17941,"width":800,"height":600,"dirtyRects":1,"viewers":0}
{"event":"paint","count":18001,"width":800,"height":600,"dirtyRects":1,"viewers":0}
{"event":"paint","count":18061,"width":800,"height":600,"dirtyRects":1,"viewers":0}
{"event":"paint","count":18121,"width":800,"height":600,"dirtyRects":1,"viewers":0}
{"event":"paint","count":18181,"width":800,"height":600,"dirtyRects":1,"viewers":0}
{"event":"paint","count":18241,"width":800,"height":600,"dirtyRects":1,"viewers":0}
{"event":"paint","count":18301,"width":800,"height":600,"dirtyRects":1,"viewers":0}
{"event":"paint","count":18361,"width":800,"height":600,"dirtyRects":1,"viewers":0}
{"event":"paint","count":18421,"width":800,"height":600,"dirtyRects":1,"viewers":0}
{"event":"paint","count":18481,"width":800,"height":600,"dirtyRects":1,"viewers":0}
{"event":"paint","count":18541,"width":800,"height":600,"dirtyRects":1,"viewers":0}
{"event":"paint","count":18601,"width":800,"height":600,"dirtyRects":1,"viewers":0}
{"event":"paint","count":18661,"width":800,"height":600,"dirtyRects":1,"viewers":0}
{"event":"paint","count":18721,"width":800,"height":600,"dirtyRects":1,"viewers":0}
{"event":"paint","count":18781,"width":800,"height":600,"dirtyRects":1,"viewers":0}
{"event":"paint","count":18841,"width":800,"height":600,"dirtyRects":1,"viewers":0}
{"event":"paint","count":18901,"width":800,"height":600,"dirtyRects":1,"viewers":0}
{"event":"paint","count":18961,"width":800,"height":600,"dirtyRects":1,"viewers":0}
{"event":"paint","count":19021,"width":800,"height":600,"dirtyRects":1,"viewers":0}
{"event":"paint","count":19081,"width":800,"height":600,"dirtyRects":1,"viewers":0}
{"event":"paint","count":19141,"width":800,"height":600,"dirtyRects":1,"viewers":0}
{"event":"paint","count":19201,"width":800,"height":600,"dirtyRects":1,"viewers":0}
{"event":"paint","count":19261,"width":800,"height":600,"dirtyRects":1,"viewers":0}
{"event":"paint","count":19321,"width":800,"height":600,"dirtyRects":1,"viewers":0}
{"event":"paint","count":19381,"width":800,"height":600,"dirtyRects":1,"viewers":0}
{"event":"paint","count":19441,"width":800,"height":600,"dirtyRects":1,"viewers":0}
{"event":"paint","count":19501,"width":800,"height":600,"dirtyRects":1,"viewers":0}
{"event":"paint","count":19561,"width":800,"height":600,"dirtyRects":1,"viewers":0}
{"event":"paint","count":19621,"width":800,"height":600,"dirtyRects":1,"viewers":0}
{"event":"paint","count":19681,"width":800,"height":600,"dirtyRects":1,"viewers":0}
{"event":"paint","count":19741,"width":800,"height":600,"dirtyRects":1,"viewers":0}
{"event":"paint","count":19801,"width":800,"height":600,"dirtyRects":1,"viewers":0}
{"event":"paint","count":19861,"width":800,"height":600,"dirtyRects":1,"viewers":0}
{"event":"paint","count":19921,"width":800,"height":600,"dirtyRects":1,"viewers":0}
{"event":"paint","count":19981,"width":800,"height":600,"dirtyRects":1,"viewers":0}
{"event":"paint","count":20041,"width":800,"height":600,"dirtyRects":1,"viewers":0}
{"event":"paint","count":20101,"width":800,"height":600,"dirtyRects":1,"viewers":0}
{"event":"paint","count":20161,"width":800,"height":600,"dirtyRects":1,"viewers":0}
{"event":"paint","count":20221,"width":800,"height":600,"dirtyRects":1,"viewers":0}
{"event":"paint","count":20281,"width":800,"height":600,"dirtyRects":1,"viewers":0}
{"event":"paint","count":20341,"width":800,"height":600,"dirtyRects":1,"viewers":0}
{"event":"paint","count":20401,"width":800,"height":600,"dirtyRects":1,"viewers":0}
{"event":"paint","count":20461,"width":800,"height":600,"dirtyRects":1,"viewers":0}
{"event":"paint","count":20521,"width":800,"height":600,"dirtyRects":1,"viewers":0}
{"event":"paint","count":20581,"width":800,"height":600,"dirtyRects":1,"viewers":0}
{"event":"paint","count":20641,"width":800,"height":600,"dirtyRects":1,"viewers":0}
{"event":"paint","count":20701,"width":800,"height":600,"dirtyRects":1,"viewers":0}
{"event":"paint","count":20761,"width":800,"height":600,"dirtyRects":1,"viewers":0}
{"event":"paint","count":20821,"width":800,"height":600,"dirtyRects":1,"viewers":0}
{"event":"paint","count":20881,"width":800,"height":600,"dirtyRects":1,"viewers":0}
{"event":"paint","count":20941,"width":800,"height":600,"dirtyRects":1,"viewers":0}
{"event":"paint","count":21001,"width":800,"height":600,"dirtyRects":1,"viewers":0}
{"event":"paint","count":21061,"width":800,"height":600,"dirtyRects":1,"viewers":0}
{"event":"paint","count":21121,"width":800,"height":600,"dirtyRects":1,"viewers":0}
{"event":"paint","count":21181,"width":800,"height":600,"dirtyRects":1,"viewers":0}
{"event":"paint","count":21241,"width":800,"height":600,"dirtyRects":1,"viewers":0}
{"event":"paint","count":21301,"width":800,"height":600,"dirtyRects":1,"viewers":0}
{"event":"paint","count":21361,"width":800,"height":600,"dirtyRects":1,"viewers":0}
{"event":"paint","count":21421,"width":800,"height":600,"dirtyRects":1,"viewers":0}
{"event":"paint","count":21481,"width":800,"height":600,"dirtyRects":1,"viewers":0}
{"event":"paint","count":21541,"width":800,"height":600,"dirtyRects":1,"viewers":0}
{"event":"paint","count":21601,"width":800,"height":600,"dirtyRects":1,"viewers":0}
{"event":"paint","count":21661,"width":800,"height":600,"dirtyRects":1,"viewers":0}
{"event":"paint","count":21721,"width":800,"height":600,"dirtyRects":1,"viewers":0}
{"event":"paint","count":21781,"width":800,"height":600,"dirtyRects":1,"viewers":0}
{"event":"paint","count":21841,"width":800,"height":600,"dirtyRects":1,"viewers":0}
{"event":"paint","count":21901,"width":800,"height":600,"dirtyRects":1,"viewers":0}
{"event":"paint","count":21961,"width":800,"height":600,"dirtyRects":1,"viewers":0}
{"event":"paint","count":22021,"width":800,"height":600,"dirtyRects":1,"viewers":0}
{"event":"paint","count":22081,"width":800,"height":600,"dirtyRects":1,"viewers":0}
{"event":"paint","count":22141,"width":800,"height":600,"dirtyRects":1,"viewers":0}
{"event":"paint","count":22201,"width":800,"height":600,"dirtyRects":1,"viewers":0}
{"event":"paint","count":22261,"width":800,"height":600,"dirtyRects":1,"viewers":0}
{"event":"paint","count":22321,"width":800,"height":600,"dirtyRects":1,"viewers":0}
{"event":"paint","count":22381,"width":800,"height":600,"dirtyRects":1,"viewers":0}
{"event":"paint","count":22441,"width":800,"height":600,"dirtyRects":1,"viewers":0}
{"event":"paint","count":22501,"width":800,"height":600,"dirtyRects":1,"viewers":0}
{"event":"paint","count":22561,"width":800,"height":600,"dirtyRects":1,"viewers":0}
{"event":"paint","count":22621,"width":800,"height":600,"dirtyRects":1,"viewers":0}
{"event":"paint","count":22681,"width":800,"height":600,"dirtyRects":1,"viewers":0}
{"event":"paint","count":22741,"width":800,"height":600,"dirtyRects":1,"viewers":0}
{"event":"paint","count":22801,"width":800,"height":600,"dirtyRects":1,"viewers":0}
{"event":"paint","count":22861,"width":800,"height":600,"dirtyRects":1,"viewers":0}
{"event":"paint","count":22921,"width":800,"height":600,"dirtyRects":1,"viewers":0}
{"event":"paint","count":22981,"width":800,"height":600,"dirtyRects":1,"viewers":0}
{"event":"paint","count":23041,"width":800,"height":600,"dirtyRects":1,"viewers":0}
{"event":"paint","count":23101,"width":800,"height":600,"dirtyRects":1,"viewers":0}
{"event":"paint","count":23161,"width":800,"height":600,"dirtyRects":1,"viewers":0}
{"event":"paint","count":23221,"width":800,"height":600,"dirtyRects":1,"viewers":0}
{"event":"paint","count":23281,"width":800,"height":600,"dirtyRects":1,"viewers":0}
{"event":"paint","count":23341,"width":800,"height":600,"dirtyRects":1,"viewers":0}
{"event":"paint","count":23401,"width":800,"height":600,"dirtyRects":1,"viewers":0}
{"event":"paint","count":23461,"width":800,"height":600,"dirtyRects":1,"viewers":0}
{"event":"paint","count":23521,"width":800,"height":600,"dirtyRects":1,"viewers":0}
{"event":"paint","count":23581,"width":800,"height":600,"dirtyRects":1,"viewers":0}
{"event":"paint","count":23641,"width":800,"height":600,"dirtyRects":1,"viewers":0}
{"event":"paint","count":23701,"width":800,"height":600,"dirtyRects":1,"viewers":0}
{"event":"paint","count":23761,"width":800,"height":600,"dirtyRects":1,"viewers":0}
{"event":"paint","count":23821,"width":800,"height":600,"dirtyRects":1,"viewers":0}
{"event":"paint","count":23881,"width":800,"height":600,"dirtyRects":1,"viewers":0}
{"event":"paint","count":23941,"width":800,"height":600,"dirtyRects":1,"viewers":0}
{"event":"paint","count":24001,"width":800,"height":600,"dirtyRects":1,"viewers":0}
{"event":"paint","count":24061,"width":800,"height":600,"dirtyRects":1,"viewers":0}
{"event":"paint","count":24121,"width":800,"height":600,"dirtyRects":1,"viewers":0}
{"event":"paint","count":24181,"width":800,"height":600,"dirtyRects":1,"viewers":0}
{"event":"paint","count":24241,"width":800,"height":600,"dirtyRects":1,"viewers":0}
{"event":"paint","count":24301,"width":800,"height":600,"dirtyRects":1,"viewers":0}
{"event":"paint","count":24361,"width":800,"height":600,"dirtyRects":1,"viewers":0}
{"event":"paint","count":24421,"width":800,"height":600,"dirtyRects":1,"viewers":0}
{"event":"paint","count":24481,"width":800,"height":600,"dirtyRects":1,"viewers":0}
{"event":"paint","count":24541,"width":800,"height":600,"dirtyRects":1,"viewers":0}
{"event":"paint","count":24601,"width":800,"height":600,"dirtyRects":1,"viewers":0}
{"event":"paint","count":24661,"width":800,"height":600,"dirtyRects":1,"viewers":0}
{"event":"paint","count":24721,"width":800,"height":600,"dirtyRects":1,"viewers":0}
{"event":"paint","count":24781,"width":800,"height":600,"dirtyRects":1,"viewers":0}
{"event":"paint","count":24841,"width":800,"height":600,"dirtyRects":1,"viewers":0}
{"event":"paint","count":24901,"width":800,"height":600,"dirtyRects":1,"viewers":0}
{"event":"paint","count":24961,"width":800,"height":600,"dirtyRects":1,"viewers":0}
{"event":"paint","count":25021,"width":800,"height":600,"dirtyRects":1,"viewers":0}
{"event":"paint","count":25081,"width":800,"height":600,"dirtyRects":1,"viewers":0}
{"event":"paint","count":25141,"width":800,"height":600,"dirtyRects":1,"viewers":0}
{"event":"paint","count":25201,"width":800,"height":600,"dirtyRects":1,"viewers":0}
{"event":"paint","count":25261,"width":800,"height":600,"dirtyRects":1,"viewers":0}
{"event":"paint","count":25321,"width":800,"height":600,"dirtyRects":1,"viewers":0}
{"event":"paint","count":25381,"width":800,"height":600,"dirtyRects":1,"viewers":0}
{"event":"paint","count":25441,"width":800,"height":600,"dirtyRects":1,"viewers":0}
{"event":"paint","count":25501,"width":800,"height":600,"dirtyRects":1,"viewers":0}
{"event":"paint","count":25561,"width":800,"height":600,"dirtyRects":1,"viewers":0}
{"event":"paint","count":25621,"width":800,"height":600,"dirtyRects":1,"viewers":0}
{"event":"paint","count":25681,"width":800,"height":600,"dirtyRects":1,"viewers":0}
{"event":"paint","count":25741,"width":800,"height":600,"dirtyRects":1,"viewers":0}
{"event":"paint","count":25801,"width":800,"height":600,"dirtyRects":1,"viewers":0}
{"event":"paint","count":25861,"width":800,"height":600,"dirtyRects":1,"viewers":0}
{"event":"paint","count":25921,"width":800,"height":600,"dirtyRects":1,"viewers":0}
{"event":"paint","count":25981,"width":800,"height":600,"dirtyRects":1,"viewers":0}
{"event":"paint","count":26041,"width":800,"height":600,"dirtyRects":1,"viewers":0}
{"event":"paint","count":26101,"width":800,"height":600,"dirtyRects":1,"viewers":0}
{"event":"paint","count":26161,"width":800,"height":600,"dirtyRects":1,"viewers":0}
{"event":"paint","count":26221,"width":800,"height":600,"dirtyRects":1,"viewers":0}
{"event":"paint","count":26281,"width":800,"height":600,"dirtyRects":1,"viewers":0}
{"event":"paint","count":26341,"width":800,"height":600,"dirtyRects":1,"viewers":0}
{"event":"paint","count":26401,"width":800,"height":600,"dirtyRects":1,"viewers":0}
{"event":"paint","count":26461,"width":800,"height":600,"dirtyRects":1,"viewers":0}
{"event":"paint","count":26521,"width":800,"height":600,"dirtyRects":1,"viewers":0}
{"event":"paint","count":26581,"width":800,"height":600,"dirtyRects":1,"viewers":0}
{"event":"paint","count":26641,"width":800,"height":600,"dirtyRects":1,"viewers":0}
{"event":"paint","count":26701,"width":800,"height":600,"dirtyRects":1,"viewers":0}
{"event":"paint","count":26761,"width":800,"height":600,"dirtyRects":1,"viewers":0}
{"event":"paint","count":26821,"width":800,"height":600,"dirtyRects":1,"viewers":0}
{"event":"paint","count":26881,"width":800,"height":600,"dirtyRects":1,"viewers":0}
{"event":"paint","count":26941,"width":800,"height":600,"dirtyRects":1,"viewers":0}
