08:57:27  Acquired tunnel connection to device.
08:57:27  Enabling developer disk image services.
08:57:27  Acquired usage assertion.
Launched application with com.veezee.browser-spike bundle identifier.
Waiting for the application to terminate…
13/09/2026 08:57:27 VNC server supports protocol version 3.8 (viewer 3.8)
13/09/2026 08:57:27 We have 1 security types to read
13/09/2026 08:57:27 0) Received security type 1
13/09/2026 08:57:27 Selecting security type 1 (0/1 in the list)
13/09/2026 08:57:27 Selected Security Scheme 1
13/09/2026 08:57:27 No authentication needed
13/09/2026 08:57:27 VNC authentication succeeded
13/09/2026 08:57:27 Desktop name "WVE-79 RFB display spike"
13/09/2026 08:57:27 Connected to VNC server, using protocol version 3.8
13/09/2026 08:57:27 VNC server default format:
{"event":"connected","audio":false}
13/09/2026 08:57:27   32 bits per pixel.
13/09/2026 08:57:27   Least significant byte first in each pixel.
13/09/2026 08:57:27   TRUE colour: max red 255 green 255 blue 255, shift red 16 green 8 blue 0
{"event":"present","width":800,"height":600,"updates":1,"presentations":1,"marker":0,"toggle":0}
13/09/2026 08:57:27 client2server supported messages (bit flags)
13/09/2026 08:57:27 00: 00ff 0081 0000 0000 - 0000 0000 0000 0000
13/09/2026 08:57:27 08: 0000 0000 0000 0000 - 0000 0000 0000 0000
13/09/2026 08:57:27 10: 0000 0000 0000 0000 - 0000 0000 0000 0000
13/09/2026 08:57:27 18: 0000 0000 0000 0000 - 0000 0000 0000 0008
13/09/2026 08:57:27 server2client supported messages (bit flags)
13/09/2026 08:57:27 00: 001f 0080 0000 0000 - 0000 0000 0000 0000
13/09/2026 08:57:27 08: 0000 0000 0000 0000 - 0000 0000 0000 0000
13/09/2026 08:57:27 10: 0000 0000 0000 0000 - 0000 0000 0000 0000
13/09/2026 08:57:27 18: 0000 0000 0000 0000 - 0000 0000 0000 0000
13/09/2026 08:57:27 Connected to Server "unknown (LibVNCServer 0.9.15)"
{"event":"present","width":800,"height":600,"updates":32,"presentations":31,"marker":1475,"toggle":0}
{"event":"present","width":800,"height":600,"updates":62,"presentations":61,"marker":1511,"toggle":0}
{"event":"present","width":800,"height":600,"updates":92,"presentations":91,"marker":1544,"toggle":0}
{"event":"present","width":800,"height":600,"updates":122,"presentations":121,"marker":1576,"toggle":0}
{"event":"present","width":800,"height":600,"updates":152,"presentations":151,"marker":1611,"toggle":0}
{"event":"present","width":800,"height":600,"updates":182,"presentations":181,"marker":1644,"toggle":0}
{"event":"present","width":800,"height":600,"updates":212,"presentations":211,"marker":1677,"toggle":0}
{"event":"present","width":800,"height":600,"updates":242,"presentations":241,"marker":1711,"toggle":0}
{"event":"present","width":800,"height":600,"updates":272,"presentations":271,"marker":1743,"toggle":0}
{"event":"present","width":800,"height":600,"updates":302,"presentations":301,"marker":1776,"toggle":0}
{"event":"present","width":800,"height":600,"updates":332,"presentations":331,"marker":1809,"toggle":0}
{"event":"present","width":800,"height":600,"updates":362,"presentations":361,"marker":1844,"toggle":0}
{"event":"present","width":800,"height":600,"updates":392,"presentations":391,"marker":1877,"toggle":0}
{"event":"present","width":800,"height":600,"updates":422,"presentations":421,"marker":1910,"toggle":0}
{"event":"present","width":800,"height":600,"updates":452,"presentations":451,"marker":1945,"toggle":0}
{"event":"present","width":800,"height":600,"updates":482,"presentations":481,"marker":1979,"toggle":0}
{"event":"present","width":800,"height":600,"updates":512,"presentations":511,"marker":2014,"toggle":0}
{"event":"present","width":800,"height":600,"updates":542,"presentations":541,"marker":2047,"toggle":0}
{"event":"present","width":800,"height":600,"updates":572,"presentations":571,"marker":2080,"toggle":0}
{"event":"present","width":800,"height":600,"updates":602,"presentations":601,"marker":2115,"toggle":0}
{"event":"present","width":800,"height":600,"updates":632,"presentations":631,"marker":2148,"toggle":0}
{"event":"present","width":800,"height":600,"updates":662,"presentations":661,"marker":2181,"toggle":0}
{"event":"present","width":800,"height":600,"updates":692,"presentations":691,"marker":2217,"toggle":0}
{"event":"present","width":800,"height":600,"updates":722,"presentations":721,"marker":2251,"toggle":0}
{"event":"present","width":800,"height":600,"updates":752,"presentations":751,"marker":2284,"toggle":0}
{"event":"present","width":800,"height":600,"updates":782,"presentations":781,"marker":2319,"toggle":0}
{"event":"present","width":800,"height":600,"updates":812,"presentations":811,"marker":2352,"toggle":0}
{"event":"present","width":800,"height":600,"updates":842,"presentations":841,"marker":2385,"toggle":0}
{"event":"present","width":800,"height":600,"updates":872,"presentations":871,"marker":2419,"toggle":0}
{"event":"present","width":800,"height":600,"updates":902,"presentations":901,"marker":2452,"toggle":0}
{"event":"present","width":800,"height":600,"updates":932,"presentations":931,"marker":2485,"toggle":0}
{"event":"present","width":800,"height":600,"updates":962,"presentations":961,"marker":2519,"toggle":0}
{"event":"present","width":800,"height":600,"updates":992,"presentations":991,"marker":2552,"toggle":0}
{"event":"present","width":800,"height":600,"updates":1022,"presentations":1021,"marker":2585,"toggle":0}
{"event":"present","width":800,"height":600,"updates":1052,"presentations":1051,"marker":2619,"toggle":0}
{"event":"present","width":800,"height":600,"updates":1082,"presentations":1081,"marker":2652,"toggle":0}
{"event":"present","width":800,"height":600,"updates":1112,"presentations":1111,"marker":2685,"toggle":1}
{"event":"present","width":800,"height":600,"updates":1142,"presentations":1141,"marker":2717,"toggle":1}
{"event":"present","width":800,"height":600,"updates":1172,"presentations":1171,"marker":2752,"toggle":1}
{"event":"present","width":800,"height":600,"updates":1202,"presentations":1201,"marker":2785,"toggle":1}
{"event":"present","width":800,"height":600,"updates":1232,"presentations":1231,"marker":2818,"toggle":1}
{"event":"present","width":800,"height":600,"updates":1262,"presentations":1261,"marker":2853,"toggle":1}
{"event":"present","width":800,"height":600,"updates":1292,"presentations":1291,"marker":2886,"toggle":1}
{"event":"present","width":800,"height":600,"updates":1322,"presentations":1321,"marker":2919,"toggle":1}
{"event":"present","width":800,"height":600,"updates":1352,"presentations":1351,"marker":2953,"toggle":1}
13/09/2026 08:58:24 Updated desktop size: 1000x700
{"event":"present","width":1000,"height":700,"updates":1382,"presentations":1381,"marker":0,"toggle":0}
{"event":"present","width":1000,"height":700,"updates":1412,"presentations":1411,"marker":13306624,"toggle":65536}
13/09/2026 08:58:26 Sending dimensions 800x1000
13/09/2026 08:58:26 Updated desktop size: 800x1000
{"event":"present","width":800,"height":1000,"updates":1442,"presentations":1441,"marker":0,"toggle":0}
{"event":"present","width":800,"height":1000,"updates":1472,"presentations":1471,"marker":986112,"toggle":65536}
{"event":"present","width":800,"height":1000,"updates":1502,"presentations":1501,"marker":3148800,"toggle":65536}
13/09/2026 08:58:29 Updated desktop size: 1000x700
{"event":"present","width":1000,"height":700,"updates":1532,"presentations":1531,"marker":5245952,"toggle":65536}
{"event":"present","width":1000,"height":700,"updates":1562,"presentations":1561,"marker":7539712,"toggle":65536}
{"event":"present","width":1000,"height":700,"updates":1592,"presentations":1591,"marker":9767936,"toggle":65536}
{"event":"present","width":1000,"height":700,"updates":1622,"presentations":1621,"marker":11930624,"toggle":65536}
{"event":"present","width":1000,"height":700,"updates":1652,"presentations":1651,"marker":14224384,"toggle":65536}
{"event":"present","width":1000,"height":700,"updates":1682,"presentations":1681,"marker":16452608,"toggle":65536}
{"event":"present","width":1000,"height":700,"updates":1712,"presentations":1711,"marker":1772800,"toggle":65536}
{"event":"present","width":1000,"height":700,"updates":1742,"presentations":1741,"marker":4066560,"toggle":65536}
{"event":"present","width":1000,"height":700,"updates":1772,"presentations":1771,"marker":6294784,"toggle":65536}
{"event":"present","width":1000,"height":700,"updates":1802,"presentations":1801,"marker":8457472,"toggle":65536}
{"event":"present","width":1000,"height":700,"updates":1832,"presentations":1831,"marker":10685696,"toggle":65536}
{"event":"present","width":1000,"height":700,"updates":1862,"presentations":1861,"marker":12979456,"toggle":65536}
{"event":"present","width":1000,"height":700,"updates":1892,"presentations":1891,"marker":15076608,"toggle":65536}
{"event":"present","width":1000,"height":700,"updates":1922,"presentations":1921,"marker":462336,"toggle":65536}
{"event":"present","width":1000,"height":700,"updates":1952,"presentations":1951,"marker":2821632,"toggle":65536}
{"event":"present","width":1000,"height":700,"updates":1982,"presentations":1981,"marker":5049856,"toggle":65536}
{"event":"present","width":1000,"height":700,"updates":2012,"presentations":2011,"marker":7212544,"toggle":65536}
{"event":"present","width":1000,"height":700,"updates":2042,"presentations":2041,"marker":9440768,"toggle":65536}
{"event":"present","width":1000,"height":700,"updates":2072,"presentations":2071,"marker":11734528,"toggle":65536}
{"event":"present","width":1000,"height":700,"updates":2102,"presentations":2101,"marker":13962752,"toggle":65536}
{"event":"present","width":1000,"height":700,"updates":2132,"presentations":2131,"marker":16125440,"toggle":65536}
{"event":"present","width":1000,"height":700,"updates":2162,"presentations":2161,"marker":1576704,"toggle":65536}
{"event":"present","width":1000,"height":700,"updates":2192,"presentations":2191,"marker":3804928,"toggle":65536}
{"event":"present","width":1000,"height":700,"updates":2222,"presentations":2221,"marker":5967616,"toggle":65536}
{"event":"present","width":1000,"height":700,"updates":2252,"presentations":2251,"marker":8064768,"toggle":65536}
{"event":"present","width":1000,"height":700,"updates":2282,"presentations":2281,"marker":10358528,"toggle":65536}
{"event":"present","width":1000,"height":700,"updates":2312,"presentations":2311,"marker":12521216,"toggle":65536}
{"event":"present","width":1000,"height":700,"updates":2342,"presentations":2341,"marker":14749440,"toggle":65536}
{"event":"present","width":1000,"height":700,"updates":2372,"presentations":2371,"marker":135168,"toggle":65536}
{"event":"present","width":1000,"height":700,"updates":2402,"presentations":2401,"marker":2428928,"toggle":65536}
{"event":"present","width":1000,"height":700,"updates":2432,"presentations":2431,"marker":4657152,"toggle":65536}
{"event":"present","width":1000,"height":700,"updates":2462,"presentations":2461,"marker":6819840,"toggle":65536}
{"event":"present","width":1000,"height":700,"updates":2492,"presentations":2491,"marker":9113600,"toggle":65536}
{"event":"present","width":1000,"height":700,"updates":2522,"presentations":2521,"marker":11276288,"toggle":65536}
{"event":"present","width":1000,"height":700,"updates":2552,"presentations":2551,"marker":13504512,"toggle":65536}
{"event":"present","width":1000,"height":700,"updates":2582,"presentations":2581,"marker":15667200,"toggle":65536}
{"event":"present","width":1000,"height":700,"updates":2612,"presentations":2611,"marker":1118464,"toggle":65536}
{"event":"present","width":1000,"height":700,"updates":2642,"presentations":2641,"marker":3346688,"toggle":65536}
{"event":"present","width":1000,"height":700,"updates":2672,"presentations":2671,"marker":5574912,"toggle":65536}
{"event":"present","width":1000,"height":700,"updates":2702,"presentations":2701,"marker":7868672,"toggle":65536}
{"event":"present","width":1000,"height":700,"updates":2732,"presentations":2731,"marker":10096896,"toggle":65536}
{"event":"present","width":1000,"height":700,"updates":2762,"presentations":2761,"marker":12325120,"toggle":65536}
{"event":"present","width":1000,"height":700,"updates":2792,"presentations":2791,"marker":14618880,"toggle":65536}
{"event":"present","width":1000,"height":700,"updates":2822,"presentations":2821,"marker":4608,"toggle":65536}
{"event":"present","width":1000,"height":700,"updates":2852,"presentations":2851,"marker":2167296,"toggle":65536}
{"event":"present","width":1000,"height":700,"updates":2882,"presentations":2881,"marker":4395520,"toggle":65536}
{"event":"present","width":1000,"height":700,"updates":2912,"presentations":2911,"marker":6754816,"toggle":65536}
{"event":"present","width":1000,"height":700,"updates":2942,"presentations":2941,"marker":8917504,"toggle":65536}
{"event":"present","width":1000,"height":700,"updates":2972,"presentations":2971,"marker":11080192,"toggle":65536}
{"event":"present","width":1000,"height":700,"updates":3002,"presentations":3001,"marker":13373952,"toggle":65536}
{"event":"present","width":1000,"height":700,"updates":3032,"presentations":3031,"marker":15536640,"toggle":65536}
{"event":"present","width":1000,"height":700,"updates":3062,"presentations":3061,"marker":922368,"toggle":65536}
{"event":"present","width":1000,"height":700,"updates":3092,"presentations":3091,"marker":3085056,"toggle":65536}
{"event":"present","width":1000,"height":700,"updates":3122,"presentations":3121,"marker":5378816,"toggle":65536}
{"event":"present","width":1000,"height":700,"updates":3152,"presentations":3151,"marker":7607040,"toggle":65536}
{"event":"present","width":1000,"height":700,"updates":3182,"presentations":3181,"marker":9835264,"toggle":65536}
{"event":"present","width":1000,"height":700,"updates":3212,"presentations":3211,"marker":12063488,"toggle":65536}
{"event":"present","width":1000,"height":700,"updates":3242,"presentations":3241,"marker":14226176,"toggle":65536}
{"event":"present","width":1000,"height":700,"updates":3272,"presentations":3271,"marker":16454400,"toggle":65536}
{"event":"present","width":1000,"height":700,"updates":3302,"presentations":3301,"marker":1971200,"toggle":65536}
{"event":"present","width":1000,"height":700,"updates":3332,"presentations":3331,"marker":4133888,"toggle":65536}
{"event":"present","width":1000,"height":700,"updates":3362,"presentations":3361,"marker":6362112,"toggle":65536}
{"event":"present","width":1000,"height":700,"updates":3392,"presentations":3391,"marker":8524800,"toggle":65536}
{"event":"present","width":1000,"height":700,"updates":3422,"presentations":3421,"marker":10818560,"toggle":65536}
{"event":"present","width":1000,"height":700,"updates":3452,"presentations":3451,"marker":13046784,"toggle":65536}
{"event":"present","width":1000,"height":700,"updates":3482,"presentations":3481,"marker":15209472,"toggle":65536}
{"event":"present","width":1000,"height":700,"updates":3512,"presentations":3511,"marker":726272,"toggle":65536}
{"event":"present","width":1000,"height":700,"updates":3542,"presentations":3541,"marker":2954496,"toggle":65536}
{"event":"present","width":1000,"height":700,"updates":3572,"presentations":3571,"marker":5117184,"toggle":65536}
{"event":"present","width":1000,"height":700,"updates":3602,"presentations":3601,"marker":7476480,"toggle":65536}
{"event":"present","width":1000,"height":700,"updates":3632,"presentations":3631,"marker":9573632,"toggle":65536}
{"event":"present","width":1000,"height":700,"updates":3662,"presentations":3661,"marker":11736320,"toggle":65536}
{"event":"present","width":1000,"height":700,"updates":3692,"presentations":3691,"marker":13964544,"toggle":65536}
{"event":"present","width":1000,"height":700,"updates":3722,"presentations":3721,"marker":16323840,"toggle":65536}
{"event":"present","width":1000,"height":700,"updates":3752,"presentations":3751,"marker":1709568,"toggle":65536}
{"event":"present","width":1000,"height":700,"updates":3782,"presentations":3781,"marker":3872256,"toggle":65536}
{"event":"present","width":1000,"height":700,"updates":3812,"presentations":3811,"marker":6166016,"toggle":65536}
{"event":"present","width":1000,"height":700,"updates":3842,"presentations":3841,"marker":8328704,"toggle":65536}
{"event":"present","width":1000,"height":700,"updates":3872,"presentations":3871,"marker":10556928,"toggle":65536}
{"event":"present","width":1000,"height":700,"updates":3902,"presentations":3901,"marker":12785152,"toggle":65536}
{"event":"present","width":1000,"height":700,"updates":3932,"presentations":3931,"marker":15013376,"toggle":65536}
{"event":"present","width":1000,"height":700,"updates":3962,"presentations":3961,"marker":399104,"toggle":65536}
{"event":"present","width":1000,"height":700,"updates":3992,"presentations":3991,"marker":2561792,"toggle":65536}
{"event":"present","width":1000,"height":700,"updates":4022,"presentations":4021,"marker":4855552,"toggle":65536}
{"event":"present","width":1000,"height":700,"updates":4052,"presentations":4051,"marker":7083776,"toggle":65536}
{"event":"present","width":1000,"height":700,"updates":4082,"presentations":4081,"marker":9246464,"toggle":65536}
{"event":"present","width":1000,"height":700,"updates":4112,"presentations":4111,"marker":11605760,"toggle":65536}
{"event":"present","width":1000,"height":700,"updates":4142,"presentations":4141,"marker":13768448,"toggle":65536}
{"event":"present","width":1000,"height":700,"updates":4172,"presentations":4171,"marker":15996672,"toggle":65536}
{"event":"present","width":1000,"height":700,"updates":4202,"presentations":4201,"marker":1382400,"toggle":65536}
{"event":"present","width":1000,"height":700,"updates":4232,"presentations":4231,"marker":3676160,"toggle":65536}
{"event":"present","width":1000,"height":700,"updates":4262,"presentations":4261,"marker":5838848,"toggle":65536}
{"event":"present","width":1000,"height":700,"updates":4292,"presentations":4291,"marker":8067072,"toggle":65536}
{"event":"present","width":1000,"height":700,"updates":4322,"presentations":4321,"marker":10295296,"toggle":65536}
{"event":"present","width":1000,"height":700,"updates":4352,"presentations":4351,"marker":12523520,"toggle":65536}
{"event":"present","width":1000,"height":700,"updates":4382,"presentations":4381,"marker":14686208,"toggle":65536}
{"event":"present","width":1000,"height":700,"updates":4412,"presentations":4411,"marker":268544,"toggle":65536}
{"event":"present","width":1000,"height":700,"updates":4442,"presentations":4441,"marker":2431232,"toggle":65536}
{"event":"present","width":1000,"height":700,"updates":4472,"presentations":4471,"marker":4659456,"toggle":65536}
{"event":"present","width":1000,"height":700,"updates":4502,"presentations":4501,"marker":6822144,"toggle":65536}
{"event":"present","width":1000,"height":700,"updates":4532,"presentations":4531,"marker":9115904,"toggle":65536}
{"event":"present","width":1000,"height":700,"updates":4562,"presentations":4561,"marker":11344128,"toggle":65536}
{"event":"present","width":1000,"height":700,"updates":4592,"presentations":4591,"marker":13572352,"toggle":65536}
{"event":"present","width":1000,"height":700,"updates":4622,"presentations":4621,"marker":15931648,"toggle":65536}
{"event":"present","width":1000,"height":700,"updates":4652,"presentations":4651,"marker":1317376,"toggle":65536}
{"event":"present","width":1000,"height":700,"updates":4682,"presentations":4681,"marker":3545600,"toggle":65536}
{"event":"present","width":1000,"height":700,"updates":4712,"presentations":4711,"marker":5839360,"toggle":65536}
{"event":"present","width":1000,"height":700,"updates":4742,"presentations":4741,"marker":8002048,"toggle":65536}
{"event":"present","width":1000,"height":700,"updates":4772,"presentations":4771,"marker":10164736,"toggle":65536}
{"event":"present","width":1000,"height":700,"updates":4802,"presentations":4801,"marker":12392960,"toggle":65536}
{"event":"present","width":1000,"height":700,"updates":4832,"presentations":4831,"marker":14686720,"toggle":65536}
{"event":"present","width":1000,"height":700,"updates":4862,"presentations":4861,"marker":72448,"toggle":65536}
{"event":"present","width":1000,"height":700,"updates":4892,"presentations":4891,"marker":2235136,"toggle":65536}
{"event":"present","width":1000,"height":700,"updates":4922,"presentations":4921,"marker":4594432,"toggle":65536}
{"event":"present","width":1000,"height":700,"updates":4952,"presentations":4951,"marker":6822656,"toggle":65536}
{"event":"present","width":1000,"height":700,"updates":4982,"presentations":4981,"marker":9050880,"toggle":65536}
{"event":"present","width":1000,"height":700,"updates":5012,"presentations":5011,"marker":11344640,"toggle":65536}
{"event":"present","width":1000,"height":700,"updates":5042,"presentations":5041,"marker":13507328,"toggle":65536}
{"event":"present","width":1000,"height":700,"updates":5072,"presentations":5071,"marker":15670016,"toggle":65536}
{"event":"present","width":1000,"height":700,"updates":5102,"presentations":5101,"marker":1055744,"toggle":65536}
{"event":"present","width":1000,"height":700,"updates":5132,"presentations":5131,"marker":3283968,"toggle":65536}
{"event":"present","width":1000,"height":700,"updates":5162,"presentations":5161,"marker":5446656,"toggle":65536}
{"event":"present","width":1000,"height":700,"updates":5192,"presentations":5191,"marker":7543808,"toggle":65536}
{"event":"present","width":1000,"height":700,"updates":5222,"presentations":5221,"marker":9706496,"toggle":65536}
{"event":"present","width":1000,"height":700,"updates":5252,"presentations":5251,"marker":12000256,"toggle":65536}
{"event":"present","width":1000,"height":700,"updates":5282,"presentations":5281,"marker":14228480,"toggle":65536}
{"event":"present","width":1000,"height":700,"updates":5312,"presentations":5311,"marker":16456704,"toggle":65536}
{"event":"present","width":1000,"height":700,"updates":5342,"presentations":5341,"marker":2039040,"toggle":65536}
{"event":"present","width":1000,"height":700,"updates":5372,"presentations":5371,"marker":4267264,"toggle":65536}
{"event":"present","width":1000,"height":700,"updates":5402,"presentations":5401,"marker":6495488,"toggle":65536}
{"event":"present","width":1000,"height":700,"updates":5432,"presentations":5431,"marker":8592640,"toggle":65536}
{"event":"present","width":1000,"height":700,"updates":5462,"presentations":5461,"marker":10951936,"toggle":65536}
{"event":"present","width":1000,"height":700,"updates":5492,"presentations":5491,"marker":13114624,"toggle":65536}
{"event":"present","width":1000,"height":700,"updates":5522,"presentations":5521,"marker":15342848,"toggle":65536}
{"event":"present","width":1000,"height":700,"updates":5552,"presentations":5551,"marker":859648,"toggle":65536}
{"event":"present","width":1000,"height":700,"updates":5582,"presentations":5581,"marker":3087872,"toggle":65536}
{"event":"present","width":1000,"height":700,"updates":5612,"presentations":5611,"marker":5250560,"toggle":65536}
{"event":"present","width":1000,"height":700,"updates":5642,"presentations":5641,"marker":7413248,"toggle":65536}
{"event":"present","width":1000,"height":700,"updates":5672,"presentations":5671,"marker":9707008,"toggle":65536}
{"event":"present","width":1000,"height":700,"updates":5702,"presentations":5701,"marker":11804160,"toggle":65536}
{"event":"present","width":1000,"height":700,"updates":5732,"presentations":5731,"marker":14032384,"toggle":65536}
{"event":"present","width":1000,"height":700,"updates":5762,"presentations":5761,"marker":16195072,"toggle":65536}
{"event":"present","width":1000,"height":700,"updates":5792,"presentations":5791,"marker":1711872,"toggle":65536}
{"event":"present","width":1000,"height":700,"updates":5822,"presentations":5821,"marker":3874560,"toggle":65536}
{"event":"present","width":1000,"height":700,"updates":5852,"presentations":5851,"marker":6102784,"toggle":65536}
{"event":"present","width":1000,"height":700,"updates":5882,"presentations":5881,"marker":8396544,"toggle":65536}
{"event":"present","width":1000,"height":700,"updates":5912,"presentations":5911,"marker":10493696,"toggle":65536}
{"event":"present","width":1000,"height":700,"updates":5942,"presentations":5941,"marker":12721920,"toggle":65536}
{"event":"present","width":1000,"height":700,"updates":5972,"presentations":5971,"marker":14884608,"toggle":65536}
{"event":"present","width":1000,"height":700,"updates":6002,"presentations":6001,"marker":335872,"toggle":65536}
{"event":"present","width":1000,"height":700,"updates":6032,"presentations":6031,"marker":2564096,"toggle":65536}
{"event":"present","width":1000,"height":700,"updates":6062,"presentations":6061,"marker":4726784,"toggle":65536}
{"event":"present","width":1000,"height":700,"updates":6092,"presentations":6091,"marker":6823936,"toggle":65536}
{"event":"present","width":1000,"height":700,"updates":6122,"presentations":6121,"marker":9117696,"toggle":65536}
{"event":"present","width":1000,"height":700,"updates":6152,"presentations":6151,"marker":11345920,"toggle":65536}
{"event":"present","width":1000,"height":700,"updates":6182,"presentations":6181,"marker":13508608,"toggle":65536}
{"event":"present","width":1000,"height":700,"updates":6212,"presentations":6211,"marker":15867904,"toggle":65536}
{"event":"present","width":1000,"height":700,"updates":6242,"presentations":6241,"marker":1319168,"toggle":65536}
{"event":"present","width":1000,"height":700,"updates":6272,"presentations":6271,"marker":3481856,"toggle":65536}
{"event":"present","width":1000,"height":700,"updates":6302,"presentations":6301,"marker":5775616,"toggle":65536}
{"event":"present","width":1000,"height":700,"updates":6332,"presentations":6331,"marker":8003840,"toggle":65536}
{"event":"present","width":1000,"height":700,"updates":6362,"presentations":6361,"marker":10166528,"toggle":65536}
{"event":"present","width":1000,"height":700,"updates":6392,"presentations":6391,"marker":12460288,"toggle":65536}
{"event":"present","width":1000,"height":700,"updates":6422,"presentations":6421,"marker":14688512,"toggle":65536}
{"event":"present","width":1000,"height":700,"updates":6452,"presentations":6451,"marker":139776,"toggle":65536}
{"event":"present","width":1000,"height":700,"updates":6482,"presentations":6481,"marker":2368000,"toggle":65536}
{"event":"present","width":1000,"height":700,"updates":6512,"presentations":6511,"marker":4661760,"toggle":65536}
{"event":"present","width":1000,"height":700,"updates":6542,"presentations":6541,"marker":6889984,"toggle":65536}
{"event":"present","width":1000,"height":700,"updates":6572,"presentations":6571,"marker":9052672,"toggle":65536}
{"event":"present","width":1000,"height":700,"updates":6602,"presentations":6601,"marker":11149824,"toggle":65536}
{"event":"present","width":1000,"height":700,"updates":6632,"presentations":6631,"marker":13378048,"toggle":65536}
{"event":"present","width":1000,"height":700,"updates":6662,"presentations":6661,"marker":15475200,"toggle":65536}
{"event":"present","width":1000,"height":700,"updates":6692,"presentations":6691,"marker":860928,"toggle":65536}
{"event":"present","width":1000,"height":700,"updates":6722,"presentations":6721,"marker":3089152,"toggle":65536}
{"event":"present","width":1000,"height":700,"updates":6752,"presentations":6751,"marker":5317376,"toggle":65536}
{"event":"present","width":1000,"height":700,"updates":6782,"presentations":6781,"marker":7545600,"toggle":65536}
{"event":"present","width":1000,"height":700,"updates":6812,"presentations":6811,"marker":9708288,"toggle":65536}
{"event":"present","width":1000,"height":700,"updates":6842,"presentations":6841,"marker":12002048,"toggle":65536}
{"event":"present","width":1000,"height":700,"updates":6872,"presentations":6871,"marker":14164736,"toggle":65536}
{"event":"present","width":1000,"height":700,"updates":6902,"presentations":6901,"marker":16327424,"toggle":65536}
{"event":"present","width":1000,"height":700,"updates":6932,"presentations":6931,"marker":1713152,"toggle":65536}
{"event":"present","width":1000,"height":700,"updates":6962,"presentations":6961,"marker":4006912,"toggle":65536}
{"event":"present","width":1000,"height":700,"updates":6992,"presentations":6991,"marker":6235136,"toggle":65536}
{"event":"present","width":1000,"height":700,"updates":7022,"presentations":7021,"marker":8463360,"toggle":65536}
{"event":"present","width":1000,"height":700,"updates":7052,"presentations":7051,"marker":10560512,"toggle":65536}
{"event":"present","width":1000,"height":700,"updates":7082,"presentations":7081,"marker":12788736,"toggle":65536}
{"event":"present","width":1000,"height":700,"updates":7112,"presentations":7111,"marker":14885888,"toggle":65536}
{"event":"present","width":1000,"height":700,"updates":7142,"presentations":7141,"marker":271616,"toggle":65536}
{"event":"present","width":1000,"height":700,"updates":7172,"presentations":7171,"marker":2368768,"toggle":65536}
{"event":"present","width":1000,"height":700,"updates":7202,"presentations":7201,"marker":4662528,"toggle":65536}
{"event":"present","width":1000,"height":700,"updates":7232,"presentations":7231,"marker":6825216,"toggle":65536}
{"event":"present","width":1000,"height":700,"updates":7262,"presentations":7261,"marker":8987904,"toggle":65536}
{"event":"present","width":1000,"height":700,"updates":7292,"presentations":7291,"marker":11216128,"toggle":65536}
{"event":"present","width":1000,"height":700,"updates":7322,"presentations":7321,"marker":13575424,"toggle":65536}
{"event":"present","width":1000,"height":700,"updates":7352,"presentations":7351,"marker":15738112,"toggle":65536}
{"event":"present","width":1000,"height":700,"updates":7382,"presentations":7381,"marker":1123840,"toggle":65536}
{"event":"present","width":1000,"height":700,"updates":7412,"presentations":7411,"marker":3483136,"toggle":65536}
{"event":"present","width":1000,"height":700,"updates":7442,"presentations":7441,"marker":5645824,"toggle":65536}
{"event":"present","width":1000,"height":700,"updates":7472,"presentations":7471,"marker":7874048,"toggle":65536}
{"event":"present","width":1000,"height":700,"updates":7502,"presentations":7501,"marker":10167808,"toggle":65536}
{"event":"present","width":1000,"height":700,"updates":7532,"presentations":7531,"marker":12330496,"toggle":65536}
{"event":"present","width":1000,"height":700,"updates":7562,"presentations":7561,"marker":14558720,"toggle":65536}
{"event":"present","width":1000,"height":700,"updates":7592,"presentations":7591,"marker":16721408,"toggle":65536}
{"event":"present","width":1000,"height":700,"updates":7622,"presentations":7621,"marker":2172672,"toggle":65536}
{"event":"present","width":1000,"height":700,"updates":7652,"presentations":7651,"marker":4335360,"toggle":65536}
{"event":"present","width":1000,"height":700,"updates":7682,"presentations":7681,"marker":6563584,"toggle":65536}
{"event":"present","width":1000,"height":700,"updates":7712,"presentations":7711,"marker":8857344,"toggle":65536}
{"event":"present","width":1000,"height":700,"updates":7742,"presentations":7741,"marker":11085568,"toggle":65536}
{"event":"present","width":1000,"height":700,"updates":7772,"presentations":7771,"marker":13182720,"toggle":65536}
{"event":"present","width":1000,"height":700,"updates":7802,"presentations":7801,"marker":15410944,"toggle":65536}
{"event":"present","width":1000,"height":700,"updates":7832,"presentations":7831,"marker":796672,"toggle":65536}
{"event":"present","width":1000,"height":700,"updates":7862,"presentations":7861,"marker":3024896,"toggle":65536}
{"event":"present","width":1000,"height":700,"updates":7892,"presentations":7891,"marker":5253120,"toggle":65536}
{"event":"present","width":1000,"height":700,"updates":7922,"presentations":7921,"marker":7546880,"toggle":65536}
{"event":"present","width":1000,"height":700,"updates":7952,"presentations":7951,"marker":9709568,"toggle":65536}
{"event":"present","width":1000,"height":700,"updates":7982,"presentations":7981,"marker":11937792,"toggle":65536}
{"event":"present","width":1000,"height":700,"updates":8012,"presentations":8011,"marker":14100480,"toggle":65536}
{"event":"present","width":1000,"height":700,"updates":8042,"presentations":8041,"marker":16394240,"toggle":65536}
{"event":"present","width":1000,"height":700,"updates":8072,"presentations":8071,"marker":1714432,"toggle":65536}
{"event":"present","width":1000,"height":700,"updates":8102,"presentations":8101,"marker":3877120,"toggle":65536}
{"event":"present","width":1000,"height":700,"updates":8132,"presentations":8131,"marker":6039808,"toggle":65536}
{"event":"present","width":1000,"height":700,"updates":8162,"presentations":8161,"marker":8333568,"toggle":65536}
{"event":"present","width":1000,"height":700,"updates":8192,"presentations":8191,"marker":10561792,"toggle":65536}
{"event":"present","width":1000,"height":700,"updates":8222,"presentations":8221,"marker":12724480,"toggle":65536}
{"event":"present","width":1000,"height":700,"updates":8252,"presentations":8251,"marker":15083776,"toggle":65536}
{"event":"present","width":1000,"height":700,"updates":8282,"presentations":8281,"marker":535040,"toggle":65536}
{"event":"present","width":1000,"height":700,"updates":8312,"presentations":8311,"marker":2697728,"toggle":65536}
{"event":"present","width":1000,"height":700,"updates":8342,"presentations":8341,"marker":4794880,"toggle":65536}
{"event":"present","width":1000,"height":700,"updates":8372,"presentations":8371,"marker":7154176,"toggle":65536}
{"event":"present","width":1000,"height":700,"updates":8402,"presentations":8401,"marker":9251328,"toggle":65536}
{"event":"present","width":1000,"height":700,"updates":8432,"presentations":8431,"marker":11479552,"toggle":65536}
{"event":"present","width":1000,"height":700,"updates":8462,"presentations":8461,"marker":13773312,"toggle":65536}
{"event":"present","width":1000,"height":700,"updates":8492,"presentations":8491,"marker":16001536,"toggle":65536}
{"event":"present","width":1000,"height":700,"updates":8522,"presentations":8521,"marker":1387264,"toggle":65536}
{"event":"present","width":1000,"height":700,"updates":8552,"presentations":8551,"marker":3615488,"toggle":65536}
{"event":"present","width":1000,"height":700,"updates":8582,"presentations":8581,"marker":5843712,"toggle":65536}
{"event":"present","width":1000,"height":700,"updates":8612,"presentations":8611,"marker":8071936,"toggle":65536}
{"event":"present","width":1000,"height":700,"updates":8642,"presentations":8641,"marker":10234624,"toggle":65536}
{"event":"present","width":1000,"height":700,"updates":8672,"presentations":8671,"marker":12528384,"toggle":65536}
{"event":"present","width":1000,"height":700,"updates":8702,"presentations":8701,"marker":14625536,"toggle":65536}
{"event":"present","width":1000,"height":700,"updates":8732,"presentations":8731,"marker":76800,"toggle":65536}
{"event":"present","width":1000,"height":700,"updates":8762,"presentations":8761,"marker":2239488,"toggle":65536}
{"event":"present","width":1000,"height":700,"updates":8792,"presentations":8791,"marker":4598784,"toggle":65536}
{"event":"present","width":1000,"height":700,"updates":8822,"presentations":8821,"marker":6695936,"toggle":65536}
{"event":"present","width":1000,"height":700,"updates":8852,"presentations":8851,"marker":8793088,"toggle":65536}
{"event":"present","width":1000,"height":700,"updates":8882,"presentations":8881,"marker":11021312,"toggle":65536}
{"event":"present","width":1000,"height":700,"updates":8912,"presentations":8911,"marker":13315072,"toggle":65536}
{"event":"present","width":1000,"height":700,"updates":8942,"presentations":8941,"marker":15543296,"toggle":65536}
{"event":"present","width":1000,"height":700,"updates":8972,"presentations":8971,"marker":929024,"toggle":65536}
{"event":"present","width":1000,"height":700,"updates":9002,"presentations":9001,"marker":3288320,"toggle":65536}
{"event":"present","width":1000,"height":700,"updates":9032,"presentations":9031,"marker":5451008,"toggle":65536}
{"event":"present","width":1000,"height":700,"updates":9062,"presentations":9061,"marker":7679232,"toggle":65536}
{"event":"present","width":1000,"height":700,"updates":9092,"presentations":9091,"marker":9907456,"toggle":65536}
{"event":"present","width":1000,"height":700,"updates":9122,"presentations":9121,"marker":12201216,"toggle":65536}
{"event":"present","width":1000,"height":700,"updates":9152,"presentations":9151,"marker":14429440,"toggle":65536}
{"event":"present","width":1000,"height":700,"updates":9182,"presentations":9181,"marker":16657664,"toggle":65536}
{"event":"present","width":1000,"height":700,"updates":9212,"presentations":9211,"marker":2174464,"toggle":65536}
{"event":"present","width":1000,"height":700,"updates":9242,"presentations":9241,"marker":4402688,"toggle":65536}
{"event":"present","width":1000,"height":700,"updates":9272,"presentations":9271,"marker":6499840,"toggle":65536}
{"event":"present","width":1000,"height":700,"updates":9302,"presentations":9301,"marker":8793600,"toggle":65536}
{"event":"present","width":1000,"height":700,"updates":9332,"presentations":9331,"marker":11021824,"toggle":65536}
{"event":"present","width":1000,"height":700,"updates":9362,"presentations":9361,"marker":13184512,"toggle":65536}
{"event":"present","width":1000,"height":700,"updates":9392,"presentations":9391,"marker":15412736,"toggle":65536}
{"event":"present","width":1000,"height":700,"updates":9422,"presentations":9421,"marker":864000,"toggle":65536}
{"event":"present","width":1000,"height":700,"updates":9452,"presentations":9451,"marker":3092224,"toggle":65536}
{"event":"present","width":1000,"height":700,"updates":9482,"presentations":9481,"marker":5320448,"toggle":65536}
{"event":"present","width":1000,"height":700,"updates":9512,"presentations":9511,"marker":7417600,"toggle":65536}
{"event":"present","width":1000,"height":700,"updates":9542,"presentations":9541,"marker":9711360,"toggle":65536}
{"event":"present","width":1000,"height":700,"updates":9572,"presentations":9571,"marker":11808512,"toggle":65536}
{"event":"present","width":1000,"height":700,"updates":9602,"presentations":9601,"marker":13971200,"toggle":65536}
{"event":"present","width":1000,"height":700,"updates":9632,"presentations":9631,"marker":16264960,"toggle":65536}
{"event":"present","width":1000,"height":700,"updates":9662,"presentations":9661,"marker":1716224,"toggle":65536}
{"event":"present","width":1000,"height":700,"updates":9692,"presentations":9691,"marker":3878912,"toggle":65536}
{"event":"present","width":1000,"height":700,"updates":9722,"presentations":9721,"marker":6107136,"toggle":65536}
{"event":"present","width":1000,"height":700,"updates":9752,"presentations":9751,"marker":8400896,"toggle":65536}
{"event":"present","width":1000,"height":700,"updates":9782,"presentations":9781,"marker":10629120,"toggle":65536}
{"event":"present","width":1000,"height":700,"updates":9812,"presentations":9811,"marker":12857344,"toggle":65536}
{"event":"present","width":1000,"height":700,"updates":9842,"presentations":9841,"marker":15085568,"toggle":65536}
{"event":"present","width":1000,"height":700,"updates":9872,"presentations":9871,"marker":471296,"toggle":65536}
{"event":"present","width":1000,"height":700,"updates":9902,"presentations":9901,"marker":2633984,"toggle":65536}
{"event":"present","width":1000,"height":700,"updates":9932,"presentations":9931,"marker":4993280,"toggle":65536}
{"event":"present","width":1000,"height":700,"updates":9962,"presentations":9961,"marker":7155968,"toggle":65536}
{"event":"present","width":1000,"height":700,"updates":9992,"presentations":9991,"marker":9318656,"toggle":65536}
{"event":"present","width":1000,"height":700,"updates":10022,"presentations":10021,"marker":11677952,"toggle":65536}
{"event":"present","width":1000,"height":700,"updates":10052,"presentations":10051,"marker":13906176,"toggle":65536}
{"event":"present","width":1000,"height":700,"updates":10082,"presentations":10081,"marker":16068864,"toggle":65536}
{"event":"present","width":1000,"height":700,"updates":10112,"presentations":10111,"marker":1585664,"toggle":65536}
{"event":"present","width":1000,"height":700,"updates":10142,"presentations":10141,"marker":3813888,"toggle":65536}
{"event":"present","width":1000,"height":700,"updates":10172,"presentations":10171,"marker":5976576,"toggle":65536}
{"event":"present","width":1000,"height":700,"updates":10202,"presentations":10201,"marker":8270336,"toggle":65536}
{"event":"present","width":1000,"height":700,"updates":10232,"presentations":10231,"marker":10433024,"toggle":65536}
{"event":"present","width":1000,"height":700,"updates":10262,"presentations":10261,"marker":12595712,"toggle":65536}
{"event":"present","width":1000,"height":700,"updates":10292,"presentations":10291,"marker":14889472,"toggle":65536}
{"event":"present","width":1000,"height":700,"updates":10322,"presentations":10321,"marker":275200,"toggle":65536}
{"event":"present","width":1000,"height":700,"updates":10352,"presentations":10351,"marker":2503424,"toggle":65536}
{"event":"present","width":1000,"height":700,"updates":10382,"presentations":10381,"marker":4731648,"toggle":65536}
{"event":"present","width":1000,"height":700,"updates":10412,"presentations":10411,"marker":6894336,"toggle":65536}
{"event":"present","width":1000,"height":700,"updates":10442,"presentations":10441,"marker":9057024,"toggle":65536}
{"event":"present","width":1000,"height":700,"updates":10472,"presentations":10471,"marker":11219712,"toggle":65536}
{"event":"present","width":1000,"height":700,"updates":10502,"presentations":10501,"marker":13513472,"toggle":65536}
{"event":"present","width":1000,"height":700,"updates":10532,"presentations":10531,"marker":15676160,"toggle":65536}
{"event":"present","width":1000,"height":700,"updates":10562,"presentations":10561,"marker":1061888,"toggle":65536}
{"event":"present","width":1000,"height":700,"updates":10592,"presentations":10591,"marker":3355648,"toggle":65536}
{"event":"present","width":1000,"height":700,"updates":10622,"presentations":10621,"marker":5583872,"toggle":65536}
{"event":"present","width":1000,"height":700,"updates":10652,"presentations":10651,"marker":7746560,"toggle":65536}
{"event":"present","width":1000,"height":700,"updates":10682,"presentations":10681,"marker":10040320,"toggle":65536}
{"event":"present","width":1000,"height":700,"updates":10712,"presentations":10711,"marker":12203008,"toggle":65536}
{"event":"present","width":1000,"height":700,"updates":10742,"presentations":10741,"marker":14365696,"toggle":65536}
{"event":"present","width":1000,"height":700,"updates":10772,"presentations":10771,"marker":16724992,"toggle":65536}
{"event":"present","width":1000,"height":700,"updates":10802,"presentations":10801,"marker":2176256,"toggle":65536}
{"event":"present","width":1000,"height":700,"updates":10832,"presentations":10831,"marker":4404480,"toggle":65536}
{"event":"present","width":1000,"height":700,"updates":10862,"presentations":10861,"marker":6698240,"toggle":65536}
{"event":"present","width":1000,"height":700,"updates":10892,"presentations":10891,"marker":8860928,"toggle":65536}
{"event":"present","width":1000,"height":700,"updates":10922,"presentations":10921,"marker":11023616,"toggle":65536}
{"event":"present","width":1000,"height":700,"updates":10952,"presentations":10951,"marker":13317376,"toggle":65536}
{"event":"present","width":1000,"height":700,"updates":10982,"presentations":10981,"marker":15545600,"toggle":65536}
{"event":"present","width":1000,"height":700,"updates":11012,"presentations":11011,"marker":996864,"toggle":65536}
{"event":"present","width":1000,"height":700,"updates":11042,"presentations":11041,"marker":3225088,"toggle":65536}
{"event":"present","width":1000,"height":700,"updates":11072,"presentations":11071,"marker":5387776,"toggle":65536}
{"event":"present","width":1000,"height":700,"updates":11102,"presentations":11101,"marker":7550464,"toggle":65536}
{"event":"present","width":1000,"height":700,"updates":11132,"presentations":11131,"marker":9909760,"toggle":65536}
{"event":"present","width":1000,"height":700,"updates":11162,"presentations":11161,"marker":12137984,"toggle":65536}
{"event":"present","width":1000,"height":700,"updates":11192,"presentations":11191,"marker":14300672,"toggle":65536}
{"event":"present","width":1000,"height":700,"updates":11222,"presentations":11221,"marker":16659968,"toggle":65536}
{"event":"present","width":1000,"height":700,"updates":11252,"presentations":11251,"marker":2111232,"toggle":65536}
{"event":"present","width":1000,"height":700,"updates":11282,"presentations":11281,"marker":4404992,"toggle":65536}
{"event":"present","width":1000,"height":700,"updates":11312,"presentations":11311,"marker":6567680,"toggle":65536}
{"event":"present","width":1000,"height":700,"updates":11342,"presentations":11341,"marker":8730368,"toggle":65536}
{"event":"present","width":1000,"height":700,"updates":11372,"presentations":11371,"marker":11089664,"toggle":65536}
{"event":"present","width":1000,"height":700,"updates":11402,"presentations":11401,"marker":13252352,"toggle":65536}
{"event":"present","width":1000,"height":700,"updates":11432,"presentations":11431,"marker":15480576,"toggle":65536}
{"event":"present","width":1000,"height":700,"updates":11462,"presentations":11461,"marker":800768,"toggle":65536}
{"event":"present","width":1000,"height":700,"updates":11492,"presentations":11491,"marker":3160064,"toggle":65536}
{"event":"present","width":1000,"height":700,"updates":11522,"presentations":11521,"marker":5388288,"toggle":65536}
{"event":"present","width":1000,"height":700,"updates":11552,"presentations":11551,"marker":7550976,"toggle":65536}
{"event":"present","width":1000,"height":700,"updates":11582,"presentations":11581,"marker":9910272,"toggle":65536}
{"event":"present","width":1000,"height":700,"updates":11612,"presentations":11611,"marker":12007424,"toggle":65536}
{"event":"present","width":1000,"height":700,"updates":11642,"presentations":11641,"marker":14235648,"toggle":65536}
{"event":"present","width":1000,"height":700,"updates":11672,"presentations":11671,"marker":16398336,"toggle":65536}
{"event":"present","width":1000,"height":700,"updates":11702,"presentations":11701,"marker":1915136,"toggle":65536}
{"event":"present","width":1000,"height":700,"updates":11732,"presentations":11731,"marker":4143360,"toggle":65536}
{"event":"present","width":1000,"height":700,"updates":11762,"presentations":11761,"marker":6306048,"toggle":65536}
{"event":"present","width":1000,"height":700,"updates":11792,"presentations":11791,"marker":8534272,"toggle":65536}
{"event":"present","width":1000,"height":700,"updates":11822,"presentations":11821,"marker":10696960,"toggle":65536}
{"event":"present","width":1000,"height":700,"updates":11852,"presentations":11851,"marker":12925184,"toggle":65536}
{"event":"present","width":1000,"height":700,"updates":11882,"presentations":11881,"marker":15087872,"toggle":65536}
{"event":"present","width":1000,"height":700,"updates":11912,"presentations":11911,"marker":604672,"toggle":65536}
{"event":"present","width":1000,"height":700,"updates":11942,"presentations":11941,"marker":2701824,"toggle":65536}
{"event":"present","width":1000,"height":700,"updates":11972,"presentations":11971,"marker":4864512,"toggle":65536}
{"event":"present","width":1000,"height":700,"updates":12002,"presentations":12001,"marker":7027200,"toggle":65536}
{"event":"present","width":1000,"height":700,"updates":12032,"presentations":12031,"marker":9320960,"toggle":65536}
{"event":"present","width":1000,"height":700,"updates":12062,"presentations":12061,"marker":11483648,"toggle":65536}
{"event":"present","width":1000,"height":700,"updates":12092,"presentations":12091,"marker":13711872,"toggle":65536}
{"event":"present","width":1000,"height":700,"updates":12122,"presentations":12121,"marker":16071168,"toggle":65536}
{"event":"present","width":1000,"height":700,"updates":12152,"presentations":12151,"marker":1391360,"toggle":65536}
{"event":"present","width":1000,"height":700,"updates":12182,"presentations":12181,"marker":3619584,"toggle":65536}
{"event":"present","width":1000,"height":700,"updates":12212,"presentations":12211,"marker":5782272,"toggle":65536}
{"event":"present","width":1000,"height":700,"updates":12242,"presentations":12241,"marker":8141568,"toggle":65536}
{"event":"present","width":1000,"height":700,"updates":12272,"presentations":12271,"marker":10238720,"toggle":65536}
{"event":"present","width":1000,"height":700,"updates":12302,"presentations":12301,"marker":12401408,"toggle":65536}
{"event":"present","width":1000,"height":700,"updates":12332,"presentations":12331,"marker":14760704,"toggle":65536}
{"event":"present","width":1000,"height":700,"updates":12362,"presentations":12361,"marker":146432,"toggle":65536}
{"event":"present","width":1000,"height":700,"updates":12392,"presentations":12391,"marker":2374656,"toggle":65536}
{"event":"present","width":1000,"height":700,"updates":12422,"presentations":12421,"marker":4602880,"toggle":65536}
{"event":"present","width":1000,"height":700,"updates":12452,"presentations":12451,"marker":6896640,"toggle":65536}
{"event":"present","width":1000,"height":700,"updates":12482,"presentations":12481,"marker":9124864,"toggle":65536}
{"event":"present","width":1000,"height":700,"updates":12512,"presentations":12511,"marker":11353088,"toggle":65536}
{"event":"present","width":1000,"height":700,"updates":12542,"presentations":12541,"marker":13581312,"toggle":65536}
{"event":"present","width":1000,"height":700,"updates":12572,"presentations":12571,"marker":15744000,"toggle":65536}
{"event":"present","width":1000,"height":700,"updates":12602,"presentations":12601,"marker":1129728,"toggle":65536}
{"event":"present","width":1000,"height":700,"updates":12632,"presentations":12631,"marker":3357952,"toggle":65536}
{"event":"present","width":1000,"height":700,"updates":12662,"presentations":12661,"marker":5651712,"toggle":65536}
{"event":"present","width":1000,"height":700,"updates":12692,"presentations":12691,"marker":7879936,"toggle":65536}
{"event":"present","width":1000,"height":700,"updates":12722,"presentations":12721,"marker":9977088,"toggle":65536}
{"event":"present","width":1000,"height":700,"updates":12752,"presentations":12751,"marker":12336384,"toggle":65536}
{"event":"present","width":1000,"height":700,"updates":12782,"presentations":12781,"marker":14499072,"toggle":65536}
{"event":"present","width":1000,"height":700,"updates":12812,"presentations":12811,"marker":16661760,"toggle":65536}
{"event":"present","width":1000,"height":700,"updates":12842,"presentations":12841,"marker":2047488,"toggle":65536}
{"event":"present","width":1000,"height":700,"updates":12872,"presentations":12871,"marker":4406784,"toggle":65536}
{"event":"present","width":1000,"height":700,"updates":12902,"presentations":12901,"marker":6569472,"toggle":65536}
{"event":"present","width":1000,"height":700,"updates":12932,"presentations":12931,"marker":8732160,"toggle":65536}
{"event":"present","width":1000,"height":700,"updates":12962,"presentations":12961,"marker":11091456,"toggle":65536}
{"event":"present","width":1000,"height":700,"updates":12992,"presentations":12991,"marker":13188608,"toggle":65536}
{"event":"present","width":1000,"height":700,"updates":13022,"presentations":13021,"marker":15416832,"toggle":65536}
{"event":"present","width":1000,"height":700,"updates":13052,"presentations":13051,"marker":802560,"toggle":65536}
{"event":"present","width":1000,"height":700,"updates":13082,"presentations":13081,"marker":3096320,"toggle":65536}
{"event":"present","width":1000,"height":700,"updates":13112,"presentations":13111,"marker":5324544,"toggle":65536}
{"event":"present","width":1000,"height":700,"updates":13142,"presentations":13141,"marker":7552768,"toggle":65536}
{"event":"present","width":1000,"height":700,"updates":13172,"presentations":13171,"marker":9912064,"toggle":65536}
{"event":"present","width":1000,"height":700,"updates":13202,"presentations":13201,"marker":12074752,"toggle":65536}
{"event":"present","width":1000,"height":700,"updates":13232,"presentations":13231,"marker":14237440,"toggle":65536}
{"event":"present","width":1000,"height":700,"updates":13262,"presentations":13261,"marker":16531200,"toggle":65536}
{"event":"present","width":1000,"height":700,"updates":13292,"presentations":13291,"marker":1916928,"toggle":65536}
{"event":"present","width":1000,"height":700,"updates":13322,"presentations":13321,"marker":4145152,"toggle":65536}
{"event":"present","width":1000,"height":700,"updates":13352,"presentations":13351,"marker":6307840,"toggle":65536}
{"event":"present","width":1000,"height":700,"updates":13382,"presentations":13381,"marker":8667136,"toggle":65536}
{"event":"present","width":1000,"height":700,"updates":13412,"presentations":13411,"marker":10895360,"toggle":65536}
{"event":"present","width":1000,"height":700,"updates":13442,"presentations":13441,"marker":12992512,"toggle":65536}
{"event":"present","width":1000,"height":700,"updates":13472,"presentations":13471,"marker":15286272,"toggle":65536}
{"event":"present","width":1000,"height":700,"updates":13502,"presentations":13501,"marker":737536,"toggle":65536}
{"event":"present","width":1000,"height":700,"updates":13532,"presentations":13531,"marker":2965760,"toggle":65536}
{"event":"present","width":1000,"height":700,"updates":13562,"presentations":13561,"marker":5325056,"toggle":65536}
{"event":"present","width":1000,"height":700,"updates":13592,"presentations":13591,"marker":7487744,"toggle":65536}
{"event":"present","width":1000,"height":700,"updates":13622,"presentations":13621,"marker":9715968,"toggle":65536}
{"event":"present","width":1000,"height":700,"updates":13652,"presentations":13651,"marker":11944192,"toggle":65536}
{"event":"present","width":1000,"height":700,"updates":13682,"presentations":13681,"marker":14237952,"toggle":65536}
{"event":"present","width":1000,"height":700,"updates":13712,"presentations":13711,"marker":16466176,"toggle":65536}
{"event":"present","width":1000,"height":700,"updates":13742,"presentations":13741,"marker":1851904,"toggle":65536}
{"event":"present","width":1000,"height":700,"updates":13772,"presentations":13771,"marker":4211200,"toggle":65536}
{"event":"present","width":1000,"height":700,"updates":13802,"presentations":13801,"marker":6439424,"toggle":65536}
{"event":"present","width":1000,"height":700,"updates":13832,"presentations":13831,"marker":8667648,"toggle":65536}
{"event":"present","width":1000,"height":700,"updates":13862,"presentations":13861,"marker":10961408,"toggle":65536}
{"event":"present","width":1000,"height":700,"updates":13892,"presentations":13891,"marker":13189632,"toggle":65536}
{"event":"present","width":1000,"height":700,"updates":13922,"presentations":13921,"marker":15352320,"toggle":65536}
{"event":"present","width":1000,"height":700,"updates":13952,"presentations":13951,"marker":869120,"toggle":65536}
{"event":"present","width":1000,"height":700,"updates":13982,"presentations":13981,"marker":3097344,"toggle":65536}
{"event":"present","width":1000,"height":700,"updates":14012,"presentations":14011,"marker":5260032,"toggle":65536}
{"event":"present","width":1000,"height":700,"updates":14042,"presentations":14041,"marker":7422720,"toggle":65536}
{"event":"present","width":1000,"height":700,"updates":14072,"presentations":14071,"marker":9650944,"toggle":65536}
{"event":"present","width":1000,"height":700,"updates":14102,"presentations":14101,"marker":11879168,"toggle":65536}
{"event":"present","width":1000,"height":700,"updates":14132,"presentations":14131,"marker":14107392,"toggle":65536}
{"event":"present","width":1000,"height":700,"updates":14162,"presentations":14161,"marker":16401152,"toggle":65536}
{"event":"present","width":1000,"height":700,"updates":14192,"presentations":14191,"marker":1852416,"toggle":65536}
{"event":"present","width":1000,"height":700,"updates":14222,"presentations":14221,"marker":4080640,"toggle":65536}
{"event":"present","width":1000,"height":700,"updates":14252,"presentations":14251,"marker":6439936,"toggle":65536}
{"event":"present","width":1000,"height":700,"updates":14282,"presentations":14281,"marker":8668160,"toggle":65536}
{"event":"present","width":1000,"height":700,"updates":14312,"presentations":14311,"marker":10765312,"toggle":65536}
{"event":"present","width":1000,"height":700,"updates":14342,"presentations":14341,"marker":12993536,"toggle":65536}
{"event":"present","width":1000,"height":700,"updates":14372,"presentations":14371,"marker":15221760,"toggle":65536}
{"event":"present","width":1000,"height":700,"updates":14402,"presentations":14401,"marker":607488,"toggle":65536}
{"event":"present","width":1000,"height":700,"updates":14432,"presentations":14431,"marker":2835712,"toggle":65536}
{"event":"present","width":1000,"height":700,"updates":14462,"presentations":14461,"marker":4998400,"toggle":65536}
{"event":"present","width":1000,"height":700,"updates":14492,"presentations":14491,"marker":7292160,"toggle":65536}
{"event":"present","width":1000,"height":700,"updates":14522,"presentations":14521,"marker":9520384,"toggle":65536}
{"event":"present","width":1000,"height":700,"updates":14552,"presentations":14551,"marker":11683072,"toggle":65536}
{"event":"present","width":1000,"height":700,"updates":14582,"presentations":14581,"marker":13976832,"toggle":65536}
{"event":"present","width":1000,"height":700,"updates":14612,"presentations":14611,"marker":16205056,"toggle":65536}
{"event":"present","width":1000,"height":700,"updates":14642,"presentations":14641,"marker":1525248,"toggle":65536}
{"event":"present","width":1000,"height":700,"updates":14672,"presentations":14671,"marker":3753472,"toggle":65536}
{"event":"present","width":1000,"height":700,"updates":14702,"presentations":14701,"marker":6047232,"toggle":65536}
{"event":"present","width":1000,"height":700,"updates":14732,"presentations":14731,"marker":8209920,"toggle":65536}
{"event":"present","width":1000,"height":700,"updates":14762,"presentations":14761,"marker":10438144,"toggle":65536}
{"event":"present","width":1000,"height":700,"updates":14792,"presentations":14791,"marker":12666368,"toggle":65536}
{"event":"present","width":1000,"height":700,"updates":14822,"presentations":14821,"marker":14894592,"toggle":65536}
{"event":"present","width":1000,"height":700,"updates":14852,"presentations":14851,"marker":280320,"toggle":65536}
{"event":"present","width":1000,"height":700,"updates":14882,"presentations":14881,"marker":2508544,"toggle":65536}
{"event":"present","width":1000,"height":700,"updates":14912,"presentations":14911,"marker":4671232,"toggle":65536}
{"event":"present","width":1000,"height":700,"updates":14942,"presentations":14941,"marker":6899456,"toggle":65536}
{"event":"present","width":1000,"height":700,"updates":14972,"presentations":14971,"marker":9062144,"toggle":65536}
{"event":"present","width":1000,"height":700,"updates":15002,"presentations":15001,"marker":11355904,"toggle":65536}
{"event":"present","width":1000,"height":700,"updates":15032,"presentations":15031,"marker":13518592,"toggle":65536}
{"event":"present","width":1000,"height":700,"updates":15062,"presentations":15061,"marker":15746816,"toggle":65536}
{"event":"present","width":1000,"height":700,"updates":15092,"presentations":15091,"marker":1198080,"toggle":65536}
{"event":"present","width":1000,"height":700,"updates":15122,"presentations":15121,"marker":3491840,"toggle":65536}
{"event":"present","width":1000,"height":700,"updates":15152,"presentations":15151,"marker":5720064,"toggle":65536}
{"event":"present","width":1000,"height":700,"updates":15182,"presentations":15181,"marker":7817216,"toggle":65536}
{"event":"present","width":1000,"height":700,"updates":15212,"presentations":15211,"marker":9979904,"toggle":65536}
{"event":"present","width":1000,"height":700,"updates":15242,"presentations":15241,"marker":12273664,"toggle":65536}
{"event":"present","width":1000,"height":700,"updates":15272,"presentations":15271,"marker":14370816,"toggle":65536}
{"event":"present","width":1000,"height":700,"updates":15302,"presentations":15301,"marker":16599040,"toggle":65536}
{"event":"present","width":1000,"height":700,"updates":15332,"presentations":15331,"marker":1984768,"toggle":65536}
{"event":"present","width":1000,"height":700,"updates":15362,"presentations":15361,"marker":4278528,"toggle":65536}
{"event":"present","width":1000,"height":700,"updates":15392,"presentations":15391,"marker":6506752,"toggle":65536}
{"event":"present","width":1000,"height":700,"updates":15422,"presentations":15421,"marker":8669440,"toggle":65536}
{"event":"present","width":1000,"height":700,"updates":15452,"presentations":15451,"marker":10963200,"toggle":65536}
{"event":"present","width":1000,"height":700,"updates":15482,"presentations":15481,"marker":13060352,"toggle":65536}
{"event":"present","width":1000,"height":700,"updates":15512,"presentations":15511,"marker":15288576,"toggle":65536}
{"event":"present","width":1000,"height":700,"updates":15542,"presentations":15541,"marker":739840,"toggle":65536}
{"event":"present","width":1000,"height":700,"updates":15572,"presentations":15571,"marker":2968064,"toggle":65536}
{"event":"present","width":1000,"height":700,"updates":15602,"presentations":15601,"marker":5196288,"toggle":65536}
{"event":"present","width":1000,"height":700,"updates":15632,"presentations":15631,"marker":7424512,"toggle":65536}
{"event":"present","width":1000,"height":700,"updates":15662,"presentations":15661,"marker":9652736,"toggle":65536}
{"event":"present","width":1000,"height":700,"updates":15692,"presentations":15691,"marker":11880960,"toggle":65536}
{"event":"present","width":1000,"height":700,"updates":15722,"presentations":15721,"marker":13978112,"toggle":65536}
{"event":"present","width":1000,"height":700,"updates":15752,"presentations":15751,"marker":16075264,"toggle":65536}
{"event":"present","width":1000,"height":700,"updates":15782,"presentations":15781,"marker":1592064,"toggle":65536}
{"event":"present","width":1000,"height":700,"updates":15812,"presentations":15811,"marker":3820288,"toggle":65536}
{"event":"present","width":1000,"height":700,"updates":15842,"presentations":15841,"marker":5982976,"toggle":65536}
{"event":"present","width":1000,"height":700,"updates":15872,"presentations":15871,"marker":8145664,"toggle":65536}
{"event":"present","width":1000,"height":700,"updates":15902,"presentations":15901,"marker":10439424,"toggle":65536}
{"event":"present","width":1000,"height":700,"updates":15932,"presentations":15931,"marker":12667648,"toggle":65536}
{"event":"present","width":1000,"height":700,"updates":15962,"presentations":15961,"marker":14895872,"toggle":65536}
{"event":"present","width":1000,"height":700,"updates":15992,"presentations":15991,"marker":412672,"toggle":65536}
{"event":"present","width":1000,"height":700,"updates":16022,"presentations":16021,"marker":2509824,"toggle":65536}
{"event":"present","width":1000,"height":700,"updates":16052,"presentations":16051,"marker":4672512,"toggle":65536}
{"event":"present","width":1000,"height":700,"updates":16082,"presentations":16081,"marker":6835200,"toggle":65536}
{"event":"present","width":1000,"height":700,"updates":16112,"presentations":16111,"marker":9128960,"toggle":65536}
{"event":"present","width":1000,"height":700,"updates":16142,"presentations":16141,"marker":11357184,"toggle":65536}
{"event":"present","width":1000,"height":700,"updates":16172,"presentations":16171,"marker":13585408,"toggle":65536}
{"event":"present","width":1000,"height":700,"updates":16202,"presentations":16201,"marker":15813632,"toggle":65536}
{"event":"present","width":1000,"height":700,"updates":16232,"presentations":16231,"marker":1199360,"toggle":65536}
{"event":"present","width":1000,"height":700,"updates":16262,"presentations":16261,"marker":3362048,"toggle":65536}
{"event":"present","width":1000,"height":700,"updates":16292,"presentations":16291,"marker":5524736,"toggle":65536}
{"event":"present","width":1000,"height":700,"updates":16322,"presentations":16321,"marker":7884032,"toggle":65536}
{"event":"present","width":1000,"height":700,"updates":16352,"presentations":16351,"marker":10046720,"toggle":65536}
{"event":"present","width":1000,"height":700,"updates":16382,"presentations":16381,"marker":12209408,"toggle":65536}
{"event":"present","width":1000,"height":700,"updates":16412,"presentations":16411,"marker":14503168,"toggle":65536}
{"event":"present","width":1000,"height":700,"updates":16442,"presentations":16441,"marker":16731392,"toggle":65536}
{"event":"present","width":1000,"height":700,"updates":16472,"presentations":16471,"marker":2182656,"toggle":65536}
{"event":"present","width":1000,"height":700,"updates":16502,"presentations":16501,"marker":4410880,"toggle":65536}
{"event":"present","width":1000,"height":700,"updates":16532,"presentations":16531,"marker":6639104,"toggle":65536}
{"event":"present","width":1000,"height":700,"updates":16562,"presentations":16561,"marker":8867328,"toggle":65536}
{"event":"present","width":1000,"height":700,"updates":16592,"presentations":16591,"marker":11095552,"toggle":65536}
{"event":"present","width":1000,"height":700,"updates":16622,"presentations":16621,"marker":13323776,"toggle":65536}
{"event":"present","width":1000,"height":700,"updates":16652,"presentations":16651,"marker":15552000,"toggle":65536}
{"event":"present","width":1000,"height":700,"updates":16682,"presentations":16681,"marker":872192,"toggle":65536}
{"event":"present","width":1000,"height":700,"updates":16712,"presentations":16711,"marker":3100416,"toggle":65536}
{"event":"present","width":1000,"height":700,"updates":16742,"presentations":16741,"marker":5328640,"toggle":65536}
{"event":"present","width":1000,"height":700,"updates":16772,"presentations":16771,"marker":7556864,"toggle":65536}
{"event":"present","width":1000,"height":700,"updates":16802,"presentations":16801,"marker":9719552,"toggle":65536}
{"event":"present","width":1000,"height":700,"updates":16832,"presentations":16831,"marker":12078848,"toggle":65536}
{"event":"present","width":1000,"height":700,"updates":16862,"presentations":16861,"marker":14241536,"toggle":65536}
{"event":"present","width":1000,"height":700,"updates":16892,"presentations":16891,"marker":16469760,"toggle":65536}
{"event":"present","width":1000,"height":700,"updates":16922,"presentations":16921,"marker":1855488,"toggle":65536}
{"event":"present","width":1000,"height":700,"updates":16952,"presentations":16951,"marker":4083712,"toggle":65536}
{"event":"present","width":1000,"height":700,"updates":16982,"presentations":16981,"marker":6311936,"toggle":65536}
{"event":"present","width":1000,"height":700,"updates":17012,"presentations":17011,"marker":8474624,"toggle":65536}
{"event":"present","width":1000,"height":700,"updates":17042,"presentations":17041,"marker":10768384,"toggle":65536}
{"event":"present","width":1000,"height":700,"updates":17072,"presentations":17071,"marker":12996608,"toggle":65536}
{"event":"present","width":1000,"height":700,"updates":17102,"presentations":17101,"marker":15159296,"toggle":65536}
{"event":"present","width":1000,"height":700,"updates":17132,"presentations":17131,"marker":741632,"toggle":65536}
{"event":"present","width":1000,"height":700,"updates":17162,"presentations":17161,"marker":2969856,"toggle":65536}
{"event":"present","width":1000,"height":700,"updates":17192,"presentations":17191,"marker":5198080,"toggle":65536}
{"event":"present","width":1000,"height":700,"updates":17222,"presentations":17221,"marker":7360768,"toggle":65536}
{"event":"present","width":1000,"height":700,"updates":17252,"presentations":17251,"marker":9654528,"toggle":65536}
{"event":"present","width":1000,"height":700,"updates":17282,"presentations":17281,"marker":11817216,"toggle":65536}
{"event":"present","width":1000,"height":700,"updates":17312,"presentations":17311,"marker":14045440,"toggle":65536}
{"event":"present","width":1000,"height":700,"updates":17342,"presentations":17341,"marker":16339200,"toggle":65536}
{"event":"present","width":1000,"height":700,"updates":17372,"presentations":17371,"marker":1790464,"toggle":65536}
{"event":"present","width":1000,"height":700,"updates":17402,"presentations":17401,"marker":3953152,"toggle":65536}
{"event":"present","width":1000,"height":700,"updates":17432,"presentations":17431,"marker":6312448,"toggle":65536}
{"event":"present","width":1000,"height":700,"updates":17462,"presentations":17461,"marker":8540672,"toggle":65536}
{"event":"present","width":1000,"height":700,"updates":17492,"presentations":17491,"marker":10768896,"toggle":65536}
{"event":"present","width":1000,"height":700,"updates":17522,"presentations":17521,"marker":12866048,"toggle":65536}
{"event":"present","width":1000,"height":700,"updates":17552,"presentations":17551,"marker":15225344,"toggle":65536}
{"event":"present","width":1000,"height":700,"updates":17582,"presentations":17581,"marker":611072,"toggle":65536}
{"event":"present","width":1000,"height":700,"updates":17612,"presentations":17611,"marker":2773760,"toggle":65536}
{"event":"present","width":1000,"height":700,"updates":17642,"presentations":17641,"marker":5067520,"toggle":65536}
{"event":"present","width":1000,"height":700,"updates":17672,"presentations":17671,"marker":7230208,"toggle":65536}
{"event":"present","width":1000,"height":700,"updates":17702,"presentations":17701,"marker":9458432,"toggle":65536}
{"event":"present","width":1000,"height":700,"updates":17732,"presentations":17731,"marker":11686656,"toggle":65536}
{"event":"present","width":1000,"height":700,"updates":17762,"presentations":17761,"marker":14045952,"toggle":65536}
{"event":"present","width":1000,"height":700,"updates":17792,"presentations":17791,"marker":16208640,"toggle":65536}
{"event":"present","width":1000,"height":700,"updates":17822,"presentations":17821,"marker":1594368,"toggle":65536}
{"event":"present","width":1000,"height":700,"updates":17852,"presentations":17851,"marker":3953664,"toggle":65536}
{"event":"present","width":1000,"height":700,"updates":17882,"presentations":17881,"marker":6116352,"toggle":65536}
{"event":"present","width":1000,"height":700,"updates":17912,"presentations":17911,"marker":8344576,"toggle":65536}
{"event":"present","width":1000,"height":700,"updates":17942,"presentations":17941,"marker":10638336,"toggle":65536}
{"event":"present","width":1000,"height":700,"updates":17972,"presentations":17971,"marker":12866560,"toggle":65536}
{"event":"present","width":1000,"height":700,"updates":18002,"presentations":18001,"marker":14963712,"toggle":65536}
{"event":"present","width":1000,"height":700,"updates":18032,"presentations":18031,"marker":349440,"toggle":65536}
{"event":"present","width":1000,"height":700,"updates":18062,"presentations":18061,"marker":2708736,"toggle":65536}
{"event":"present","width":1000,"height":700,"updates":18092,"presentations":18091,"marker":4805888,"toggle":65536}
{"event":"present","width":1000,"height":700,"updates":18122,"presentations":18121,"marker":7034112,"toggle":65536}
{"event":"present","width":1000,"height":700,"updates":18152,"presentations":18151,"marker":9327872,"toggle":65536}
{"event":"present","width":1000,"height":700,"updates":18182,"presentations":18181,"marker":11556096,"toggle":65536}
{"event":"present","width":1000,"height":700,"updates":18212,"presentations":18211,"marker":13784320,"toggle":65536}
{"event":"present","width":1000,"height":700,"updates":18242,"presentations":18241,"marker":15947008,"toggle":65536}
{"event":"present","width":1000,"height":700,"updates":18272,"presentations":18271,"marker":1463808,"toggle":65536}
{"event":"present","width":1000,"height":700,"updates":18302,"presentations":18301,"marker":3626496,"toggle":65536}
{"event":"present","width":1000,"height":700,"updates":18332,"presentations":18331,"marker":5789184,"toggle":65536}
{"event":"present","width":1000,"height":700,"updates":18362,"presentations":18361,"marker":8082944,"toggle":65536}
{"event":"present","width":1000,"height":700,"updates":18392,"presentations":18391,"marker":10311168,"toggle":65536}
{"event":"present","width":1000,"height":700,"updates":18422,"presentations":18421,"marker":12408320,"toggle":65536}
{"event":"present","width":1000,"height":700,"updates":18452,"presentations":18451,"marker":14505472,"toggle":65536}
{"event":"present","width":1000,"height":700,"updates":18482,"presentations":18481,"marker":22272,"toggle":65536}
{"event":"present","width":1000,"height":700,"updates":18512,"presentations":18511,"marker":2250496,"toggle":65536}
{"event":"present","width":1000,"height":700,"updates":18542,"presentations":18541,"marker":4478720,"toggle":65536}
{"event":"present","width":1000,"height":700,"updates":18572,"presentations":18571,"marker":6575872,"toggle":65536}
{"event":"present","width":1000,"height":700,"updates":18602,"presentations":18601,"marker":8804096,"toggle":65536}
{"event":"present","width":1000,"height":700,"updates":18632,"presentations":18631,"marker":11032320,"toggle":65536}
{"event":"present","width":1000,"height":700,"updates":18662,"presentations":18661,"marker":13129472,"toggle":65536}
{"event":"present","width":1000,"height":700,"updates":18692,"presentations":18691,"marker":15226624,"toggle":65536}
{"event":"present","width":1000,"height":700,"updates":18722,"presentations":18721,"marker":612352,"toggle":65536}
{"event":"present","width":1000,"height":700,"updates":18752,"presentations":18751,"marker":2906112,"toggle":65536}
{"event":"present","width":1000,"height":700,"updates":18782,"presentations":18781,"marker":5068800,"toggle":65536}
{"event":"present","width":1000,"height":700,"updates":18812,"presentations":18811,"marker":7231488,"toggle":65536}
{"event":"present","width":1000,"height":700,"updates":18842,"presentations":18841,"marker":9525248,"toggle":65536}
{"event":"present","width":1000,"height":700,"updates":18872,"presentations":18871,"marker":11753472,"toggle":65536}
{"event":"present","width":1000,"height":700,"updates":18902,"presentations":18901,"marker":13981696,"toggle":65536}
{"event":"present","width":1000,"height":700,"updates":18932,"presentations":18931,"marker":16209920,"toggle":65536}
{"event":"present","width":1000,"height":700,"updates":18962,"presentations":18961,"marker":1661184,"toggle":65536}
{"event":"present","width":1000,"height":700,"updates":18992,"presentations":18991,"marker":3823872,"toggle":65536}
{"event":"present","width":1000,"height":700,"updates":19022,"presentations":19021,"marker":5986560,"toggle":65536}
{"event":"present","width":1000,"height":700,"updates":19052,"presentations":19051,"marker":8345856,"toggle":65536}
{"event":"present","width":1000,"height":700,"updates":19082,"presentations":19081,"marker":10508544,"toggle":65536}
{"event":"present","width":1000,"height":700,"updates":19112,"presentations":19111,"marker":12671232,"toggle":65536}
{"event":"present","width":1000,"height":700,"updates":19142,"presentations":19141,"marker":15030528,"toggle":65536}
{"event":"present","width":1000,"height":700,"updates":19172,"presentations":19171,"marker":481792,"toggle":65536}
{"event":"present","width":1000,"height":700,"updates":19202,"presentations":19201,"marker":2710016,"toggle":65536}
{"event":"present","width":1000,"height":700,"updates":19232,"presentations":19231,"marker":5069312,"toggle":65536}
{"event":"present","width":1000,"height":700,"updates":19262,"presentations":19261,"marker":7232000,"toggle":65536}
{"event":"present","width":1000,"height":700,"updates":19292,"presentations":19291,"marker":9460224,"toggle":65536}
{"event":"present","width":1000,"height":700,"updates":19322,"presentations":19321,"marker":11622912,"toggle":65536}
{"event":"present","width":1000,"height":700,"updates":19352,"presentations":19351,"marker":13916672,"toggle":65536}
{"event":"present","width":1000,"height":700,"updates":19382,"presentations":19381,"marker":16079360,"toggle":65536}
{"event":"present","width":1000,"height":700,"updates":19412,"presentations":19411,"marker":1530624,"toggle":65536}
{"event":"present","width":1000,"height":700,"updates":19442,"presentations":19441,"marker":3824384,"toggle":65536}
{"event":"present","width":1000,"height":700,"updates":19472,"presentations":19471,"marker":5987072,"toggle":65536}
{"event":"present","width":1000,"height":700,"updates":19502,"presentations":19501,"marker":8215296,"toggle":65536}
{"event":"present","width":1000,"height":700,"updates":19532,"presentations":19531,"marker":10377984,"toggle":65536}
{"event":"present","width":1000,"height":700,"updates":19562,"presentations":19561,"marker":12606208,"toggle":65536}
{"event":"present","width":1000,"height":700,"updates":19592,"presentations":19591,"marker":14768896,"toggle":65536}
{"event":"present","width":1000,"height":700,"updates":19622,"presentations":19621,"marker":220160,"toggle":65536}
{"event":"present","width":1000,"height":700,"updates":19652,"presentations":19651,"marker":2513920,"toggle":65536}
{"event":"present","width":1000,"height":700,"updates":19682,"presentations":19681,"marker":4676608,"toggle":65536}
{"event":"present","width":1000,"height":700,"updates":19712,"presentations":19711,"marker":6904832,"toggle":65536}
App terminated due to signal 9.
