09:12:07  Acquired tunnel connection to device.
09:12:07  Enabling developer disk image services.
09:12:07  Acquired usage assertion.
Launched application with com.veezee.browser-spike bundle identifier.
Waiting for the application to terminate…
13/09/2026 09:12:07 VNC server supports protocol version 3.8 (viewer 3.8)
13/09/2026 09:12:07 We have 1 security types to read
13/09/2026 09:12:07 0) Received security type 1
13/09/2026 09:12:07 Selecting security type 1 (0/1 in the list)
13/09/2026 09:12:07 Selected Security Scheme 1
13/09/2026 09:12:07 No authentication needed
13/09/2026 09:12:07 VNC authentication succeeded
13/09/2026 09:12:07 Desktop name "WVE-79 Chromium framebuffer"
13/09/2026 09:12:07 Connected to VNC server, using protocol version 3.8
13/09/2026 09:12:07 VNC server default format:
{"event":"connected","audio":false}
13/09/2026 09:12:07   32 bits per pixel.
13/09/2026 09:12:07   Least significant byte first in each pixel.
13/09/2026 09:12:07   TRUE colour: max red 255 green 255 blue 255, shift red 16 green 8 blue 0
{"event":"present","width":800,"height":600,"updates":1,"presentations":1,"marker":0,"toggle":0}
13/09/2026 09:12:07 client2server supported messages (bit flags)
13/09/2026 09:12:07 00: 00ff 0081 0000 0000 - 0000 0000 0000 0000
13/09/2026 09:12:07 08: 0000 0000 0000 0000 - 0000 0000 0000 0000
13/09/2026 09:12:07 10: 0000 0000 0000 0000 - 0000 0000 0000 0000
13/09/2026 09:12:07 18: 0000 0000 0000 0000 - 0000 0000 0000 0008
13/09/2026 09:12:07 server2client supported messages (bit flags)
13/09/2026 09:12:07 00: 001f 0080 0000 0000 - 0000 0000 0000 0000
13/09/2026 09:12:07 08: 0000 0000 0000 0000 - 0000 0000 0000 0000
13/09/2026 09:12:07 10: 0000 0000 0000 0000 - 0000 0000 0000 0000
13/09/2026 09:12:07 18: 0000 0000 0000 0000 - 0000 0000 0000 0000
13/09/2026 09:12:07 Connected to Server "unknown (LibVNCServer 0.9.15)"
{"event":"present","width":800,"height":600,"updates":31,"presentations":31,"marker":1057587,"toggle":1057587}
{"event":"present","width":800,"height":600,"updates":61,"presentations":61,"marker":1057587,"toggle":1057587}
{"event":"present","width":800,"height":600,"updates":91,"presentations":91,"marker":1057587,"toggle":1057587}
{"event":"present","width":800,"height":600,"updates":121,"presentations":121,"marker":1057587,"toggle":1057587}
{"event":"present","width":800,"height":600,"updates":151,"presentations":151,"marker":1057587,"toggle":1057587}
{"event":"present","width":800,"height":600,"updates":181,"presentations":181,"marker":1057587,"toggle":1057587}
{"event":"present","width":800,"height":600,"updates":211,"presentations":211,"marker":1057587,"toggle":1057587}
{"event":"present","width":800,"height":600,"updates":241,"presentations":241,"marker":1057587,"toggle":1057587}
{"event":"present","width":800,"height":600,"updates":271,"presentations":271,"marker":1057587,"toggle":1057587}
{"event":"present","width":800,"height":600,"updates":301,"presentations":301,"marker":1057587,"toggle":1057587}
{"event":"present","width":800,"height":600,"updates":331,"presentations":331,"marker":1057587,"toggle":1057587}
{"event":"present","width":800,"height":600,"updates":361,"presentations":361,"marker":1057587,"toggle":1057587}
{"event":"present","width":800,"height":600,"updates":391,"presentations":391,"marker":1057587,"toggle":1057587}
{"event":"present","width":800,"height":600,"updates":421,"presentations":421,"marker":1057587,"toggle":1057587}
{"event":"present","width":800,"height":600,"updates":451,"presentations":451,"marker":1057587,"toggle":1057587}
{"event":"present","width":800,"height":600,"updates":481,"presentations":481,"marker":1057587,"toggle":1057587}
{"event":"present","width":800,"height":600,"updates":511,"presentations":511,"marker":1057587,"toggle":1057587}
{"event":"present","width":800,"height":600,"updates":541,"presentations":541,"marker":1057587,"toggle":1057587}
{"event":"present","width":800,"height":600,"updates":571,"presentations":571,"marker":1057587,"toggle":1057587}
{"event":"present","width":800,"height":600,"updates":601,"presentations":601,"marker":1057587,"toggle":1057587}
{"event":"present","width":800,"height":600,"updates":631,"presentations":631,"marker":1057587,"toggle":1057587}
{"event":"present","width":800,"height":600,"updates":661,"presentations":661,"marker":1057587,"toggle":1057587}
{"event":"present","width":800,"height":600,"updates":691,"presentations":691,"marker":1057587,"toggle":1057587}
{"event":"present","width":800,"height":600,"updates":721,"presentations":721,"marker":1057587,"toggle":1057587}
{"event":"present","width":800,"height":600,"updates":751,"presentations":751,"marker":1057587,"toggle":1057587}
{"event":"present","width":800,"height":600,"updates":781,"presentations":781,"marker":1057587,"toggle":1057587}
{"event":"present","width":800,"height":600,"updates":811,"presentations":811,"marker":1057587,"toggle":1057587}
{"event":"present","width":800,"height":600,"updates":841,"presentations":841,"marker":1057587,"toggle":1057587}
{"event":"present","width":800,"height":600,"updates":871,"presentations":871,"marker":1057587,"toggle":1057587}
{"event":"present","width":800,"height":600,"updates":901,"presentations":901,"marker":1057587,"toggle":1057587}
{"event":"present","width":800,"height":600,"updates":931,"presentations":931,"marker":1057587,"toggle":1057587}
{"event":"present","width":800,"height":600,"updates":961,"presentations":961,"marker":1057587,"toggle":1057587}
{"event":"present","width":800,"height":600,"updates":991,"presentations":991,"marker":1057587,"toggle":1057587}
{"event":"present","width":800,"height":600,"updates":1021,"presentations":1021,"marker":1057587,"toggle":1057587}
{"event":"present","width":800,"height":600,"updates":1051,"presentations":1051,"marker":1057587,"toggle":1057587}
{"event":"present","width":800,"height":600,"updates":1081,"presentations":1081,"marker":1057587,"toggle":1057587}
{"event":"present","width":800,"height":600,"updates":1111,"presentations":1111,"marker":1057587,"toggle":1057587}
{"event":"present","width":800,"height":600,"updates":1141,"presentations":1141,"marker":1057587,"toggle":1057587}
{"event":"present","width":800,"height":600,"updates":1171,"presentations":1171,"marker":1057587,"toggle":1057587}
{"event":"present","width":800,"height":600,"updates":1201,"presentations":1201,"marker":1057587,"toggle":1057587}
{"event":"present","width":800,"height":600,"updates":1231,"presentations":1231,"marker":1057587,"toggle":1057587}
{"event":"present","width":800,"height":600,"updates":1261,"presentations":1261,"marker":1057587,"toggle":1057587}
{"event":"present","width":800,"height":600,"updates":1291,"presentations":1291,"marker":1057587,"toggle":1057587}
{"event":"present","width":800,"height":600,"updates":1321,"presentations":1321,"marker":1057587,"toggle":1057587}
{"event":"present","width":800,"height":600,"updates":1351,"presentations":1351,"marker":1057587,"toggle":1057587}
{"event":"present","width":800,"height":600,"updates":1381,"presentations":1381,"marker":1057587,"toggle":1057587}
{"event":"present","width":800,"height":600,"updates":1411,"presentations":1411,"marker":1057587,"toggle":1057587}
{"event":"present","width":800,"height":600,"updates":1441,"presentations":1441,"marker":1057587,"toggle":1057587}
{"event":"present","width":800,"height":600,"updates":1471,"presentations":1471,"marker":1057587,"toggle":1057587}
{"event":"present","width":800,"height":600,"updates":1501,"presentations":1501,"marker":1057587,"toggle":1057587}
{"event":"present","width":800,"height":600,"updates":1531,"presentations":1531,"marker":1057587,"toggle":1057587}
{"event":"present","width":800,"height":600,"updates":1561,"presentations":1561,"marker":1057587,"toggle":1057587}
{"event":"present","width":800,"height":600,"updates":1591,"presentations":1591,"marker":1057587,"toggle":1057587}
{"event":"present","width":800,"height":600,"updates":1621,"presentations":1621,"marker":1057587,"toggle":1057587}
{"event":"present","width":800,"height":600,"updates":1651,"presentations":1651,"marker":1057587,"toggle":1057587}
{"event":"present","width":800,"height":600,"updates":1681,"presentations":1681,"marker":1057587,"toggle":1057587}
{"event":"present","width":800,"height":600,"updates":1711,"presentations":1711,"marker":1057587,"toggle":1057587}
{"event":"present","width":800,"height":600,"updates":1741,"presentations":1741,"marker":1057587,"toggle":1057587}
{"event":"present","width":800,"height":600,"updates":1771,"presentations":1771,"marker":1057587,"toggle":1057587}
{"event":"present","width":800,"height":600,"updates":1801,"presentations":1801,"marker":1057587,"toggle":1057587}
{"event":"present","width":800,"height":600,"updates":1831,"presentations":1831,"marker":1057587,"toggle":1057587}
{"event":"present","width":800,"height":600,"updates":1861,"presentations":1861,"marker":1057587,"toggle":1057587}
{"event":"present","width":800,"height":600,"updates":1891,"presentations":1891,"marker":1057587,"toggle":1057587}
{"event":"present","width":800,"height":600,"updates":1921,"presentations":1921,"marker":1057587,"toggle":1057587}
{"event":"present","width":800,"height":600,"updates":1951,"presentations":1951,"marker":1057587,"toggle":1057587}
{"event":"present","width":800,"height":600,"updates":1981,"presentations":1981,"marker":1057587,"toggle":1057587}
{"event":"present","width":800,"height":600,"updates":2011,"presentations":2011,"marker":1057587,"toggle":1057587}
{"event":"present","width":800,"height":600,"updates":2041,"presentations":2041,"marker":1057587,"toggle":1057587}
{"event":"present","width":800,"height":600,"updates":2071,"presentations":2071,"marker":1057587,"toggle":1057587}
{"event":"present","width":800,"height":600,"updates":2101,"presentations":2101,"marker":1057587,"toggle":1057587}
{"event":"present","width":800,"height":600,"updates":2131,"presentations":2131,"marker":1057587,"toggle":1057587}
{"event":"present","width":800,"height":600,"updates":2161,"presentations":2161,"marker":1057587,"toggle":1057587}
{"event":"present","width":800,"height":600,"updates":2191,"presentations":2191,"marker":1057587,"toggle":1057587}
{"event":"present","width":800,"height":600,"updates":2221,"presentations":2221,"marker":1057587,"toggle":1057587}
{"event":"present","width":800,"height":600,"updates":2251,"presentations":2251,"marker":1057587,"toggle":1057587}
{"event":"present","width":800,"height":600,"updates":2281,"presentations":2281,"marker":1057587,"toggle":1057587}
{"event":"present","width":800,"height":600,"updates":2311,"presentations":2311,"marker":1057587,"toggle":1057587}
{"event":"present","width":800,"height":600,"updates":2341,"presentations":2341,"marker":1057587,"toggle":1057587}
{"event":"present","width":800,"height":600,"updates":2371,"presentations":2371,"marker":1057587,"toggle":1057587}
{"event":"present","width":800,"height":600,"updates":2401,"presentations":2401,"marker":1057587,"toggle":1057587}
{"event":"present","width":800,"height":600,"updates":2431,"presentations":2431,"marker":1057587,"toggle":1057587}
{"event":"present","width":800,"height":600,"updates":2461,"presentations":2461,"marker":1057587,"toggle":1057587}
{"event":"present","width":800,"height":600,"updates":2491,"presentations":2491,"marker":1057587,"toggle":1057587}
{"event":"present","width":800,"height":600,"updates":2521,"presentations":2521,"marker":1057587,"toggle":1057587}
{"event":"present","width":800,"height":600,"updates":2551,"presentations":2551,"marker":1057587,"toggle":1057587}
{"event":"present","width":800,"height":600,"updates":2581,"presentations":2581,"marker":1057587,"toggle":1057587}
{"event":"present","width":800,"height":600,"updates":2611,"presentations":2611,"marker":1057587,"toggle":1057587}
{"event":"present","width":800,"height":600,"updates":2641,"presentations":2641,"marker":1057587,"toggle":1057587}
{"event":"present","width":800,"height":600,"updates":2671,"presentations":2671,"marker":1057587,"toggle":1057587}
{"event":"present","width":800,"height":600,"updates":2701,"presentations":2701,"marker":1057587,"toggle":1057587}
{"event":"present","width":800,"height":600,"updates":2731,"presentations":2731,"marker":1057587,"toggle":1057587}
{"event":"present","width":800,"height":600,"updates":2761,"presentations":2761,"marker":1057587,"toggle":1057587}
{"event":"present","width":800,"height":600,"updates":2791,"presentations":2791,"marker":1057587,"toggle":1057587}
{"event":"present","width":800,"height":600,"updates":2821,"presentations":2821,"marker":1057587,"toggle":1057587}
{"event":"present","width":800,"height":600,"updates":2851,"presentations":2851,"marker":1057587,"toggle":1057587}
{"event":"present","width":800,"height":600,"updates":2881,"presentations":2881,"marker":1057587,"toggle":1057587}
{"event":"present","width":800,"height":600,"updates":2911,"presentations":2911,"marker":1057587,"toggle":1057587}
{"event":"present","width":800,"height":600,"updates":2941,"presentations":2941,"marker":1057587,"toggle":1057587}
{"event":"present","width":800,"height":600,"updates":2971,"presentations":2971,"marker":1057587,"toggle":1057587}
{"event":"present","width":800,"height":600,"updates":3001,"presentations":3001,"marker":1057587,"toggle":1057587}
{"event":"present","width":800,"height":600,"updates":3031,"presentations":3031,"marker":1057587,"toggle":1057587}
{"event":"present","width":800,"height":600,"updates":3061,"presentations":3061,"marker":1057587,"toggle":1057587}
{"event":"present","width":800,"height":600,"updates":3091,"presentations":3091,"marker":1057587,"toggle":1057587}
{"event":"present","width":800,"height":600,"updates":3121,"presentations":3121,"marker":1057587,"toggle":1057587}
{"event":"present","width":800,"height":600,"updates":3151,"presentations":3151,"marker":1057587,"toggle":1057587}
{"event":"present","width":800,"height":600,"updates":3181,"presentations":3181,"marker":1057587,"toggle":1057587}
{"event":"present","width":800,"height":600,"updates":3211,"presentations":3211,"marker":1057587,"toggle":1057587}
{"event":"present","width":800,"height":600,"updates":3241,"presentations":3241,"marker":1057587,"toggle":1057587}
{"event":"present","width":800,"height":600,"updates":3271,"presentations":3271,"marker":1057587,"toggle":1057587}
{"event":"present","width":800,"height":600,"updates":3301,"presentations":3301,"marker":1057587,"toggle":1057587}
{"event":"present","width":800,"height":600,"updates":3331,"presentations":3331,"marker":1057587,"toggle":1057587}
{"event":"present","width":800,"height":600,"updates":3361,"presentations":3361,"marker":1057587,"toggle":1057587}
{"event":"present","width":800,"height":600,"updates":3391,"presentations":3391,"marker":1057587,"toggle":1057587}
{"event":"present","width":800,"height":600,"updates":3421,"presentations":3421,"marker":1057587,"toggle":1057587}
{"event":"present","width":800,"height":600,"updates":3451,"presentations":3451,"marker":1057587,"toggle":1057587}
{"event":"present","width":800,"height":600,"updates":3481,"presentations":3481,"marker":1057587,"toggle":1057587}
{"event":"present","width":800,"height":600,"updates":3511,"presentations":3511,"marker":1057587,"toggle":1057587}
{"event":"present","width":800,"height":600,"updates":3541,"presentations":3541,"marker":1057587,"toggle":1057587}
{"event":"present","width":800,"height":600,"updates":3571,"presentations":3571,"marker":1057587,"toggle":1057587}
{"event":"present","width":800,"height":600,"updates":3601,"presentations":3601,"marker":1057587,"toggle":1057587}
{"event":"present","width":800,"height":600,"updates":3631,"presentations":3631,"marker":1057587,"toggle":1057587}
{"event":"present","width":800,"height":600,"updates":3661,"presentations":3661,"marker":1057587,"toggle":1057587}
{"event":"present","width":800,"height":600,"updates":3691,"presentations":3691,"marker":1057587,"toggle":1057587}
{"event":"present","width":800,"height":600,"updates":3721,"presentations":3721,"marker":1057587,"toggle":1057587}
{"event":"present","width":800,"height":600,"updates":3751,"presentations":3751,"marker":1057587,"toggle":1057587}
{"event":"present","width":800,"height":600,"updates":3781,"presentations":3781,"marker":1057587,"toggle":1057587}
{"event":"present","width":800,"height":600,"updates":3811,"presentations":3811,"marker":1057587,"toggle":1057587}
{"event":"present","width":800,"height":600,"updates":3841,"presentations":3841,"marker":1057587,"toggle":1057587}
{"event":"present","width":800,"height":600,"updates":3871,"presentations":3871,"marker":1057587,"toggle":1057587}
{"event":"present","width":800,"height":600,"updates":3901,"presentations":3901,"marker":1057587,"toggle":1057587}
{"event":"present","width":800,"height":600,"updates":3931,"presentations":3931,"marker":1057587,"toggle":1057587}
{"event":"present","width":800,"height":600,"updates":3961,"presentations":3961,"marker":1057587,"toggle":1057587}
{"event":"present","width":800,"height":600,"updates":3991,"presentations":3991,"marker":1057587,"toggle":1057587}
{"event":"present","width":800,"height":600,"updates":4021,"presentations":4021,"marker":1057587,"toggle":1057587}
{"event":"present","width":800,"height":600,"updates":4051,"presentations":4051,"marker":1057587,"toggle":1057587}
{"event":"present","width":800,"height":600,"updates":4081,"presentations":4081,"marker":1057587,"toggle":1057587}
{"event":"present","width":800,"height":600,"updates":4111,"presentations":4111,"marker":1057587,"toggle":1057587}
{"event":"present","width":800,"height":600,"updates":4141,"presentations":4141,"marker":1057587,"toggle":1057587}
{"event":"present","width":800,"height":600,"updates":4171,"presentations":4171,"marker":1057587,"toggle":1057587}
{"event":"present","width":800,"height":600,"updates":4201,"presentations":4201,"marker":1057587,"toggle":1057587}
{"event":"present","width":800,"height":600,"updates":4231,"presentations":4231,"marker":1057587,"toggle":1057587}
{"event":"present","width":800,"height":600,"updates":4261,"presentations":4261,"marker":1057587,"toggle":1057587}
{"event":"present","width":800,"height":600,"updates":4291,"presentations":4291,"marker":1057587,"toggle":1057587}
{"event":"present","width":800,"height":600,"updates":4321,"presentations":4321,"marker":1057587,"toggle":1057587}
{"event":"present","width":800,"height":600,"updates":4351,"presentations":4351,"marker":1057587,"toggle":1057587}
{"event":"present","width":800,"height":600,"updates":4381,"presentations":4381,"marker":1057587,"toggle":1057587}
{"event":"present","width":800,"height":600,"updates":4411,"presentations":4411,"marker":1057587,"toggle":1057587}
{"event":"present","width":800,"height":600,"updates":4441,"presentations":4441,"marker":1057587,"toggle":1057587}
{"event":"present","width":800,"height":600,"updates":4471,"presentations":4471,"marker":1057587,"toggle":1057587}
{"event":"present","width":800,"height":600,"updates":4501,"presentations":4501,"marker":1057587,"toggle":1057587}
{"event":"present","width":800,"height":600,"updates":4531,"presentations":4531,"marker":1057587,"toggle":1057587}
{"event":"present","width":800,"height":600,"updates":4561,"presentations":4561,"marker":1057587,"toggle":1057587}
{"event":"present","width":800,"height":600,"updates":4591,"presentations":4591,"marker":1057587,"toggle":1057587}
{"event":"present","width":800,"height":600,"updates":4621,"presentations":4621,"marker":1057587,"toggle":1057587}
{"event":"present","width":800,"height":600,"updates":4651,"presentations":4651,"marker":1057587,"toggle":1057587}
{"event":"present","width":800,"height":600,"updates":4681,"presentations":4681,"marker":1057587,"toggle":1057587}
{"event":"present","width":800,"height":600,"updates":4711,"presentations":4711,"marker":1057587,"toggle":1057587}
{"event":"present","width":800,"height":600,"updates":4741,"presentations":4741,"marker":1057587,"toggle":1057587}
{"event":"present","width":800,"height":600,"updates":4771,"presentations":4771,"marker":1057587,"toggle":1057587}
{"event":"present","width":800,"height":600,"updates":4801,"presentations":4801,"marker":1057587,"toggle":1057587}
{"event":"present","width":800,"height":600,"updates":4831,"presentations":4831,"marker":1057587,"toggle":1057587}
{"event":"present","width":800,"height":600,"updates":4861,"presentations":4861,"marker":1057587,"toggle":1057587}
{"event":"present","width":800,"height":600,"updates":4891,"presentations":4891,"marker":1057587,"toggle":1057587}
{"event":"present","width":800,"height":600,"updates":4921,"presentations":4921,"marker":1057587,"toggle":1057587}
{"event":"present","width":800,"height":600,"updates":4951,"presentations":4951,"marker":1057587,"toggle":1057587}
{"event":"present","width":800,"height":600,"updates":4981,"presentations":4981,"marker":1057587,"toggle":1057587}
{"event":"present","width":800,"height":600,"updates":5011,"presentations":5011,"marker":1057587,"toggle":1057587}
{"event":"present","width":800,"height":600,"updates":5041,"presentations":5041,"marker":1057587,"toggle":1057587}
{"event":"present","width":800,"height":600,"updates":5071,"presentations":5071,"marker":1057587,"toggle":1057587}
{"event":"present","width":800,"height":600,"updates":5101,"presentations":5101,"marker":1057587,"toggle":1057587}
{"event":"present","width":800,"height":600,"updates":5131,"presentations":5131,"marker":1057587,"toggle":1057587}
{"event":"present","width":800,"height":600,"updates":5161,"presentations":5161,"marker":1057587,"toggle":1057587}
{"event":"present","width":800,"height":600,"updates":5191,"presentations":5191,"marker":1057587,"toggle":1057587}
{"event":"present","width":800,"height":600,"updates":5221,"presentations":5221,"marker":1057587,"toggle":1057587}
{"event":"present","width":800,"height":600,"updates":5251,"presentations":5251,"marker":1057587,"toggle":1057587}
{"event":"present","width":800,"height":600,"updates":5281,"presentations":5281,"marker":1057587,"toggle":1057587}
{"event":"present","width":800,"height":600,"updates":5311,"presentations":5311,"marker":1057587,"toggle":1057587}
{"event":"present","width":800,"height":600,"updates":5341,"presentations":5341,"marker":1057587,"toggle":1057587}
{"event":"present","width":800,"height":600,"updates":5371,"presentations":5371,"marker":1057587,"toggle":1057587}
{"event":"present","width":800,"height":600,"updates":5401,"presentations":5401,"marker":1057587,"toggle":1057587}
{"event":"present","width":800,"height":600,"updates":5431,"presentations":5431,"marker":1057587,"toggle":1057587}
{"event":"present","width":800,"height":600,"updates":5461,"presentations":5461,"marker":1057587,"toggle":1057587}
{"event":"present","width":800,"height":600,"updates":5491,"presentations":5491,"marker":1057587,"toggle":1057587}
{"event":"present","width":800,"height":600,"updates":5521,"presentations":5521,"marker":1057587,"toggle":1057587}
{"event":"present","width":800,"height":600,"updates":5551,"presentations":5551,"marker":1057587,"toggle":1057587}
{"event":"present","width":800,"height":600,"updates":5581,"presentations":5581,"marker":1057587,"toggle":1057587}
{"event":"present","width":800,"height":600,"updates":5611,"presentations":5611,"marker":1057587,"toggle":1057587}
{"event":"present","width":800,"height":600,"updates":5641,"presentations":5641,"marker":1057587,"toggle":1057587}
{"event":"present","width":800,"height":600,"updates":5671,"presentations":5671,"marker":1057587,"toggle":1057587}
{"event":"present","width":800,"height":600,"updates":5701,"presentations":5701,"marker":1057587,"toggle":1057587}
{"event":"present","width":800,"height":600,"updates":5731,"presentations":5731,"marker":1057587,"toggle":1057587}
{"event":"present","width":800,"height":600,"updates":5761,"presentations":5761,"marker":1057587,"toggle":1057587}
{"event":"present","width":800,"height":600,"updates":5791,"presentations":5791,"marker":1057587,"toggle":1057587}
{"event":"present","width":800,"height":600,"updates":5821,"presentations":5821,"marker":1057587,"toggle":1057587}
{"event":"present","width":800,"height":600,"updates":5851,"presentations":5851,"marker":1057587,"toggle":1057587}
{"event":"present","width":800,"height":600,"updates":5881,"presentations":5881,"marker":1057587,"toggle":1057587}
{"event":"present","width":800,"height":600,"updates":5911,"presentations":5911,"marker":1057587,"toggle":1057587}
{"event":"present","width":800,"height":600,"updates":5941,"presentations":5941,"marker":1057587,"toggle":1057587}
{"event":"present","width":800,"height":600,"updates":5971,"presentations":5971,"marker":1057587,"toggle":1057587}
{"event":"present","width":800,"height":600,"updates":6001,"presentations":6001,"marker":1057587,"toggle":1057587}
{"event":"present","width":800,"height":600,"updates":6031,"presentations":6031,"marker":1057587,"toggle":1057587}
{"event":"present","width":800,"height":600,"updates":6061,"presentations":6061,"marker":1057587,"toggle":1057587}
{"event":"present","width":800,"height":600,"updates":6091,"presentations":6091,"marker":1057587,"toggle":1057587}
{"event":"present","width":800,"height":600,"updates":6121,"presentations":6121,"marker":1057587,"toggle":1057587}
{"event":"present","width":800,"height":600,"updates":6151,"presentations":6151,"marker":1057587,"toggle":1057587}
{"event":"present","width":800,"height":600,"updates":6181,"presentations":6181,"marker":1057587,"toggle":1057587}
{"event":"present","width":800,"height":600,"updates":6211,"presentations":6211,"marker":1057587,"toggle":1057587}
{"event":"present","width":800,"height":600,"updates":6241,"presentations":6241,"marker":1057587,"toggle":1057587}
{"event":"present","width":800,"height":600,"updates":6271,"presentations":6271,"marker":1057587,"toggle":1057587}
{"event":"present","width":800,"height":600,"updates":6301,"presentations":6301,"marker":1057587,"toggle":1057587}
{"event":"present","width":800,"height":600,"updates":6331,"presentations":6331,"marker":1057587,"toggle":1057587}
{"event":"present","width":800,"height":600,"updates":6361,"presentations":6361,"marker":1057587,"toggle":1057587}
{"event":"present","width":800,"height":600,"updates":6391,"presentations":6391,"marker":1057587,"toggle":1057587}
{"event":"present","width":800,"height":600,"updates":6421,"presentations":6421,"marker":1057587,"toggle":1057587}
{"event":"present","width":800,"height":600,"updates":6451,"presentations":6451,"marker":1057587,"toggle":1057587}
{"event":"present","width":800,"height":600,"updates":6481,"presentations":6481,"marker":1057587,"toggle":1057587}
{"event":"present","width":800,"height":600,"updates":6511,"presentations":6511,"marker":1057587,"toggle":1057587}
{"event":"present","width":800,"height":600,"updates":6541,"presentations":6541,"marker":1057587,"toggle":1057587}
{"event":"present","width":800,"height":600,"updates":6571,"presentations":6571,"marker":1057587,"toggle":1057587}
{"event":"present","width":800,"height":600,"updates":6601,"presentations":6601,"marker":1057587,"toggle":1057587}
{"event":"present","width":800,"height":600,"updates":6631,"presentations":6631,"marker":1057587,"toggle":1057587}
{"event":"present","width":800,"height":600,"updates":6661,"presentations":6661,"marker":1057587,"toggle":1057587}
{"event":"present","width":800,"height":600,"updates":6691,"presentations":6691,"marker":1057587,"toggle":1057587}
{"event":"present","width":800,"height":600,"updates":6721,"presentations":6721,"marker":1057587,"toggle":1057587}
{"event":"present","width":800,"height":600,"updates":6751,"presentations":6751,"marker":1057587,"toggle":1057587}
{"event":"present","width":800,"height":600,"updates":6781,"presentations":6781,"marker":1057587,"toggle":1057587}
{"event":"present","width":800,"height":600,"updates":6811,"presentations":6811,"marker":1057587,"toggle":1057587}
{"event":"present","width":800,"height":600,"updates":6841,"presentations":6841,"marker":1057587,"toggle":1057587}
{"event":"present","width":800,"height":600,"updates":6871,"presentations":6871,"marker":1057587,"toggle":1057587}
{"event":"present","width":800,"height":600,"updates":6901,"presentations":6901,"marker":1057587,"toggle":1057587}
{"event":"present","width":800,"height":600,"updates":6931,"presentations":6931,"marker":1057587,"toggle":1057587}
{"event":"present","width":800,"height":600,"updates":6961,"presentations":6961,"marker":1057587,"toggle":1057587}
{"event":"present","width":800,"height":600,"updates":6991,"presentations":6991,"marker":1057587,"toggle":1057587}
{"event":"present","width":800,"height":600,"updates":7021,"presentations":7021,"marker":1057587,"toggle":1057587}
{"event":"present","width":800,"height":600,"updates":7051,"presentations":7051,"marker":1057587,"toggle":1057587}
{"event":"present","width":800,"height":600,"updates":7081,"presentations":7081,"marker":1057587,"toggle":1057587}
{"event":"present","width":800,"height":600,"updates":7111,"presentations":7111,"marker":1057587,"toggle":1057587}
{"event":"present","width":800,"height":600,"updates":7141,"presentations":7141,"marker":1057587,"toggle":1057587}
{"event":"present","width":800,"height":600,"updates":7171,"presentations":7171,"marker":1057587,"toggle":1057587}
{"event":"present","width":800,"height":600,"updates":7201,"presentations":7201,"marker":1057587,"toggle":1057587}
{"event":"present","width":800,"height":600,"updates":7231,"presentations":7231,"marker":1057587,"toggle":1057587}
{"event":"present","width":800,"height":600,"updates":7261,"presentations":7261,"marker":1057587,"toggle":1057587}
{"event":"present","width":800,"height":600,"updates":7291,"presentations":7291,"marker":1057587,"toggle":1057587}
{"event":"present","width":800,"height":600,"updates":7321,"presentations":7321,"marker":1057587,"toggle":1057587}
{"event":"present","width":800,"height":600,"updates":7351,"presentations":7351,"marker":1057587,"toggle":1057587}
{"event":"present","width":800,"height":600,"updates":7381,"presentations":7381,"marker":1057587,"toggle":1057587}
{"event":"present","width":800,"height":600,"updates":7411,"presentations":7411,"marker":1057587,"toggle":1057587}
{"event":"present","width":800,"height":600,"updates":7441,"presentations":7441,"marker":1057587,"toggle":1057587}
{"event":"present","width":800,"height":600,"updates":7471,"presentations":7471,"marker":1057587,"toggle":1057587}
{"event":"present","width":800,"height":600,"updates":7501,"presentations":7501,"marker":1057587,"toggle":1057587}
{"event":"present","width":800,"height":600,"updates":7531,"presentations":7531,"marker":1057587,"toggle":1057587}
{"event":"present","width":800,"height":600,"updates":7561,"presentations":7561,"marker":1057587,"toggle":1057587}
{"event":"present","width":800,"height":600,"updates":7591,"presentations":7591,"marker":1057587,"toggle":1057587}
{"event":"present","width":800,"height":600,"updates":7621,"presentations":7621,"marker":1057587,"toggle":1057587}
{"event":"present","width":800,"height":600,"updates":7651,"presentations":7651,"marker":1057587,"toggle":1057587}
{"event":"present","width":800,"height":600,"updates":7681,"presentations":7681,"marker":1057587,"toggle":1057587}
{"event":"present","width":800,"height":600,"updates":7711,"presentations":7711,"marker":1057587,"toggle":1057587}
{"event":"present","width":800,"height":600,"updates":7741,"presentations":7741,"marker":1057587,"toggle":1057587}
{"event":"present","width":800,"height":600,"updates":7771,"presentations":7771,"marker":1057587,"toggle":1057587}
{"event":"present","width":800,"height":600,"updates":7801,"presentations":7801,"marker":1057587,"toggle":1057587}
{"event":"present","width":800,"height":600,"updates":7831,"presentations":7831,"marker":1057587,"toggle":1057587}
{"event":"present","width":800,"height":600,"updates":7861,"presentations":7861,"marker":1057587,"toggle":1057587}
{"event":"present","width":800,"height":600,"updates":7891,"presentations":7891,"marker":1057587,"toggle":1057587}
{"event":"present","width":800,"height":600,"updates":7921,"presentations":7921,"marker":1057587,"toggle":1057587}
{"event":"present","width":800,"height":600,"updates":7951,"presentations":7951,"marker":1057587,"toggle":1057587}
{"event":"present","width":800,"height":600,"updates":7981,"presentations":7981,"marker":1057587,"toggle":1057587}
{"event":"present","width":800,"height":600,"updates":8011,"presentations":8011,"marker":1057587,"toggle":1057587}
{"event":"present","width":800,"height":600,"updates":8041,"presentations":8041,"marker":1057587,"toggle":1057587}
{"event":"present","width":800,"height":600,"updates":8071,"presentations":8071,"marker":1057587,"toggle":1057587}
{"event":"present","width":800,"height":600,"updates":8101,"presentations":8101,"marker":1057587,"toggle":1057587}
{"event":"present","width":800,"height":600,"updates":8131,"presentations":8131,"marker":1057587,"toggle":1057587}
{"event":"present","width":800,"height":600,"updates":8161,"presentations":8161,"marker":1057587,"toggle":1057587}
{"event":"present","width":800,"height":600,"updates":8191,"presentations":8191,"marker":1057587,"toggle":1057587}
{"event":"present","width":800,"height":600,"updates":8221,"presentations":8221,"marker":1057587,"toggle":1057587}
{"event":"present","width":800,"height":600,"updates":8251,"presentations":8251,"marker":1057587,"toggle":1057587}
{"event":"present","width":800,"height":600,"updates":8281,"presentations":8281,"marker":1057587,"toggle":1057587}
{"event":"present","width":800,"height":600,"updates":8311,"presentations":8311,"marker":1057587,"toggle":1057587}
{"event":"present","width":800,"height":600,"updates":8341,"presentations":8341,"marker":1057587,"toggle":1057587}
{"event":"present","width":800,"height":600,"updates":8371,"presentations":8371,"marker":1057587,"toggle":1057587}
{"event":"present","width":800,"height":600,"updates":8401,"presentations":8401,"marker":1057587,"toggle":1057587}
{"event":"present","width":800,"height":600,"updates":8431,"presentations":8431,"marker":1057587,"toggle":1057587}
{"event":"present","width":800,"height":600,"updates":8461,"presentations":8461,"marker":1057587,"toggle":1057587}
{"event":"present","width":800,"height":600,"updates":8491,"presentations":8491,"marker":1057587,"toggle":1057587}
{"event":"present","width":800,"height":600,"updates":8521,"presentations":8521,"marker":1057587,"toggle":1057587}
{"event":"present","width":800,"height":600,"updates":8551,"presentations":8551,"marker":1057587,"toggle":1057587}
{"event":"present","width":800,"height":600,"updates":8581,"presentations":8581,"marker":1057587,"toggle":1057587}
{"event":"present","width":800,"height":600,"updates":8611,"presentations":8611,"marker":1057587,"toggle":1057587}
{"event":"present","width":800,"height":600,"updates":8641,"presentations":8641,"marker":1057587,"toggle":1057587}
{"event":"present","width":800,"height":600,"updates":8671,"presentations":8671,"marker":1057587,"toggle":1057587}
{"event":"present","width":800,"height":600,"updates":8701,"presentations":8701,"marker":1057587,"toggle":1057587}
{"event":"present","width":800,"height":600,"updates":8731,"presentations":8731,"marker":1057587,"toggle":1057587}
{"event":"present","width":800,"height":600,"updates":8761,"presentations":8761,"marker":1057587,"toggle":1057587}
{"event":"present","width":800,"height":600,"updates":8791,"presentations":8791,"marker":1057587,"toggle":1057587}
{"event":"present","width":800,"height":600,"updates":8821,"presentations":8821,"marker":1057587,"toggle":1057587}
{"event":"present","width":800,"height":600,"updates":8851,"presentations":8851,"marker":1057587,"toggle":1057587}
{"event":"present","width":800,"height":600,"updates":8881,"presentations":8881,"marker":1057587,"toggle":1057587}
{"event":"present","width":800,"height":600,"updates":8911,"presentations":8911,"marker":1057587,"toggle":1057587}
{"event":"present","width":800,"height":600,"updates":8941,"presentations":8941,"marker":1057587,"toggle":1057587}
{"event":"present","width":800,"height":600,"updates":8971,"presentations":8971,"marker":1057587,"toggle":1057587}
{"event":"present","width":800,"height":600,"updates":9001,"presentations":9001,"marker":1057587,"toggle":1057587}
{"event":"present","width":800,"height":600,"updates":9031,"presentations":9031,"marker":1057587,"toggle":1057587}
{"event":"present","width":800,"height":600,"updates":9061,"presentations":9061,"marker":1057587,"toggle":1057587}
{"event":"present","width":800,"height":600,"updates":9091,"presentations":9091,"marker":1057587,"toggle":1057587}
{"event":"present","width":800,"height":600,"updates":9121,"presentations":9121,"marker":1057587,"toggle":1057587}
{"event":"present","width":800,"height":600,"updates":9151,"presentations":9151,"marker":1057587,"toggle":1057587}
{"event":"present","width":800,"height":600,"updates":9181,"presentations":9181,"marker":1057587,"toggle":1057587}
{"event":"present","width":800,"height":600,"updates":9211,"presentations":9211,"marker":1057587,"toggle":1057587}
{"event":"present","width":800,"height":600,"updates":9241,"presentations":9241,"marker":1057587,"toggle":1057587}
{"event":"present","width":800,"height":600,"updates":9271,"presentations":9271,"marker":1057587,"toggle":1057587}
{"event":"present","width":800,"height":600,"updates":9301,"presentations":9301,"marker":1057587,"toggle":1057587}
{"event":"present","width":800,"height":600,"updates":9331,"presentations":9331,"marker":1057587,"toggle":1057587}
{"event":"present","width":800,"height":600,"updates":9361,"presentations":9361,"marker":1057587,"toggle":1057587}
{"event":"present","width":800,"height":600,"updates":9391,"presentations":9391,"marker":1057587,"toggle":1057587}
{"event":"present","width":800,"height":600,"updates":9421,"presentations":9421,"marker":1057587,"toggle":1057587}
{"event":"present","width":800,"height":600,"updates":9451,"presentations":9451,"marker":1057587,"toggle":1057587}
{"event":"present","width":800,"height":600,"updates":9481,"presentations":9481,"marker":1057587,"toggle":1057587}
{"event":"present","width":800,"height":600,"updates":9511,"presentations":9511,"marker":1057587,"toggle":1057587}
{"event":"present","width":800,"height":600,"updates":9541,"presentations":9541,"marker":1057587,"toggle":1057587}
{"event":"present","width":800,"height":600,"updates":9571,"presentations":9571,"marker":1057587,"toggle":1057587}
{"event":"present","width":800,"height":600,"updates":9601,"presentations":9601,"marker":1057587,"toggle":1057587}
{"event":"present","width":800,"height":600,"updates":9631,"presentations":9631,"marker":1057587,"toggle":1057587}
{"event":"present","width":800,"height":600,"updates":9661,"presentations":9661,"marker":1057587,"toggle":1057587}
{"event":"present","width":800,"height":600,"updates":9691,"presentations":9691,"marker":1057587,"toggle":1057587}
{"event":"present","width":800,"height":600,"updates":9721,"presentations":9721,"marker":1057587,"toggle":1057587}
{"event":"present","width":800,"height":600,"updates":9751,"presentations":9751,"marker":1057587,"toggle":1057587}
{"event":"present","width":800,"height":600,"updates":9781,"presentations":9781,"marker":1057587,"toggle":1057587}
{"event":"present","width":800,"height":600,"updates":9811,"presentations":9811,"marker":1057587,"toggle":1057587}
{"event":"present","width":800,"height":600,"updates":9841,"presentations":9841,"marker":1057587,"toggle":1057587}
{"event":"present","width":800,"height":600,"updates":9871,"presentations":9871,"marker":1057587,"toggle":1057587}
{"event":"present","width":800,"height":600,"updates":9901,"presentations":9901,"marker":1057587,"toggle":1057587}
{"event":"present","width":800,"height":600,"updates":9931,"presentations":9931,"marker":1057587,"toggle":1057587}
{"event":"present","width":800,"height":600,"updates":9961,"presentations":9961,"marker":1057587,"toggle":1057587}
{"event":"present","width":800,"height":600,"updates":9991,"presentations":9991,"marker":1057587,"toggle":1057587}
{"event":"present","width":800,"height":600,"updates":10021,"presentations":10021,"marker":1057587,"toggle":1057587}
{"event":"present","width":800,"height":600,"updates":10051,"presentations":10051,"marker":1057587,"toggle":1057587}
{"event":"present","width":800,"height":600,"updates":10081,"presentations":10081,"marker":1057587,"toggle":1057587}
{"event":"present","width":800,"height":600,"updates":10111,"presentations":10111,"marker":1057587,"toggle":1057587}
{"event":"present","width":800,"height":600,"updates":10141,"presentations":10141,"marker":1057587,"toggle":1057587}
{"event":"present","width":800,"height":600,"updates":10171,"presentations":10171,"marker":1057587,"toggle":1057587}
{"event":"present","width":800,"height":600,"updates":10201,"presentations":10201,"marker":1057587,"toggle":1057587}
{"event":"present","width":800,"height":600,"updates":10231,"presentations":10231,"marker":1057587,"toggle":1057587}
{"event":"present","width":800,"height":600,"updates":10261,"presentations":10261,"marker":1057587,"toggle":1057587}
{"event":"present","width":800,"height":600,"updates":10291,"presentations":10291,"marker":1057587,"toggle":1057587}
{"event":"present","width":800,"height":600,"updates":10321,"presentations":10321,"marker":1057587,"toggle":1057587}
{"event":"present","width":800,"height":600,"updates":10351,"presentations":10351,"marker":1057587,"toggle":1057587}
{"event":"present","width":800,"height":600,"updates":10381,"presentations":10381,"marker":1057587,"toggle":1057587}
{"event":"present","width":800,"height":600,"updates":10411,"presentations":10411,"marker":1057587,"toggle":1057587}
{"event":"present","width":800,"height":600,"updates":10441,"presentations":10441,"marker":1057587,"toggle":1057587}
{"event":"present","width":800,"height":600,"updates":10471,"presentations":10471,"marker":1057587,"toggle":1057587}
{"event":"present","width":800,"height":600,"updates":10501,"presentations":10501,"marker":1057587,"toggle":1057587}
{"event":"present","width":800,"height":600,"updates":10531,"presentations":10531,"marker":1057587,"toggle":1057587}
{"event":"present","width":800,"height":600,"updates":10561,"presentations":10561,"marker":1057587,"toggle":1057587}
{"event":"present","width":800,"height":600,"updates":10591,"presentations":10591,"marker":1057587,"toggle":1057587}
{"event":"present","width":800,"height":600,"updates":10621,"presentations":10621,"marker":1057587,"toggle":1057587}
{"event":"present","width":800,"height":600,"updates":10651,"presentations":10651,"marker":1057587,"toggle":1057587}
{"event":"present","width":800,"height":600,"updates":10681,"presentations":10681,"marker":1057587,"toggle":1057587}
{"event":"present","width":800,"height":600,"updates":10711,"presentations":10711,"marker":1057587,"toggle":1057587}
{"event":"present","width":800,"height":600,"updates":10741,"presentations":10741,"marker":1057587,"toggle":1057587}
{"event":"present","width":800,"height":600,"updates":10771,"presentations":10771,"marker":1057587,"toggle":1057587}
{"event":"present","width":800,"height":600,"updates":10801,"presentations":10801,"marker":1057587,"toggle":1057587}
{"event":"present","width":800,"height":600,"updates":10831,"presentations":10831,"marker":1057587,"toggle":1057587}
{"event":"present","width":800,"height":600,"updates":10861,"presentations":10861,"marker":1057587,"toggle":1057587}
{"event":"present","width":800,"height":600,"updates":10891,"presentations":10891,"marker":1057587,"toggle":1057587}
{"event":"present","width":800,"height":600,"updates":10921,"presentations":10921,"marker":1057587,"toggle":1057587}
{"event":"present","width":800,"height":600,"updates":10951,"presentations":10951,"marker":1057587,"toggle":1057587}
{"event":"present","width":800,"height":600,"updates":10981,"presentations":10981,"marker":1057587,"toggle":1057587}
{"event":"present","width":800,"height":600,"updates":11011,"presentations":11011,"marker":1057587,"toggle":1057587}
{"event":"present","width":800,"height":600,"updates":11041,"presentations":11041,"marker":1057587,"toggle":1057587}
{"event":"present","width":800,"height":600,"updates":11071,"presentations":11071,"marker":1057587,"toggle":1057587}
{"event":"present","width":800,"height":600,"updates":11101,"presentations":11101,"marker":1057587,"toggle":1057587}
{"event":"present","width":800,"height":600,"updates":11131,"presentations":11131,"marker":1057587,"toggle":1057587}
{"event":"present","width":800,"height":600,"updates":11161,"presentations":11161,"marker":1057587,"toggle":1057587}
{"event":"present","width":800,"height":600,"updates":11191,"presentations":11191,"marker":1057587,"toggle":1057587}
{"event":"present","width":800,"height":600,"updates":11221,"presentations":11221,"marker":1057587,"toggle":1057587}
{"event":"present","width":800,"height":600,"updates":11251,"presentations":11251,"marker":1057587,"toggle":1057587}
{"event":"present","width":800,"height":600,"updates":11281,"presentations":11281,"marker":1057587,"toggle":1057587}
{"event":"present","width":800,"height":600,"updates":11311,"presentations":11311,"marker":1057587,"toggle":1057587}
{"event":"present","width":800,"height":600,"updates":11341,"presentations":11341,"marker":1057587,"toggle":1057587}
{"event":"present","width":800,"height":600,"updates":11371,"presentations":11371,"marker":1057587,"toggle":1057587}
{"event":"present","width":800,"height":600,"updates":11401,"presentations":11401,"marker":1057587,"toggle":1057587}
{"event":"present","width":800,"height":600,"updates":11431,"presentations":11431,"marker":1057587,"toggle":1057587}
{"event":"present","width":800,"height":600,"updates":11461,"presentations":11461,"marker":1057587,"toggle":1057587}
{"event":"present","width":800,"height":600,"updates":11491,"presentations":11491,"marker":1057587,"toggle":1057587}
{"event":"present","width":800,"height":600,"updates":11521,"presentations":11521,"marker":1057587,"toggle":1057587}
{"event":"present","width":800,"height":600,"updates":11551,"presentations":11551,"marker":1057587,"toggle":1057587}
{"event":"present","width":800,"height":600,"updates":11581,"presentations":11581,"marker":1057587,"toggle":1057587}
{"event":"present","width":800,"height":600,"updates":11611,"presentations":11611,"marker":1057587,"toggle":1057587}
{"event":"present","width":800,"height":600,"updates":11641,"presentations":11641,"marker":1057587,"toggle":1057587}
{"event":"present","width":800,"height":600,"updates":11671,"presentations":11671,"marker":1057587,"toggle":1057587}
{"event":"present","width":800,"height":600,"updates":11701,"presentations":11701,"marker":1057587,"toggle":1057587}
{"event":"present","width":800,"height":600,"updates":11731,"presentations":11731,"marker":1057587,"toggle":1057587}
{"event":"present","width":800,"height":600,"updates":11761,"presentations":11761,"marker":1057587,"toggle":1057587}
{"event":"present","width":800,"height":600,"updates":11791,"presentations":11791,"marker":1057587,"toggle":1057587}
{"event":"present","width":800,"height":600,"updates":11821,"presentations":11821,"marker":1057587,"toggle":1057587}
{"event":"present","width":800,"height":600,"updates":11851,"presentations":11851,"marker":1057587,"toggle":1057587}
{"event":"present","width":800,"height":600,"updates":11881,"presentations":11881,"marker":1057587,"toggle":1057587}
{"event":"present","width":800,"height":600,"updates":11911,"presentations":11911,"marker":1057587,"toggle":1057587}
{"event":"present","width":800,"height":600,"updates":11941,"presentations":11941,"marker":1057587,"toggle":1057587}
{"event":"present","width":800,"height":600,"updates":11971,"presentations":11971,"marker":1057587,"toggle":1057587}
{"event":"present","width":800,"height":600,"updates":12001,"presentations":12001,"marker":1057587,"toggle":1057587}
{"event":"present","width":800,"height":600,"updates":12031,"presentations":12031,"marker":1057587,"toggle":1057587}
{"event":"present","width":800,"height":600,"updates":12061,"presentations":12061,"marker":1057587,"toggle":1057587}
{"event":"present","width":800,"height":600,"updates":12091,"presentations":12091,"marker":1057587,"toggle":1057587}
{"event":"present","width":800,"height":600,"updates":12121,"presentations":12121,"marker":1057587,"toggle":1057587}
{"event":"present","width":800,"height":600,"updates":12151,"presentations":12151,"marker":1057587,"toggle":1057587}
{"event":"present","width":800,"height":600,"updates":12181,"presentations":12181,"marker":1057587,"toggle":1057587}
13/09/2026 09:20:02 Sending dimensions 800x1000
13/09/2026 09:20:02 Updated desktop size: 800x1000
{"event":"present","width":800,"height":1000,"updates":12211,"presentations":12211,"marker":0,"toggle":0}
{"event":"present","width":800,"height":1000,"updates":12241,"presentations":12241,"marker":1057587,"toggle":1057587}
13/09/2026 09:20:04 Updated desktop size: 1000x700
{"event":"present","width":1000,"height":700,"updates":12271,"presentations":12271,"marker":1057587,"toggle":1057587}
{"event":"present","width":1000,"height":700,"updates":12301,"presentations":12301,"marker":1057587,"toggle":1057587}
{"event":"present","width":1000,"height":700,"updates":12331,"presentations":12331,"marker":1057587,"toggle":1057587}
{"event":"present","width":1000,"height":700,"updates":12361,"presentations":12361,"marker":1057587,"toggle":1057587}
{"event":"present","width":1000,"height":700,"updates":12391,"presentations":12391,"marker":1057587,"toggle":1057587}
{"event":"present","width":1000,"height":700,"updates":12421,"presentations":12421,"marker":1057587,"toggle":1057587}
{"event":"present","width":1000,"height":700,"updates":12451,"presentations":12451,"marker":1057587,"toggle":1057587}
{"event":"present","width":1000,"height":700,"updates":12481,"presentations":12481,"marker":1057587,"toggle":1057587}
{"event":"present","width":1000,"height":700,"updates":12511,"presentations":12511,"marker":1057587,"toggle":1057587}
{"event":"present","width":1000,"height":700,"updates":12541,"presentations":12541,"marker":1057587,"toggle":1057587}
{"event":"present","width":1000,"height":700,"updates":12571,"presentations":12571,"marker":1057587,"toggle":1057587}
{"event":"present","width":1000,"height":700,"updates":12601,"presentations":12601,"marker":1057587,"toggle":1057587}
{"event":"present","width":1000,"height":700,"updates":12631,"presentations":12631,"marker":1057587,"toggle":1057587}
{"event":"present","width":1000,"height":700,"updates":12661,"presentations":12661,"marker":1057587,"toggle":1057587}
{"event":"present","width":1000,"height":700,"updates":12691,"presentations":12691,"marker":1057587,"toggle":1057587}
{"event":"present","width":1000,"height":700,"updates":12721,"presentations":12721,"marker":1057587,"toggle":1057587}
{"event":"present","width":1000,"height":700,"updates":12751,"presentations":12751,"marker":1057587,"toggle":1057587}
{"event":"present","width":1000,"height":700,"updates":12781,"presentations":12781,"marker":1057587,"toggle":1057587}
{"event":"present","width":1000,"height":700,"updates":12811,"presentations":12811,"marker":1057587,"toggle":1057587}
{"event":"present","width":1000,"height":700,"updates":12841,"presentations":12841,"marker":1057587,"toggle":1057587}
{"event":"present","width":1000,"height":700,"updates":12871,"presentations":12871,"marker":1057587,"toggle":1057587}
{"event":"present","width":1000,"height":700,"updates":12901,"presentations":12901,"marker":1057587,"toggle":1057587}
{"event":"present","width":1000,"height":700,"updates":12931,"presentations":12931,"marker":1057587,"toggle":1057587}
{"event":"present","width":1000,"height":700,"updates":12961,"presentations":12961,"marker":1057587,"toggle":1057587}
{"event":"present","width":1000,"height":700,"updates":12991,"presentations":12991,"marker":1057587,"toggle":1057587}
{"event":"present","width":1000,"height":700,"updates":13021,"presentations":13021,"marker":1057587,"toggle":1057587}
{"event":"present","width":1000,"height":700,"updates":13051,"presentations":13051,"marker":1057587,"toggle":1057587}
{"event":"present","width":1000,"height":700,"updates":13081,"presentations":13081,"marker":1057587,"toggle":1057587}
{"event":"present","width":1000,"height":700,"updates":13111,"presentations":13111,"marker":1057587,"toggle":1057587}
{"event":"present","width":1000,"height":700,"updates":13141,"presentations":13141,"marker":1057587,"toggle":1057587}
{"event":"present","width":1000,"height":700,"updates":13171,"presentations":13171,"marker":1057587,"toggle":1057587}
{"event":"present","width":1000,"height":700,"updates":13201,"presentations":13201,"marker":1057587,"toggle":1057587}
{"event":"present","width":1000,"height":700,"updates":13231,"presentations":13231,"marker":1057587,"toggle":1057587}
{"event":"present","width":1000,"height":700,"updates":13261,"presentations":13261,"marker":1057587,"toggle":1057587}
{"event":"present","width":1000,"height":700,"updates":13291,"presentations":13291,"marker":1057587,"toggle":1057587}
{"event":"present","width":1000,"height":700,"updates":13321,"presentations":13321,"marker":1057587,"toggle":1057587}
{"event":"present","width":1000,"height":700,"updates":13351,"presentations":13351,"marker":1057587,"toggle":1057587}
{"event":"present","width":1000,"height":700,"updates":13381,"presentations":13381,"marker":1057587,"toggle":1057587}
{"event":"present","width":1000,"height":700,"updates":13411,"presentations":13411,"marker":1057587,"toggle":1057587}
{"event":"present","width":1000,"height":700,"updates":13441,"presentations":13441,"marker":1057587,"toggle":1057587}
{"event":"present","width":1000,"height":700,"updates":13471,"presentations":13471,"marker":1057587,"toggle":1057587}
{"event":"present","width":1000,"height":700,"updates":13501,"presentations":13501,"marker":1057587,"toggle":1057587}
{"event":"present","width":1000,"height":700,"updates":13531,"presentations":13531,"marker":1057587,"toggle":1057587}
{"event":"present","width":1000,"height":700,"updates":13561,"presentations":13561,"marker":1057587,"toggle":1057587}
{"event":"present","width":1000,"height":700,"updates":13591,"presentations":13591,"marker":1057587,"toggle":1057587}
{"event":"present","width":1000,"height":700,"updates":13621,"presentations":13621,"marker":1057587,"toggle":1057587}
{"event":"present","width":1000,"height":700,"updates":13651,"presentations":13651,"marker":1057587,"toggle":1057587}
{"event":"present","width":1000,"height":700,"updates":13681,"presentations":13681,"marker":1057587,"toggle":1057587}
{"event":"present","width":1000,"height":700,"updates":13711,"presentations":13711,"marker":1057587,"toggle":1057587}
{"event":"present","width":1000,"height":700,"updates":13741,"presentations":13741,"marker":1057587,"toggle":1057587}
{"event":"present","width":1000,"height":700,"updates":13771,"presentations":13771,"marker":1057587,"toggle":1057587}
{"event":"present","width":1000,"height":700,"updates":13801,"presentations":13801,"marker":1057587,"toggle":1057587}
{"event":"present","width":1000,"height":700,"updates":13831,"presentations":13831,"marker":1057587,"toggle":1057587}
{"event":"present","width":1000,"height":700,"updates":13861,"presentations":13861,"marker":1057587,"toggle":1057587}
{"event":"present","width":1000,"height":700,"updates":13891,"presentations":13891,"marker":1057587,"toggle":1057587}
{"event":"present","width":1000,"height":700,"updates":13921,"presentations":13921,"marker":1057587,"toggle":1057587}
{"event":"present","width":1000,"height":700,"updates":13951,"presentations":13951,"marker":1057587,"toggle":1057587}
{"event":"present","width":1000,"height":700,"updates":13981,"presentations":13981,"marker":1057587,"toggle":1057587}
{"event":"present","width":1000,"height":700,"updates":14011,"presentations":14011,"marker":1057587,"toggle":1057587}
{"event":"present","width":1000,"height":700,"updates":14041,"presentations":14041,"marker":1057587,"toggle":1057587}
{"event":"present","width":1000,"height":700,"updates":14071,"presentations":14071,"marker":1057587,"toggle":1057587}
{"event":"present","width":1000,"height":700,"updates":14101,"presentations":14101,"marker":1057587,"toggle":1057587}
{"event":"present","width":1000,"height":700,"updates":14131,"presentations":14131,"marker":1057587,"toggle":1057587}
{"event":"present","width":1000,"height":700,"updates":14161,"presentations":14161,"marker":1057587,"toggle":1057587}
{"event":"present","width":1000,"height":700,"updates":14191,"presentations":14191,"marker":1057587,"toggle":1057587}
{"event":"present","width":1000,"height":700,"updates":14221,"presentations":14221,"marker":1057587,"toggle":1057587}
{"event":"present","width":1000,"height":700,"updates":14251,"presentations":14251,"marker":1057587,"toggle":1057587}
{"event":"present","width":1000,"height":700,"updates":14281,"presentations":14281,"marker":1057587,"toggle":1057587}
{"event":"present","width":1000,"height":700,"updates":14311,"presentations":14311,"marker":1057587,"toggle":1057587}
{"event":"present","width":1000,"height":700,"updates":14341,"presentations":14341,"marker":1057587,"toggle":1057587}
{"event":"present","width":1000,"height":700,"updates":14371,"presentations":14371,"marker":1057587,"toggle":1057587}
{"event":"present","width":1000,"height":700,"updates":14401,"presentations":14401,"marker":1057587,"toggle":1057587}
{"event":"present","width":1000,"height":700,"updates":14431,"presentations":14431,"marker":1057587,"toggle":1057587}
{"event":"present","width":1000,"height":700,"updates":14461,"presentations":14461,"marker":1057587,"toggle":1057587}
{"event":"present","width":1000,"height":700,"updates":14491,"presentations":14491,"marker":1057587,"toggle":1057587}
{"event":"present","width":1000,"height":700,"updates":14521,"presentations":14521,"marker":1057587,"toggle":1057587}
{"event":"present","width":1000,"height":700,"updates":14551,"presentations":14551,"marker":1057587,"toggle":1057587}
{"event":"present","width":1000,"height":700,"updates":14581,"presentations":14581,"marker":1057587,"toggle":1057587}
{"event":"present","width":1000,"height":700,"updates":14611,"presentations":14611,"marker":1057587,"toggle":1057587}
{"event":"present","width":1000,"height":700,"updates":14641,"presentations":14641,"marker":1057587,"toggle":1057587}
{"event":"present","width":1000,"height":700,"updates":14671,"presentations":14671,"marker":1057587,"toggle":1057587}
{"event":"present","width":1000,"height":700,"updates":14701,"presentations":14701,"marker":1057587,"toggle":1057587}
{"event":"present","width":1000,"height":700,"updates":14731,"presentations":14731,"marker":1057587,"toggle":1057587}
{"event":"present","width":1000,"height":700,"updates":14761,"presentations":14761,"marker":1057587,"toggle":1057587}
{"event":"present","width":1000,"height":700,"updates":14791,"presentations":14791,"marker":1057587,"toggle":1057587}
{"event":"present","width":1000,"height":700,"updates":14821,"presentations":14821,"marker":1057587,"toggle":1057587}
{"event":"present","width":1000,"height":700,"updates":14851,"presentations":14851,"marker":1057587,"toggle":1057587}
{"event":"present","width":1000,"height":700,"updates":14881,"presentations":14881,"marker":1057587,"toggle":1057587}
{"event":"present","width":1000,"height":700,"updates":14911,"presentations":14911,"marker":1057587,"toggle":1057587}
{"event":"present","width":1000,"height":700,"updates":14941,"presentations":14941,"marker":1057587,"toggle":1057587}
{"event":"present","width":1000,"height":700,"updates":14971,"presentations":14971,"marker":1057587,"toggle":1057587}
{"event":"present","width":1000,"height":700,"updates":15001,"presentations":15001,"marker":1057587,"toggle":1057587}
{"event":"present","width":1000,"height":700,"updates":15031,"presentations":15031,"marker":1057587,"toggle":1057587}
{"event":"present","width":1000,"height":700,"updates":15061,"presentations":15061,"marker":1057587,"toggle":1057587}
{"event":"present","width":1000,"height":700,"updates":15091,"presentations":15091,"marker":1057587,"toggle":1057587}
{"event":"present","width":1000,"height":700,"updates":15121,"presentations":15121,"marker":1057587,"toggle":1057587}
{"event":"present","width":1000,"height":700,"updates":15151,"presentations":15151,"marker":1057587,"toggle":1057587}
{"event":"present","width":1000,"height":700,"updates":15181,"presentations":15181,"marker":1057587,"toggle":1057587}
{"event":"present","width":1000,"height":700,"updates":15211,"presentations":15211,"marker":1057587,"toggle":1057587}
{"event":"present","width":1000,"height":700,"updates":15241,"presentations":15241,"marker":1057587,"toggle":1057587}
{"event":"present","width":1000,"height":700,"updates":15271,"presentations":15271,"marker":1057587,"toggle":1057587}
{"event":"present","width":1000,"height":700,"updates":15301,"presentations":15301,"marker":1057587,"toggle":1057587}
{"event":"present","width":1000,"height":700,"updates":15331,"presentations":15331,"marker":1057587,"toggle":1057587}
{"event":"present","width":1000,"height":700,"updates":15361,"presentations":15361,"marker":1057587,"toggle":1057587}
{"event":"present","width":1000,"height":700,"updates":15391,"presentations":15391,"marker":1057587,"toggle":1057587}
{"event":"present","width":1000,"height":700,"updates":15421,"presentations":15421,"marker":1057587,"toggle":1057587}
{"event":"present","width":1000,"height":700,"updates":15451,"presentations":15451,"marker":1057587,"toggle":1057587}
{"event":"present","width":1000,"height":700,"updates":15481,"presentations":15481,"marker":1057587,"toggle":1057587}
{"event":"present","width":1000,"height":700,"updates":15511,"presentations":15511,"marker":1057587,"toggle":1057587}
{"event":"present","width":1000,"height":700,"updates":15541,"presentations":15541,"marker":1057587,"toggle":1057587}
{"event":"present","width":1000,"height":700,"updates":15571,"presentations":15571,"marker":1057587,"toggle":1057587}
{"event":"present","width":1000,"height":700,"updates":15601,"presentations":15601,"marker":1057587,"toggle":1057587}
{"event":"present","width":1000,"height":700,"updates":15631,"presentations":15631,"marker":1057587,"toggle":1057587}
{"event":"present","width":1000,"height":700,"updates":15661,"presentations":15661,"marker":1057587,"toggle":1057587}
{"event":"present","width":1000,"height":700,"updates":15691,"presentations":15691,"marker":1057587,"toggle":1057587}
{"event":"present","width":1000,"height":700,"updates":15721,"presentations":15721,"marker":1057587,"toggle":1057587}
{"event":"present","width":1000,"height":700,"updates":15751,"presentations":15751,"marker":1057587,"toggle":1057587}
{"event":"present","width":1000,"height":700,"updates":15781,"presentations":15781,"marker":1057587,"toggle":1057587}
{"event":"present","width":1000,"height":700,"updates":15811,"presentations":15811,"marker":1057587,"toggle":1057587}
{"event":"present","width":1000,"height":700,"updates":15841,"presentations":15841,"marker":1057587,"toggle":1057587}
{"event":"present","width":1000,"height":700,"updates":15871,"presentations":15871,"marker":1057587,"toggle":1057587}
{"event":"present","width":1000,"height":700,"updates":15901,"presentations":15901,"marker":1057587,"toggle":1057587}
{"event":"present","width":1000,"height":700,"updates":15931,"presentations":15931,"marker":1057587,"toggle":1057587}
{"event":"present","width":1000,"height":700,"updates":15961,"presentations":15961,"marker":1057587,"toggle":1057587}
{"event":"present","width":1000,"height":700,"updates":15991,"presentations":15991,"marker":1057587,"toggle":1057587}
{"event":"present","width":1000,"height":700,"updates":16021,"presentations":16021,"marker":1057587,"toggle":1057587}
{"event":"present","width":1000,"height":700,"updates":16051,"presentations":16051,"marker":1057587,"toggle":1057587}
{"event":"present","width":1000,"height":700,"updates":16081,"presentations":16081,"marker":1057587,"toggle":1057587}
{"event":"present","width":1000,"height":700,"updates":16111,"presentations":16111,"marker":1057587,"toggle":1057587}
{"event":"present","width":1000,"height":700,"updates":16141,"presentations":16141,"marker":1057587,"toggle":1057587}
{"event":"present","width":1000,"height":700,"updates":16171,"presentations":16171,"marker":1057587,"toggle":1057587}
{"event":"present","width":1000,"height":700,"updates":16201,"presentations":16201,"marker":1057587,"toggle":1057587}
{"event":"present","width":1000,"height":700,"updates":16231,"presentations":16231,"marker":1057587,"toggle":1057587}
{"event":"present","width":1000,"height":700,"updates":16261,"presentations":16261,"marker":1057587,"toggle":1057587}
{"event":"present","width":1000,"height":700,"updates":16291,"presentations":16291,"marker":1057587,"toggle":1057587}
{"event":"present","width":1000,"height":700,"updates":16321,"presentations":16321,"marker":1057587,"toggle":1057587}
{"event":"present","width":1000,"height":700,"updates":16351,"presentations":16351,"marker":1057587,"toggle":1057587}
{"event":"present","width":1000,"height":700,"updates":16381,"presentations":16381,"marker":1057587,"toggle":1057587}
{"event":"present","width":1000,"height":700,"updates":16411,"presentations":16411,"marker":1057587,"toggle":1057587}
{"event":"present","width":1000,"height":700,"updates":16441,"presentations":16441,"marker":1057587,"toggle":1057587}
{"event":"present","width":1000,"height":700,"updates":16471,"presentations":16471,"marker":1057587,"toggle":1057587}
{"event":"present","width":1000,"height":700,"updates":16501,"presentations":16501,"marker":1057587,"toggle":1057587}
{"event":"present","width":1000,"height":700,"updates":16531,"presentations":16531,"marker":1057587,"toggle":1057587}
{"event":"present","width":1000,"height":700,"updates":16561,"presentations":16561,"marker":1057587,"toggle":1057587}
{"event":"present","width":1000,"height":700,"updates":16591,"presentations":16591,"marker":1057587,"toggle":1057587}
{"event":"present","width":1000,"height":700,"updates":16621,"presentations":16621,"marker":1057587,"toggle":1057587}
{"event":"present","width":1000,"height":700,"updates":16651,"presentations":16651,"marker":1057587,"toggle":1057587}
{"event":"present","width":1000,"height":700,"updates":16681,"presentations":16681,"marker":1057587,"toggle":1057587}
{"event":"present","width":1000,"height":700,"updates":16711,"presentations":16711,"marker":1057587,"toggle":1057587}
{"event":"present","width":1000,"height":700,"updates":16741,"presentations":16741,"marker":1057587,"toggle":1057587}
{"event":"present","width":1000,"height":700,"updates":16771,"presentations":16771,"marker":1057587,"toggle":1057587}
{"event":"present","width":1000,"height":700,"updates":16801,"presentations":16801,"marker":1057587,"toggle":1057587}
{"event":"present","width":1000,"height":700,"updates":16831,"presentations":16831,"marker":1057587,"toggle":1057587}
{"event":"present","width":1000,"height":700,"updates":16861,"presentations":16861,"marker":1057587,"toggle":1057587}
{"event":"present","width":1000,"height":700,"updates":16891,"presentations":16891,"marker":1057587,"toggle":1057587}
{"event":"present","width":1000,"height":700,"updates":16921,"presentations":16921,"marker":1057587,"toggle":1057587}
{"event":"present","width":1000,"height":700,"updates":16951,"presentations":16951,"marker":1057587,"toggle":1057587}
{"event":"present","width":1000,"height":700,"updates":16981,"presentations":16981,"marker":1057587,"toggle":1057587}
{"event":"present","width":1000,"height":700,"updates":17011,"presentations":17011,"marker":1057587,"toggle":1057587}
{"event":"present","width":1000,"height":700,"updates":17041,"presentations":17041,"marker":1057587,"toggle":1057587}
{"event":"present","width":1000,"height":700,"updates":17071,"presentations":17071,"marker":1057587,"toggle":1057587}
{"event":"present","width":1000,"height":700,"updates":17101,"presentations":17101,"marker":1057587,"toggle":1057587}
{"event":"present","width":1000,"height":700,"updates":17131,"presentations":17131,"marker":1057587,"toggle":1057587}
{"event":"present","width":1000,"height":700,"updates":17161,"presentations":17161,"marker":1057587,"toggle":1057587}
{"event":"present","width":1000,"height":700,"updates":17191,"presentations":17191,"marker":1057587,"toggle":1057587}
{"event":"present","width":1000,"height":700,"updates":17221,"presentations":17221,"marker":1057587,"toggle":1057587}
{"event":"present","width":1000,"height":700,"updates":17251,"presentations":17251,"marker":1057587,"toggle":1057587}
{"event":"present","width":1000,"height":700,"updates":17281,"presentations":17281,"marker":1057587,"toggle":1057587}
{"event":"present","width":1000,"height":700,"updates":17311,"presentations":17311,"marker":1057587,"toggle":1057587}
{"event":"present","width":1000,"height":700,"updates":17341,"presentations":17341,"marker":1057587,"toggle":1057587}
{"event":"present","width":1000,"height":700,"updates":17371,"presentations":17371,"marker":1057587,"toggle":1057587}
{"event":"present","width":1000,"height":700,"updates":17401,"presentations":17401,"marker":1057587,"toggle":1057587}
{"event":"present","width":1000,"height":700,"updates":17431,"presentations":17431,"marker":1057587,"toggle":1057587}
{"event":"present","width":1000,"height":700,"updates":17461,"presentations":17461,"marker":1057587,"toggle":1057587}
{"event":"present","width":1000,"height":700,"updates":17491,"presentations":17491,"marker":1057587,"toggle":1057587}
{"event":"present","width":1000,"height":700,"updates":17521,"presentations":17521,"marker":1057587,"toggle":1057587}
{"event":"present","width":1000,"height":700,"updates":17551,"presentations":17551,"marker":1057587,"toggle":1057587}
{"event":"present","width":1000,"height":700,"updates":17581,"presentations":17581,"marker":1057587,"toggle":1057587}
{"event":"present","width":1000,"height":700,"updates":17611,"presentations":17611,"marker":1057587,"toggle":1057587}
{"event":"present","width":1000,"height":700,"updates":17641,"presentations":17641,"marker":1057587,"toggle":1057587}
{"event":"present","width":1000,"height":700,"updates":17671,"presentations":17671,"marker":1057587,"toggle":1057587}
{"event":"present","width":1000,"height":700,"updates":17701,"presentations":17701,"marker":1057587,"toggle":1057587}
{"event":"present","width":1000,"height":700,"updates":17731,"presentations":17731,"marker":1057587,"toggle":1057587}
{"event":"present","width":1000,"height":700,"updates":17761,"presentations":17761,"marker":1057587,"toggle":1057587}
{"event":"present","width":1000,"height":700,"updates":17791,"presentations":17791,"marker":1057587,"toggle":1057587}
{"event":"present","width":1000,"height":700,"updates":17821,"presentations":17821,"marker":1057587,"toggle":1057587}
{"event":"present","width":1000,"height":700,"updates":17851,"presentations":17851,"marker":1057587,"toggle":1057587}
{"event":"present","width":1000,"height":700,"updates":17881,"presentations":17881,"marker":1057587,"toggle":1057587}
{"event":"present","width":1000,"height":700,"updates":17911,"presentations":17911,"marker":1057587,"toggle":1057587}
{"event":"present","width":1000,"height":700,"updates":17941,"presentations":17941,"marker":1057587,"toggle":1057587}
{"event":"present","width":1000,"height":700,"updates":17971,"presentations":17971,"marker":1057587,"toggle":1057587}
{"event":"present","width":1000,"height":700,"updates":18001,"presentations":18001,"marker":1057587,"toggle":1057587}
{"event":"present","width":1000,"height":700,"updates":18031,"presentations":18031,"marker":1057587,"toggle":1057587}
{"event":"present","width":1000,"height":700,"updates":18061,"presentations":18061,"marker":1057587,"toggle":1057587}
{"event":"present","width":1000,"height":700,"updates":18091,"presentations":18091,"marker":1057587,"toggle":1057587}
{"event":"present","width":1000,"height":700,"updates":18121,"presentations":18121,"marker":1057587,"toggle":1057587}
{"event":"present","width":1000,"height":700,"updates":18151,"presentations":18151,"marker":1057587,"toggle":1057587}
{"event":"present","width":1000,"height":700,"updates":18181,"presentations":18181,"marker":1057587,"toggle":1057587}
{"event":"present","width":1000,"height":700,"updates":18211,"presentations":18211,"marker":1057587,"toggle":1057587}
{"event":"present","width":1000,"height":700,"updates":18241,"presentations":18241,"marker":1057587,"toggle":1057587}
{"event":"present","width":1000,"height":700,"updates":18271,"presentations":18271,"marker":1057587,"toggle":1057587}
{"event":"present","width":1000,"height":700,"updates":18301,"presentations":18301,"marker":1057587,"toggle":1057587}
{"event":"present","width":1000,"height":700,"updates":18331,"presentations":18331,"marker":1057587,"toggle":1057587}
{"event":"present","width":1000,"height":700,"updates":18361,"presentations":18361,"marker":1057587,"toggle":1057587}
{"event":"present","width":1000,"height":700,"updates":18391,"presentations":18391,"marker":1057587,"toggle":1057587}
{"event":"present","width":1000,"height":700,"updates":18421,"presentations":18421,"marker":1057587,"toggle":1057587}
{"event":"present","width":1000,"height":700,"updates":18451,"presentations":18451,"marker":1057587,"toggle":1057587}
{"event":"present","width":1000,"height":700,"updates":18481,"presentations":18481,"marker":1057587,"toggle":1057587}
{"event":"present","width":1000,"height":700,"updates":18511,"presentations":18511,"marker":1057587,"toggle":1057587}
{"event":"present","width":1000,"height":700,"updates":18541,"presentations":18541,"marker":1057587,"toggle":1057587}
{"event":"present","width":1000,"height":700,"updates":18571,"presentations":18571,"marker":1057587,"toggle":1057587}
{"event":"present","width":1000,"height":700,"updates":18601,"presentations":18601,"marker":1057587,"toggle":1057587}
{"event":"present","width":1000,"height":700,"updates":18631,"presentations":18631,"marker":1057587,"toggle":1057587}
{"event":"present","width":1000,"height":700,"updates":18661,"presentations":18661,"marker":1057587,"toggle":1057587}
{"event":"present","width":1000,"height":700,"updates":18691,"presentations":18691,"marker":1057587,"toggle":1057587}
{"event":"present","width":1000,"height":700,"updates":18721,"presentations":18721,"marker":1057587,"toggle":1057587}
{"event":"present","width":1000,"height":700,"updates":18751,"presentations":18751,"marker":1057587,"toggle":1057587}
{"event":"present","width":1000,"height":700,"updates":18781,"presentations":18781,"marker":1057587,"toggle":1057587}
{"event":"present","width":1000,"height":700,"updates":18811,"presentations":18811,"marker":1057587,"toggle":1057587}
{"event":"present","width":1000,"height":700,"updates":18841,"presentations":18841,"marker":1057587,"toggle":1057587}
{"event":"present","width":1000,"height":700,"updates":18871,"presentations":18871,"marker":1057587,"toggle":1057587}
{"event":"present","width":1000,"height":700,"updates":18901,"presentations":18901,"marker":1057587,"toggle":1057587}
{"event":"present","width":1000,"height":700,"updates":18931,"presentations":18931,"marker":1057587,"toggle":1057587}
{"event":"present","width":1000,"height":700,"updates":18961,"presentations":18961,"marker":1057587,"toggle":1057587}
{"event":"present","width":1000,"height":700,"updates":18991,"presentations":18991,"marker":1057587,"toggle":1057587}
{"event":"present","width":1000,"height":700,"updates":19021,"presentations":19021,"marker":1057587,"toggle":1057587}
{"event":"present","width":1000,"height":700,"updates":19051,"presentations":19051,"marker":1057587,"toggle":1057587}
{"event":"present","width":1000,"height":700,"updates":19081,"presentations":19081,"marker":1057587,"toggle":1057587}
{"event":"present","width":1000,"height":700,"updates":19111,"presentations":19111,"marker":1057587,"toggle":1057587}
{"event":"present","width":1000,"height":700,"updates":19141,"presentations":19141,"marker":1057587,"toggle":1057587}
{"event":"present","width":1000,"height":700,"updates":19171,"presentations":19171,"marker":1057587,"toggle":1057587}
{"event":"present","width":1000,"height":700,"updates":19201,"presentations":19201,"marker":1057587,"toggle":1057587}
{"event":"present","width":1000,"height":700,"updates":19231,"presentations":19231,"marker":1057587,"toggle":1057587}
{"event":"present","width":1000,"height":700,"updates":19261,"presentations":19261,"marker":1057587,"toggle":1057587}
{"event":"present","width":1000,"height":700,"updates":19291,"presentations":19291,"marker":1057587,"toggle":1057587}
{"event":"present","width":1000,"height":700,"updates":19321,"presentations":19321,"marker":1057587,"toggle":1057587}
{"event":"present","width":1000,"height":700,"updates":19351,"presentations":19351,"marker":1057587,"toggle":1057587}
{"event":"present","width":1000,"height":700,"updates":19381,"presentations":19381,"marker":1057587,"toggle":1057587}
{"event":"present","width":1000,"height":700,"updates":19411,"presentations":19411,"marker":1057587,"toggle":1057587}
{"event":"present","width":1000,"height":700,"updates":19441,"presentations":19441,"marker":1057587,"toggle":1057587}
{"event":"present","width":1000,"height":700,"updates":19471,"presentations":19471,"marker":1057587,"toggle":1057587}
{"event":"present","width":1000,"height":700,"updates":19501,"presentations":19501,"marker":1057587,"toggle":1057587}
{"event":"present","width":1000,"height":700,"updates":19531,"presentations":19531,"marker":1057587,"toggle":1057587}
{"event":"present","width":1000,"height":700,"updates":19561,"presentations":19561,"marker":1057587,"toggle":1057587}
{"event":"present","width":1000,"height":700,"updates":19591,"presentations":19591,"marker":1057587,"toggle":1057587}
{"event":"present","width":1000,"height":700,"updates":19621,"presentations":19621,"marker":1057587,"toggle":1057587}
{"event":"present","width":1000,"height":700,"updates":19651,"presentations":19651,"marker":1057587,"toggle":1057587}
{"event":"present","width":1000,"height":700,"updates":19681,"presentations":19681,"marker":1057587,"toggle":1057587}
{"event":"present","width":1000,"height":700,"updates":19711,"presentations":19711,"marker":1057587,"toggle":1057587}
{"event":"present","width":1000,"height":700,"updates":19741,"presentations":19741,"marker":1057587,"toggle":1057587}
{"event":"present","width":1000,"height":700,"updates":19771,"presentations":19771,"marker":1057587,"toggle":1057587}
{"event":"present","width":1000,"height":700,"updates":19801,"presentations":19801,"marker":1057587,"toggle":1057587}
{"event":"present","width":1000,"height":700,"updates":19831,"presentations":19831,"marker":1057587,"toggle":1057587}
{"event":"present","width":1000,"height":700,"updates":19861,"presentations":19861,"marker":1057587,"toggle":1057587}
{"event":"present","width":1000,"height":700,"updates":19891,"presentations":19891,"marker":1057587,"toggle":1057587}
{"event":"present","width":1000,"height":700,"updates":19921,"presentations":19921,"marker":1057587,"toggle":1057587}
{"event":"present","width":1000,"height":700,"updates":19951,"presentations":19951,"marker":1057587,"toggle":1057587}
{"event":"present","width":1000,"height":700,"updates":19981,"presentations":19981,"marker":1057587,"toggle":1057587}
{"event":"present","width":1000,"height":700,"updates":20011,"presentations":20011,"marker":1057587,"toggle":1057587}
{"event":"present","width":1000,"height":700,"updates":20041,"presentations":20041,"marker":1057587,"toggle":1057587}
{"event":"present","width":1000,"height":700,"updates":20071,"presentations":20071,"marker":1057587,"toggle":1057587}
{"event":"present","width":1000,"height":700,"updates":20101,"presentations":20101,"marker":1057587,"toggle":1057587}
{"event":"present","width":1000,"height":700,"updates":20131,"presentations":20131,"marker":1057587,"toggle":1057587}
{"event":"present","width":1000,"height":700,"updates":20161,"presentations":20161,"marker":1057587,"toggle":1057587}
{"event":"present","width":1000,"height":700,"updates":20191,"presentations":20191,"marker":1057587,"toggle":1057587}
{"event":"present","width":1000,"height":700,"updates":20221,"presentations":20221,"marker":1057587,"toggle":1057587}
{"event":"present","width":1000,"height":700,"updates":20251,"presentations":20251,"marker":1057587,"toggle":1057587}
{"event":"present","width":1000,"height":700,"updates":20281,"presentations":20281,"marker":1057587,"toggle":1057587}
{"event":"present","width":1000,"height":700,"updates":20311,"presentations":20311,"marker":1057587,"toggle":1057587}
{"event":"present","width":1000,"height":700,"updates":20341,"presentations":20341,"marker":1057587,"toggle":1057587}
{"event":"present","width":1000,"height":700,"updates":20371,"presentations":20371,"marker":1057587,"toggle":1057587}
{"event":"present","width":1000,"height":700,"updates":20401,"presentations":20401,"marker":1057587,"toggle":1057587}
{"event":"present","width":1000,"height":700,"updates":20431,"presentations":20431,"marker":1057587,"toggle":1057587}
{"event":"present","width":1000,"height":700,"updates":20461,"presentations":20461,"marker":1057587,"toggle":1057587}
{"event":"present","width":1000,"height":700,"updates":20491,"presentations":20491,"marker":1057587,"toggle":1057587}
{"event":"present","width":1000,"height":700,"updates":20521,"presentations":20521,"marker":1057587,"toggle":1057587}
{"event":"present","width":1000,"height":700,"updates":20551,"presentations":20551,"marker":1057587,"toggle":1057587}
{"event":"present","width":1000,"height":700,"updates":20581,"presentations":20581,"marker":1057587,"toggle":1057587}
{"event":"present","width":1000,"height":700,"updates":20611,"presentations":20611,"marker":1057587,"toggle":1057587}
{"event":"present","width":1000,"height":700,"updates":20641,"presentations":20641,"marker":1057587,"toggle":1057587}
{"event":"present","width":1000,"height":700,"updates":20671,"presentations":20671,"marker":1057587,"toggle":1057587}
{"event":"present","width":1000,"height":700,"updates":20701,"presentations":20701,"marker":1057587,"toggle":1057587}
{"event":"present","width":1000,"height":700,"updates":20731,"presentations":20731,"marker":1057587,"toggle":1057587}
{"event":"present","width":1000,"height":700,"updates":20761,"presentations":20761,"marker":1057587,"toggle":1057587}
{"event":"present","width":1000,"height":700,"updates":20791,"presentations":20791,"marker":1057587,"toggle":1057587}
{"event":"present","width":1000,"height":700,"updates":20821,"presentations":20821,"marker":1057587,"toggle":1057587}
{"event":"present","width":1000,"height":700,"updates":20851,"presentations":20851,"marker":1057587,"toggle":1057587}
{"event":"present","width":1000,"height":700,"updates":20881,"presentations":20881,"marker":1057587,"toggle":1057587}
{"event":"present","width":1000,"height":700,"updates":20911,"presentations":20911,"marker":1057587,"toggle":1057587}
{"event":"present","width":1000,"height":700,"updates":20941,"presentations":20941,"marker":1057587,"toggle":1057587}
{"event":"present","width":1000,"height":700,"updates":20971,"presentations":20971,"marker":1057587,"toggle":1057587}
{"event":"present","width":1000,"height":700,"updates":21001,"presentations":21001,"marker":1057587,"toggle":1057587}
{"event":"present","width":1000,"height":700,"updates":21031,"presentations":21031,"marker":1057587,"toggle":1057587}
{"event":"present","width":1000,"height":700,"updates":21061,"presentations":21061,"marker":1057587,"toggle":1057587}
{"event":"present","width":1000,"height":700,"updates":21091,"presentations":21091,"marker":1057587,"toggle":1057587}
{"event":"present","width":1000,"height":700,"updates":21121,"presentations":21121,"marker":1057587,"toggle":1057587}
{"event":"present","width":1000,"height":700,"updates":21151,"presentations":21151,"marker":1057587,"toggle":1057587}
{"event":"present","width":1000,"height":700,"updates":21181,"presentations":21181,"marker":1057587,"toggle":1057587}
{"event":"present","width":1000,"height":700,"updates":21211,"presentations":21211,"marker":1057587,"toggle":1057587}
{"event":"present","width":1000,"height":700,"updates":21241,"presentations":21241,"marker":1057587,"toggle":1057587}
{"event":"present","width":1000,"height":700,"updates":21271,"presentations":21271,"marker":1057587,"toggle":1057587}
{"event":"present","width":1000,"height":700,"updates":21301,"presentations":21301,"marker":1057587,"toggle":1057587}
{"event":"present","width":1000,"height":700,"updates":21331,"presentations":21331,"marker":1057587,"toggle":1057587}
{"event":"present","width":1000,"height":700,"updates":21361,"presentations":21361,"marker":1057587,"toggle":1057587}
{"event":"present","width":1000,"height":700,"updates":21391,"presentations":21391,"marker":1057587,"toggle":1057587}
{"event":"present","width":1000,"height":700,"updates":21421,"presentations":21421,"marker":1057587,"toggle":1057587}
{"event":"present","width":1000,"height":700,"updates":21451,"presentations":21451,"marker":1057587,"toggle":1057587}
{"event":"present","width":1000,"height":700,"updates":21481,"presentations":21481,"marker":1057587,"toggle":1057587}
{"event":"present","width":1000,"height":700,"updates":21511,"presentations":21511,"marker":1057587,"toggle":1057587}
{"event":"present","width":1000,"height":700,"updates":21541,"presentations":21541,"marker":1057587,"toggle":1057587}
{"event":"present","width":1000,"height":700,"updates":21571,"presentations":21571,"marker":1057587,"toggle":1057587}
{"event":"present","width":1000,"height":700,"updates":21601,"presentations":21601,"marker":1057587,"toggle":1057587}
{"event":"present","width":1000,"height":700,"updates":21631,"presentations":21631,"marker":1057587,"toggle":1057587}
{"event":"present","width":1000,"height":700,"updates":21661,"presentations":21661,"marker":1057587,"toggle":1057587}
{"event":"present","width":1000,"height":700,"updates":21691,"presentations":21691,"marker":1057587,"toggle":1057587}
{"event":"present","width":1000,"height":700,"updates":21721,"presentations":21721,"marker":1057587,"toggle":1057587}
{"event":"present","width":1000,"height":700,"updates":21751,"presentations":21751,"marker":1057587,"toggle":1057587}
{"event":"present","width":1000,"height":700,"updates":21781,"presentations":21781,"marker":1057587,"toggle":1057587}
{"event":"present","width":1000,"height":700,"updates":21811,"presentations":21811,"marker":1057587,"toggle":1057587}
{"event":"present","width":1000,"height":700,"updates":21841,"presentations":21841,"marker":1057587,"toggle":1057587}
{"event":"present","width":1000,"height":700,"updates":21871,"presentations":21871,"marker":1057587,"toggle":1057587}
{"event":"present","width":1000,"height":700,"updates":21901,"presentations":21901,"marker":1057587,"toggle":1057587}
{"event":"present","width":1000,"height":700,"updates":21931,"presentations":21931,"marker":1057587,"toggle":1057587}
{"event":"present","width":1000,"height":700,"updates":21961,"presentations":21961,"marker":1057587,"toggle":1057587}
{"event":"present","width":1000,"height":700,"updates":21991,"presentations":21991,"marker":1057587,"toggle":1057587}
{"event":"present","width":1000,"height":700,"updates":22021,"presentations":22021,"marker":1057587,"toggle":1057587}
{"event":"present","width":1000,"height":700,"updates":22051,"presentations":22051,"marker":1057587,"toggle":1057587}
{"event":"present","width":1000,"height":700,"updates":22081,"presentations":22081,"marker":1057587,"toggle":1057587}
{"event":"present","width":1000,"height":700,"updates":22111,"presentations":22111,"marker":1057587,"toggle":1057587}
{"event":"present","width":1000,"height":700,"updates":22141,"presentations":22141,"marker":1057587,"toggle":1057587}
{"event":"present","width":1000,"height":700,"updates":22171,"presentations":22171,"marker":1057587,"toggle":1057587}
{"event":"present","width":1000,"height":700,"updates":22201,"presentations":22201,"marker":1057587,"toggle":1057587}
{"event":"present","width":1000,"height":700,"updates":22231,"presentations":22231,"marker":1057587,"toggle":1057587}
{"event":"present","width":1000,"height":700,"updates":22261,"presentations":22261,"marker":1057587,"toggle":1057587}
{"event":"present","width":1000,"height":700,"updates":22291,"presentations":22291,"marker":1057587,"toggle":1057587}
{"event":"present","width":1000,"height":700,"updates":22321,"presentations":22321,"marker":1057587,"toggle":1057587}
{"event":"present","width":1000,"height":700,"updates":22351,"presentations":22351,"marker":1057587,"toggle":1057587}
{"event":"present","width":1000,"height":700,"updates":22381,"presentations":22381,"marker":1057587,"toggle":1057587}
{"event":"present","width":1000,"height":700,"updates":22411,"presentations":22411,"marker":1057587,"toggle":1057587}
{"event":"present","width":1000,"height":700,"updates":22441,"presentations":22441,"marker":1057587,"toggle":1057587}
{"event":"present","width":1000,"height":700,"updates":22471,"presentations":22471,"marker":1057587,"toggle":1057587}
13/09/2026 09:26:19 VNC server closed connection
{"event":"disconnected"}
App terminated due to signal 9.
