13/09/2026 08:56:36 VNC server supports protocol version 3.8 (viewer 3.8)
13/09/2026 08:56:36 We have 1 security types to read
13/09/2026 08:56:36 0) Received security type 1
13/09/2026 08:56:36 Selecting security type 1 (0/1 in the list)
13/09/2026 08:56:36 Selected Security Scheme 1
13/09/2026 08:56:36 No authentication needed
13/09/2026 08:56:36 VNC authentication succeeded
13/09/2026 08:56:36 Desktop name "WVE-79 RFB display spike"
13/09/2026 08:56:36 Connected to VNC server, using protocol version 3.8
13/09/2026 08:56:36 VNC server default format:
13/09/2026 08:56:36   32 bits per pixel.
13/09/2026 08:56:36   Least significant byte first in each pixel.
13/09/2026 08:56:36   TRUE colour: max red 255 green 255 blue 255, shift red 16 green 8 blue 0
{"event":"connected","audio":false}
{"event":"present","width":800,"height":600,"updates":1,"presentations":1,"marker":0,"toggle":0}
13/09/2026 08:56:36 client2server supported messages (bit flags)
13/09/2026 08:56:36 00: 00ff 0081 0000 0000 - 0000 0000 0000 0000
13/09/2026 08:56:36 08: 0000 0000 0000 0000 - 0000 0000 0000 0000
13/09/2026 08:56:36 10: 0000 0000 0000 0000 - 0000 0000 0000 0000
13/09/2026 08:56:36 18: 0000 0000 0000 0000 - 0000 0000 0000 0008
13/09/2026 08:56:36 server2client supported messages (bit flags)
13/09/2026 08:56:36 00: 001f 0080 0000 0000 - 0000 0000 0000 0000
13/09/2026 08:56:36 08: 0000 0000 0000 0000 - 0000 0000 0000 0000
13/09/2026 08:56:36 10: 0000 0000 0000 0000 - 0000 0000 0000 0000
13/09/2026 08:56:36 18: 0000 0000 0000 0000 - 0000 0000 0000 0000
13/09/2026 08:56:36 Connected to Server "unknown (LibVNCServer 0.9.15)"
{"event":"present","width":800,"height":600,"updates":31,"presentations":31,"marker":69,"toggle":0}
{"event":"present","width":800,"height":600,"updates":61,"presentations":61,"marker":99,"toggle":0}
{"event":"present","width":800,"height":600,"updates":91,"presentations":91,"marker":129,"toggle":0}
{"event":"present","width":800,"height":600,"updates":121,"presentations":121,"marker":159,"toggle":0}
{"event":"present","width":800,"height":600,"updates":151,"presentations":151,"marker":189,"toggle":0}
{"event":"present","width":800,"height":600,"updates":181,"presentations":181,"marker":219,"toggle":0}
{"event":"present","width":800,"height":600,"updates":211,"presentations":211,"marker":249,"toggle":0}
{"event":"present","width":800,"height":600,"updates":241,"presentations":241,"marker":279,"toggle":0}
{"event":"present","width":800,"height":600,"updates":271,"presentations":271,"marker":309,"toggle":0}
{"event":"present","width":800,"height":600,"updates":305,"presentations":301,"marker":343,"toggle":0}
{"event":"present","width":800,"height":600,"updates":341,"presentations":331,"marker":379,"toggle":0}
{"event":"present","width":800,"height":600,"updates":380,"presentations":361,"marker":418,"toggle":0}
{"event":"present","width":800,"height":600,"updates":413,"presentations":391,"marker":451,"toggle":0}
{"event":"present","width":800,"height":600,"updates":443,"presentations":421,"marker":481,"toggle":0}
{"event":"present","width":800,"height":600,"updates":473,"presentations":451,"marker":511,"toggle":0}
{"event":"present","width":800,"height":600,"updates":503,"presentations":481,"marker":541,"toggle":0}
{"event":"present","width":800,"height":600,"updates":533,"presentations":511,"marker":571,"toggle":0}
{"event":"present","width":800,"height":600,"updates":563,"presentations":541,"marker":601,"toggle":0}
{"event":"present","width":800,"height":600,"updates":600,"presentations":571,"marker":638,"toggle":0}
{"event":"present","width":800,"height":600,"updates":632,"presentations":601,"marker":670,"toggle":0}
{"event":"present","width":800,"height":600,"updates":662,"presentations":631,"marker":700,"toggle":0}
{"event":"present","width":800,"height":600,"updates":692,"presentations":661,"marker":730,"toggle":0}
{"event":"present","width":800,"height":600,"updates":722,"presentations":691,"marker":760,"toggle":0}
{"event":"present","width":800,"height":600,"updates":752,"presentations":721,"marker":790,"toggle":0}
{"event":"present","width":800,"height":600,"updates":782,"presentations":751,"marker":826,"toggle":0}
{"event":"present","width":800,"height":600,"updates":812,"presentations":781,"marker":856,"toggle":0}
{"event":"present","width":800,"height":600,"updates":842,"presentations":811,"marker":886,"toggle":0}
{"event":"present","width":800,"height":600,"updates":872,"presentations":841,"marker":916,"toggle":0}
{"event":"present","width":800,"height":600,"updates":902,"presentations":871,"marker":946,"toggle":0}
{"event":"present","width":800,"height":600,"updates":932,"presentations":901,"marker":976,"toggle":0}
{"event":"present","width":800,"height":600,"updates":962,"presentations":931,"marker":1006,"toggle":0}
{"event":"present","width":800,"height":600,"updates":993,"presentations":961,"marker":1037,"toggle":0}
{"event":"present","width":800,"height":600,"updates":1023,"presentations":991,"marker":1067,"toggle":0}
{"event":"present","width":800,"height":600,"updates":1053,"presentations":1021,"marker":1099,"toggle":0}
{"event":"present","width":800,"height":600,"updates":1083,"presentations":1051,"marker":1129,"toggle":0}
{"event":"present","width":800,"height":600,"updates":1118,"presentations":1081,"marker":1164,"toggle":0}
{"event":"present","width":800,"height":600,"updates":1148,"presentations":1111,"marker":1194,"toggle":0}
{"event":"present","width":800,"height":600,"updates":1178,"presentations":1141,"marker":1224,"toggle":0}
{"event":"present","width":800,"height":600,"updates":1208,"presentations":1171,"marker":1254,"toggle":0}
{"event":"present","width":800,"height":600,"updates":1238,"presentations":1201,"marker":1284,"toggle":0}
{"event":"present","width":800,"height":600,"updates":1268,"presentations":1231,"marker":1314,"toggle":0}
{"event":"present","width":800,"height":600,"updates":1298,"presentations":1261,"marker":1344,"toggle":0}
{"event":"present","width":800,"height":600,"updates":1328,"presentations":1291,"marker":1374,"toggle":0}
{"event":"present","width":800,"height":600,"updates":1358,"presentations":1321,"marker":1404,"toggle":0}
{"event":"present","width":800,"height":600,"updates":1388,"presentations":1351,"marker":1434,"toggle":0}
{"event":"present","width":800,"height":600,"updates":1418,"presentations":1381,"marker":1464,"toggle":0}
{"event":"present","width":800,"height":600,"updates":1448,"presentations":1411,"marker":1494,"toggle":0}
{"event":"present","width":800,"height":600,"updates":1478,"presentations":1441,"marker":1524,"toggle":0}
{"event":"present","width":800,"height":600,"updates":1508,"presentations":1471,"marker":1554,"toggle":0}
{"event":"present","width":800,"height":600,"updates":1538,"presentations":1501,"marker":1584,"toggle":0}
{"event":"present","width":800,"height":600,"updates":1568,"presentations":1531,"marker":1614,"toggle":0}
{"event":"present","width":800,"height":600,"updates":1598,"presentations":1561,"marker":1644,"toggle":0}
{"event":"present","width":800,"height":600,"updates":1628,"presentations":1591,"marker":1674,"toggle":0}
{"event":"present","width":800,"height":600,"updates":1658,"presentations":1621,"marker":1704,"toggle":0}
{"event":"present","width":800,"height":600,"updates":1688,"presentations":1651,"marker":1734,"toggle":0}
{"event":"present","width":800,"height":600,"updates":1718,"presentations":1681,"marker":1764,"toggle":0}
{"event":"present","width":800,"height":600,"updates":1748,"presentations":1711,"marker":1794,"toggle":0}
{"event":"present","width":800,"height":600,"updates":1778,"presentations":1741,"marker":1824,"toggle":0}
{"event":"present","width":800,"height":600,"updates":1808,"presentations":1771,"marker":1854,"toggle":0}
{"event":"present","width":800,"height":600,"updates":1838,"presentations":1801,"marker":1884,"toggle":0}
{"event":"present","width":800,"height":600,"updates":1868,"presentations":1831,"marker":1914,"toggle":0}
{"event":"present","width":800,"height":600,"updates":1898,"presentations":1861,"marker":1944,"toggle":0}
{"event":"present","width":800,"height":600,"updates":1928,"presentations":1891,"marker":1974,"toggle":0}
{"event":"present","width":800,"height":600,"updates":1958,"presentations":1921,"marker":2004,"toggle":0}
{"event":"present","width":800,"height":600,"updates":1988,"presentations":1951,"marker":2034,"toggle":0}
{"event":"present","width":800,"height":600,"updates":2018,"presentations":1981,"marker":2064,"toggle":0}
{"event":"present","width":800,"height":600,"updates":2048,"presentations":2011,"marker":2094,"toggle":0}
{"event":"present","width":800,"height":600,"updates":2078,"presentations":2041,"marker":2124,"toggle":0}
{"event":"present","width":800,"height":600,"updates":2108,"presentations":2071,"marker":2154,"toggle":0}
{"event":"present","width":800,"height":600,"updates":2138,"presentations":2101,"marker":2184,"toggle":0}
{"event":"present","width":800,"height":600,"updates":2168,"presentations":2131,"marker":2214,"toggle":0}
{"event":"present","width":800,"height":600,"updates":2198,"presentations":2161,"marker":2244,"toggle":0}
{"event":"present","width":800,"height":600,"updates":2228,"presentations":2191,"marker":2274,"toggle":0}
{"event":"present","width":800,"height":600,"updates":2258,"presentations":2221,"marker":2304,"toggle":0}
{"event":"present","width":800,"height":600,"updates":2288,"presentations":2251,"marker":2334,"toggle":0}
{"event":"present","width":800,"height":600,"updates":2318,"presentations":2281,"marker":2364,"toggle":0}
{"event":"present","width":800,"height":600,"updates":2348,"presentations":2311,"marker":2394,"toggle":0}
{"event":"present","width":800,"height":600,"updates":2378,"presentations":2341,"marker":2424,"toggle":0}
{"event":"present","width":800,"height":600,"updates":2408,"presentations":2371,"marker":2454,"toggle":0}
{"event":"present","width":800,"height":600,"updates":2438,"presentations":2401,"marker":2484,"toggle":0}
{"event":"present","width":800,"height":600,"updates":2468,"presentations":2431,"marker":2514,"toggle":0}
{"event":"present","width":800,"height":600,"updates":2498,"presentations":2461,"marker":2544,"toggle":0}
{"event":"present","width":800,"height":600,"updates":2528,"presentations":2491,"marker":2574,"toggle":0}
{"event":"present","width":800,"height":600,"updates":2558,"presentations":2521,"marker":2604,"toggle":0}
{"event":"present","width":800,"height":600,"updates":2588,"presentations":2551,"marker":2634,"toggle":0}
{"event":"present","width":800,"height":600,"updates":2618,"presentations":2581,"marker":2664,"toggle":0}
{"event":"present","width":800,"height":600,"updates":2648,"presentations":2611,"marker":2694,"toggle":1}
{"event":"present","width":800,"height":600,"updates":2678,"presentations":2641,"marker":2724,"toggle":1}
{"event":"present","width":800,"height":600,"updates":2708,"presentations":2671,"marker":2754,"toggle":1}
{"event":"present","width":800,"height":600,"updates":2738,"presentations":2701,"marker":2784,"toggle":1}
{"event":"present","width":800,"height":600,"updates":2768,"presentations":2731,"marker":2814,"toggle":1}
{"event":"present","width":800,"height":600,"updates":2798,"presentations":2761,"marker":2844,"toggle":1}
{"event":"present","width":800,"height":600,"updates":2828,"presentations":2791,"marker":2874,"toggle":1}
{"event":"present","width":800,"height":600,"updates":2858,"presentations":2821,"marker":2904,"toggle":1}
{"event":"present","width":800,"height":600,"updates":2888,"presentations":2851,"marker":2934,"toggle":1}
{"event":"present","width":800,"height":600,"updates":2918,"presentations":2881,"marker":2964,"toggle":1}
13/09/2026 08:58:23 Sending dimensions 1000x700
13/09/2026 08:58:23 Updated desktop size: 1000x700
{"event":"present","width":1000,"height":700,"updates":2948,"presentations":2911,"marker":11602688,"toggle":65536}
{"event":"present","width":1000,"height":700,"updates":2978,"presentations":2941,"marker":13568768,"toggle":65536}
{"event":"present","width":1000,"height":700,"updates":3008,"presentations":2971,"marker":15534848,"toggle":65536}
13/09/2026 08:58:26 Updated desktop size: 800x1000
{"event":"present","width":800,"height":1000,"updates":3038,"presentations":3001,"marker":658432,"toggle":65536}
{"event":"present","width":800,"height":1000,"updates":3068,"presentations":3031,"marker":2624512,"toggle":65536}
13/09/2026 08:58:29 Sending dimensions 1000x700
13/09/2026 08:58:29 Updated desktop size: 1000x700
{"event":"present","width":1000,"height":700,"updates":3098,"presentations":3061,"marker":0,"toggle":0}
{"event":"present","width":1000,"height":700,"updates":3128,"presentations":3091,"marker":6491136,"toggle":65536}
{"event":"present","width":1000,"height":700,"updates":3158,"presentations":3121,"marker":8457216,"toggle":65536}
{"event":"present","width":1000,"height":700,"updates":3188,"presentations":3151,"marker":10423296,"toggle":65536}
{"event":"present","width":1000,"height":700,"updates":3218,"presentations":3181,"marker":12389376,"toggle":65536}
{"event":"present","width":1000,"height":700,"updates":3248,"presentations":3211,"marker":14355456,"toggle":65536}
{"event":"present","width":1000,"height":700,"updates":3278,"presentations":3241,"marker":16321536,"toggle":65536}
{"event":"present","width":1000,"height":700,"updates":3308,"presentations":3271,"marker":1510656,"toggle":65536}
{"event":"present","width":1000,"height":700,"updates":3338,"presentations":3301,"marker":3476736,"toggle":65536}
{"event":"present","width":1000,"height":700,"updates":3368,"presentations":3331,"marker":5442816,"toggle":65536}
{"event":"present","width":1000,"height":700,"updates":3398,"presentations":3361,"marker":7408896,"toggle":65536}
{"event":"present","width":1000,"height":700,"updates":3428,"presentations":3391,"marker":9374976,"toggle":65536}
{"event":"present","width":1000,"height":700,"updates":3458,"presentations":3421,"marker":11341056,"toggle":65536}
{"event":"present","width":1000,"height":700,"updates":3488,"presentations":3451,"marker":13307136,"toggle":65536}
{"event":"present","width":1000,"height":700,"updates":3518,"presentations":3481,"marker":15273216,"toggle":65536}
{"event":"present","width":1000,"height":700,"updates":3548,"presentations":3511,"marker":462336,"toggle":65536}
{"event":"present","width":1000,"height":700,"updates":3578,"presentations":3541,"marker":2428416,"toggle":65536}
{"event":"present","width":1000,"height":700,"updates":3608,"presentations":3571,"marker":4394496,"toggle":65536}
{"event":"present","width":1000,"height":700,"updates":3638,"presentations":3601,"marker":6360576,"toggle":65536}
{"event":"present","width":1000,"height":700,"updates":3668,"presentations":3631,"marker":8326656,"toggle":65536}
{"event":"present","width":1000,"height":700,"updates":3698,"presentations":3661,"marker":10292736,"toggle":65536}
{"event":"present","width":1000,"height":700,"updates":3728,"presentations":3691,"marker":12258816,"toggle":65536}
{"event":"present","width":1000,"height":700,"updates":3758,"presentations":3721,"marker":14224896,"toggle":65536}
{"event":"present","width":1000,"height":700,"updates":3788,"presentations":3751,"marker":16190976,"toggle":65536}
{"event":"present","width":1000,"height":700,"updates":3818,"presentations":3781,"marker":1380096,"toggle":65536}
{"event":"present","width":1000,"height":700,"updates":3848,"presentations":3811,"marker":3346176,"toggle":65536}
{"event":"present","width":1000,"height":700,"updates":3878,"presentations":3841,"marker":5312256,"toggle":65536}
{"event":"present","width":1000,"height":700,"updates":3908,"presentations":3871,"marker":7278336,"toggle":65536}
{"event":"present","width":1000,"height":700,"updates":3938,"presentations":3901,"marker":9244416,"toggle":65536}
{"event":"present","width":1000,"height":700,"updates":3968,"presentations":3931,"marker":11210496,"toggle":65536}
{"event":"present","width":1000,"height":700,"updates":3998,"presentations":3961,"marker":13176576,"toggle":65536}
{"event":"present","width":1000,"height":700,"updates":4028,"presentations":3991,"marker":15142656,"toggle":65536}
{"event":"present","width":1000,"height":700,"updates":4058,"presentations":4021,"marker":331776,"toggle":65536}
{"event":"present","width":1000,"height":700,"updates":4088,"presentations":4051,"marker":2297856,"toggle":65536}
{"event":"present","width":1000,"height":700,"updates":4118,"presentations":4081,"marker":4263936,"toggle":65536}
{"event":"present","width":1000,"height":700,"updates":4148,"presentations":4111,"marker":6230016,"toggle":65536}
{"event":"present","width":1000,"height":700,"updates":4178,"presentations":4141,"marker":8196096,"toggle":65536}
{"event":"present","width":1000,"height":700,"updates":4208,"presentations":4171,"marker":10162176,"toggle":65536}
{"event":"present","width":1000,"height":700,"updates":4238,"presentations":4201,"marker":12128256,"toggle":65536}
{"event":"present","width":1000,"height":700,"updates":4268,"presentations":4231,"marker":14094336,"toggle":65536}
{"event":"present","width":1000,"height":700,"updates":4298,"presentations":4261,"marker":16060416,"toggle":65536}
{"event":"present","width":1000,"height":700,"updates":4328,"presentations":4291,"marker":1249536,"toggle":65536}
{"event":"present","width":1000,"height":700,"updates":4358,"presentations":4321,"marker":3215616,"toggle":65536}
{"event":"present","width":1000,"height":700,"updates":4388,"presentations":4351,"marker":5181696,"toggle":65536}
{"event":"present","width":1000,"height":700,"updates":4418,"presentations":4381,"marker":7147776,"toggle":65536}
{"event":"present","width":1000,"height":700,"updates":4448,"presentations":4411,"marker":9113856,"toggle":65536}
{"event":"present","width":1000,"height":700,"updates":4478,"presentations":4441,"marker":11079936,"toggle":65536}
{"event":"present","width":1000,"height":700,"updates":4508,"presentations":4471,"marker":13046016,"toggle":65536}
{"event":"present","width":1000,"height":700,"updates":4538,"presentations":4501,"marker":15012096,"toggle":65536}
{"event":"present","width":1000,"height":700,"updates":4568,"presentations":4531,"marker":201216,"toggle":65536}
{"event":"present","width":1000,"height":700,"updates":4598,"presentations":4561,"marker":2167296,"toggle":65536}
{"event":"present","width":1000,"height":700,"updates":4628,"presentations":4591,"marker":4133376,"toggle":65536}
{"event":"present","width":1000,"height":700,"updates":4658,"presentations":4621,"marker":6099456,"toggle":65536}
{"event":"present","width":1000,"height":700,"updates":4688,"presentations":4651,"marker":8065536,"toggle":65536}
{"event":"present","width":1000,"height":700,"updates":4718,"presentations":4681,"marker":10031616,"toggle":65536}
{"event":"present","width":1000,"height":700,"updates":4748,"presentations":4711,"marker":11997696,"toggle":65536}
{"event":"present","width":1000,"height":700,"updates":4778,"presentations":4741,"marker":13963776,"toggle":65536}
{"event":"present","width":1000,"height":700,"updates":4808,"presentations":4771,"marker":15929856,"toggle":65536}
{"event":"present","width":1000,"height":700,"updates":4838,"presentations":4801,"marker":1118976,"toggle":65536}
{"event":"present","width":1000,"height":700,"updates":4868,"presentations":4831,"marker":3085056,"toggle":65536}
{"event":"present","width":1000,"height":700,"updates":4898,"presentations":4861,"marker":5051136,"toggle":65536}
{"event":"present","width":1000,"height":700,"updates":4928,"presentations":4891,"marker":7017216,"toggle":65536}
{"event":"present","width":1000,"height":700,"updates":4958,"presentations":4921,"marker":8983296,"toggle":65536}
{"event":"present","width":1000,"height":700,"updates":4988,"presentations":4951,"marker":10949376,"toggle":65536}
{"event":"present","width":1000,"height":700,"updates":5018,"presentations":4981,"marker":12915456,"toggle":65536}
{"event":"present","width":1000,"height":700,"updates":5048,"presentations":5011,"marker":14881536,"toggle":65536}
{"event":"present","width":1000,"height":700,"updates":5078,"presentations":5041,"marker":70656,"toggle":65536}
{"event":"present","width":1000,"height":700,"updates":5108,"presentations":5071,"marker":2036736,"toggle":65536}
{"event":"present","width":1000,"height":700,"updates":5138,"presentations":5101,"marker":4002816,"toggle":65536}
{"event":"present","width":1000,"height":700,"updates":5168,"presentations":5131,"marker":5968896,"toggle":65536}
{"event":"present","width":1000,"height":700,"updates":5198,"presentations":5161,"marker":7934976,"toggle":65536}
{"event":"present","width":1000,"height":700,"updates":5228,"presentations":5191,"marker":9901056,"toggle":65536}
{"event":"present","width":1000,"height":700,"updates":5258,"presentations":5221,"marker":11867136,"toggle":65536}
{"event":"present","width":1000,"height":700,"updates":5288,"presentations":5251,"marker":13833216,"toggle":65536}
{"event":"present","width":1000,"height":700,"updates":5318,"presentations":5281,"marker":15799296,"toggle":65536}
{"event":"present","width":1000,"height":700,"updates":5348,"presentations":5311,"marker":988416,"toggle":65536}
{"event":"present","width":1000,"height":700,"updates":5378,"presentations":5341,"marker":2954496,"toggle":65536}
{"event":"present","width":1000,"height":700,"updates":5408,"presentations":5371,"marker":4920576,"toggle":65536}
{"event":"present","width":1000,"height":700,"updates":5438,"presentations":5401,"marker":6886656,"toggle":65536}
{"event":"present","width":1000,"height":700,"updates":5468,"presentations":5431,"marker":8852736,"toggle":65536}
{"event":"present","width":1000,"height":700,"updates":5498,"presentations":5461,"marker":10818816,"toggle":65536}
{"event":"present","width":1000,"height":700,"updates":5528,"presentations":5491,"marker":12784896,"toggle":65536}
{"event":"present","width":1000,"height":700,"updates":5558,"presentations":5521,"marker":14750976,"toggle":65536}
{"event":"present","width":1000,"height":700,"updates":5588,"presentations":5551,"marker":16717056,"toggle":65536}
{"event":"present","width":1000,"height":700,"updates":5618,"presentations":5581,"marker":1906176,"toggle":65536}
{"event":"present","width":1000,"height":700,"updates":5648,"presentations":5611,"marker":3872256,"toggle":65536}
{"event":"present","width":1000,"height":700,"updates":5678,"presentations":5641,"marker":5838336,"toggle":65536}
{"event":"present","width":1000,"height":700,"updates":5708,"presentations":5671,"marker":7804416,"toggle":65536}
{"event":"present","width":1000,"height":700,"updates":5738,"presentations":5701,"marker":9770496,"toggle":65536}
{"event":"present","width":1000,"height":700,"updates":5768,"presentations":5731,"marker":11736576,"toggle":65536}
{"event":"present","width":1000,"height":700,"updates":5798,"presentations":5761,"marker":13702656,"toggle":65536}
{"event":"present","width":1000,"height":700,"updates":5828,"presentations":5791,"marker":15668736,"toggle":65536}
{"event":"present","width":1000,"height":700,"updates":5858,"presentations":5821,"marker":857856,"toggle":65536}
{"event":"present","width":1000,"height":700,"updates":5888,"presentations":5851,"marker":2823936,"toggle":65536}
{"event":"present","width":1000,"height":700,"updates":5918,"presentations":5881,"marker":4790016,"toggle":65536}
{"event":"present","width":1000,"height":700,"updates":5948,"presentations":5911,"marker":6756096,"toggle":65536}
{"event":"present","width":1000,"height":700,"updates":5978,"presentations":5941,"marker":8722176,"toggle":65536}
{"event":"present","width":1000,"height":700,"updates":6008,"presentations":5971,"marker":10688256,"toggle":65536}
{"event":"present","width":1000,"height":700,"updates":6038,"presentations":6001,"marker":12654336,"toggle":65536}
{"event":"present","width":1000,"height":700,"updates":6068,"presentations":6031,"marker":14620416,"toggle":65536}
{"event":"present","width":1000,"height":700,"updates":6098,"presentations":6061,"marker":16586496,"toggle":65536}
{"event":"present","width":1000,"height":700,"updates":6128,"presentations":6091,"marker":1775616,"toggle":65536}
{"event":"present","width":1000,"height":700,"updates":6158,"presentations":6121,"marker":3741696,"toggle":65536}
{"event":"present","width":1000,"height":700,"updates":6188,"presentations":6151,"marker":5707776,"toggle":65536}
{"event":"present","width":1000,"height":700,"updates":6218,"presentations":6181,"marker":7673856,"toggle":65536}
{"event":"present","width":1000,"height":700,"updates":6248,"presentations":6211,"marker":9639936,"toggle":65536}
{"event":"present","width":1000,"height":700,"updates":6278,"presentations":6241,"marker":11606016,"toggle":65536}
{"event":"present","width":1000,"height":700,"updates":6308,"presentations":6271,"marker":13572096,"toggle":65536}
{"event":"present","width":1000,"height":700,"updates":6338,"presentations":6301,"marker":15538176,"toggle":65536}
{"event":"present","width":1000,"height":700,"updates":6368,"presentations":6331,"marker":727296,"toggle":65536}
{"event":"present","width":1000,"height":700,"updates":6398,"presentations":6361,"marker":2693376,"toggle":65536}
{"event":"present","width":1000,"height":700,"updates":6428,"presentations":6391,"marker":4659456,"toggle":65536}
{"event":"present","width":1000,"height":700,"updates":6458,"presentations":6421,"marker":6625536,"toggle":65536}
{"event":"present","width":1000,"height":700,"updates":6488,"presentations":6451,"marker":8591616,"toggle":65536}
{"event":"present","width":1000,"height":700,"updates":6518,"presentations":6481,"marker":10557696,"toggle":65536}
{"event":"present","width":1000,"height":700,"updates":6548,"presentations":6511,"marker":12523776,"toggle":65536}
{"event":"present","width":1000,"height":700,"updates":6578,"presentations":6541,"marker":14489856,"toggle":65536}
{"event":"present","width":1000,"height":700,"updates":6608,"presentations":6571,"marker":16455936,"toggle":65536}
{"event":"present","width":1000,"height":700,"updates":6638,"presentations":6601,"marker":1645056,"toggle":65536}
{"event":"present","width":1000,"height":700,"updates":6668,"presentations":6631,"marker":3611136,"toggle":65536}
{"event":"present","width":1000,"height":700,"updates":6698,"presentations":6661,"marker":5577216,"toggle":65536}
{"event":"present","width":1000,"height":700,"updates":6728,"presentations":6691,"marker":7543296,"toggle":65536}
{"event":"present","width":1000,"height":700,"updates":6758,"presentations":6721,"marker":9509376,"toggle":65536}
{"event":"present","width":1000,"height":700,"updates":6788,"presentations":6751,"marker":11475456,"toggle":65536}
{"event":"present","width":1000,"height":700,"updates":6818,"presentations":6781,"marker":13441536,"toggle":65536}
{"event":"present","width":1000,"height":700,"updates":6848,"presentations":6811,"marker":15407616,"toggle":65536}
{"event":"present","width":1000,"height":700,"updates":6878,"presentations":6841,"marker":596736,"toggle":65536}
{"event":"present","width":1000,"height":700,"updates":6908,"presentations":6871,"marker":2562816,"toggle":65536}
{"event":"present","width":1000,"height":700,"updates":6938,"presentations":6901,"marker":4528896,"toggle":65536}
{"event":"present","width":1000,"height":700,"updates":6968,"presentations":6931,"marker":6494976,"toggle":65536}
{"event":"present","width":1000,"height":700,"updates":6998,"presentations":6961,"marker":8461056,"toggle":65536}
{"event":"present","width":1000,"height":700,"updates":7028,"presentations":6991,"marker":10427136,"toggle":65536}
{"event":"present","width":1000,"height":700,"updates":7058,"presentations":7021,"marker":12393216,"toggle":65536}
{"event":"present","width":1000,"height":700,"updates":7088,"presentations":7051,"marker":14359296,"toggle":65536}
{"event":"present","width":1000,"height":700,"updates":7118,"presentations":7081,"marker":16325376,"toggle":65536}
{"event":"present","width":1000,"height":700,"updates":7148,"presentations":7111,"marker":1514496,"toggle":65536}
{"event":"present","width":1000,"height":700,"updates":7178,"presentations":7141,"marker":3480576,"toggle":65536}
{"event":"present","width":1000,"height":700,"updates":7208,"presentations":7171,"marker":5446656,"toggle":65536}
{"event":"present","width":1000,"height":700,"updates":7238,"presentations":7201,"marker":7412736,"toggle":65536}
{"event":"present","width":1000,"height":700,"updates":7268,"presentations":7231,"marker":9378816,"toggle":65536}
{"event":"present","width":1000,"height":700,"updates":7298,"presentations":7261,"marker":11344896,"toggle":65536}
{"event":"present","width":1000,"height":700,"updates":7328,"presentations":7291,"marker":13310976,"toggle":65536}
{"event":"present","width":1000,"height":700,"updates":7358,"presentations":7321,"marker":15277056,"toggle":65536}
{"event":"present","width":1000,"height":700,"updates":7388,"presentations":7351,"marker":466176,"toggle":65536}
{"event":"present","width":1000,"height":700,"updates":7418,"presentations":7381,"marker":2432256,"toggle":65536}
{"event":"present","width":1000,"height":700,"updates":7448,"presentations":7411,"marker":4398336,"toggle":65536}
{"event":"present","width":1000,"height":700,"updates":7478,"presentations":7441,"marker":6364416,"toggle":65536}
{"event":"present","width":1000,"height":700,"updates":7508,"presentations":7471,"marker":8330496,"toggle":65536}
{"event":"present","width":1000,"height":700,"updates":7538,"presentations":7501,"marker":10296576,"toggle":65536}
{"event":"present","width":1000,"height":700,"updates":7568,"presentations":7531,"marker":12262656,"toggle":65536}
{"event":"present","width":1000,"height":700,"updates":7598,"presentations":7561,"marker":14228736,"toggle":65536}
{"event":"present","width":1000,"height":700,"updates":7628,"presentations":7591,"marker":16194816,"toggle":65536}
{"event":"present","width":1000,"height":700,"updates":7658,"presentations":7621,"marker":1383936,"toggle":65536}
{"event":"present","width":1000,"height":700,"updates":7688,"presentations":7651,"marker":3350016,"toggle":65536}
{"event":"present","width":1000,"height":700,"updates":7718,"presentations":7681,"marker":5316096,"toggle":65536}
{"event":"present","width":1000,"height":700,"updates":7748,"presentations":7711,"marker":7282176,"toggle":65536}
{"event":"present","width":1000,"height":700,"updates":7778,"presentations":7741,"marker":9248256,"toggle":65536}
{"event":"present","width":1000,"height":700,"updates":7808,"presentations":7771,"marker":11214336,"toggle":65536}
{"event":"present","width":1000,"height":700,"updates":7838,"presentations":7801,"marker":13180416,"toggle":65536}
{"event":"present","width":1000,"height":700,"updates":7868,"presentations":7831,"marker":15146496,"toggle":65536}
{"event":"present","width":1000,"height":700,"updates":7898,"presentations":7861,"marker":335616,"toggle":65536}
{"event":"present","width":1000,"height":700,"updates":7928,"presentations":7891,"marker":2301696,"toggle":65536}
{"event":"present","width":1000,"height":700,"updates":7958,"presentations":7921,"marker":4267776,"toggle":65536}
{"event":"present","width":1000,"height":700,"updates":7988,"presentations":7951,"marker":6233856,"toggle":65536}
{"event":"present","width":1000,"height":700,"updates":8018,"presentations":7981,"marker":8199936,"toggle":65536}
{"event":"present","width":1000,"height":700,"updates":8048,"presentations":8011,"marker":10166016,"toggle":65536}
{"event":"present","width":1000,"height":700,"updates":8078,"presentations":8041,"marker":12132096,"toggle":65536}
{"event":"present","width":1000,"height":700,"updates":8108,"presentations":8071,"marker":14098176,"toggle":65536}
{"event":"present","width":1000,"height":700,"updates":8138,"presentations":8101,"marker":16064256,"toggle":65536}
{"event":"present","width":1000,"height":700,"updates":8168,"presentations":8131,"marker":1253376,"toggle":65536}
{"event":"present","width":1000,"height":700,"updates":8198,"presentations":8161,"marker":3219456,"toggle":65536}
{"event":"present","width":1000,"height":700,"updates":8228,"presentations":8191,"marker":5185536,"toggle":65536}
{"event":"present","width":1000,"height":700,"updates":8258,"presentations":8221,"marker":7151616,"toggle":65536}
{"event":"present","width":1000,"height":700,"updates":8288,"presentations":8251,"marker":9117696,"toggle":65536}
{"event":"present","width":1000,"height":700,"updates":8318,"presentations":8281,"marker":11083776,"toggle":65536}
{"event":"present","width":1000,"height":700,"updates":8348,"presentations":8311,"marker":13049856,"toggle":65536}
{"event":"present","width":1000,"height":700,"updates":8378,"presentations":8341,"marker":15015936,"toggle":65536}
{"event":"present","width":1000,"height":700,"updates":8408,"presentations":8371,"marker":205056,"toggle":65536}
{"event":"present","width":1000,"height":700,"updates":8438,"presentations":8401,"marker":2171136,"toggle":65536}
{"event":"present","width":1000,"height":700,"updates":8468,"presentations":8431,"marker":4137216,"toggle":65536}
{"event":"present","width":1000,"height":700,"updates":8498,"presentations":8461,"marker":6103296,"toggle":65536}
{"event":"present","width":1000,"height":700,"updates":8528,"presentations":8491,"marker":8069376,"toggle":65536}
{"event":"present","width":1000,"height":700,"updates":8558,"presentations":8521,"marker":10035456,"toggle":65536}
{"event":"present","width":1000,"height":700,"updates":8588,"presentations":8551,"marker":12001536,"toggle":65536}
{"event":"present","width":1000,"height":700,"updates":8618,"presentations":8581,"marker":13967616,"toggle":65536}
{"event":"present","width":1000,"height":700,"updates":8648,"presentations":8611,"marker":15933696,"toggle":65536}
{"event":"present","width":1000,"height":700,"updates":8678,"presentations":8641,"marker":1122816,"toggle":65536}
{"event":"present","width":1000,"height":700,"updates":8708,"presentations":8671,"marker":3088896,"toggle":65536}
{"event":"present","width":1000,"height":700,"updates":8738,"presentations":8701,"marker":5054976,"toggle":65536}
{"event":"present","width":1000,"height":700,"updates":8768,"presentations":8731,"marker":7021056,"toggle":65536}
{"event":"present","width":1000,"height":700,"updates":8798,"presentations":8761,"marker":8987136,"toggle":65536}
{"event":"present","width":1000,"height":700,"updates":8828,"presentations":8791,"marker":10953216,"toggle":65536}
{"event":"present","width":1000,"height":700,"updates":8858,"presentations":8821,"marker":12919296,"toggle":65536}
{"event":"present","width":1000,"height":700,"updates":8888,"presentations":8851,"marker":14885376,"toggle":65536}
{"event":"present","width":1000,"height":700,"updates":8918,"presentations":8881,"marker":74496,"toggle":65536}
{"event":"present","width":1000,"height":700,"updates":8948,"presentations":8911,"marker":2040576,"toggle":65536}
{"event":"present","width":1000,"height":700,"updates":8978,"presentations":8941,"marker":4006656,"toggle":65536}
{"event":"present","width":1000,"height":700,"updates":9008,"presentations":8971,"marker":5972736,"toggle":65536}
{"event":"present","width":1000,"height":700,"updates":9038,"presentations":9001,"marker":7938816,"toggle":65536}
{"event":"present","width":1000,"height":700,"updates":9068,"presentations":9031,"marker":9904896,"toggle":65536}
{"event":"present","width":1000,"height":700,"updates":9098,"presentations":9061,"marker":11870976,"toggle":65536}
{"event":"present","width":1000,"height":700,"updates":9128,"presentations":9091,"marker":13837056,"toggle":65536}
{"event":"present","width":1000,"height":700,"updates":9158,"presentations":9121,"marker":15803136,"toggle":65536}
{"event":"present","width":1000,"height":700,"updates":9188,"presentations":9151,"marker":992256,"toggle":65536}
{"event":"present","width":1000,"height":700,"updates":9218,"presentations":9181,"marker":2958336,"toggle":65536}
{"event":"present","width":1000,"height":700,"updates":9248,"presentations":9211,"marker":4924416,"toggle":65536}
{"event":"present","width":1000,"height":700,"updates":9278,"presentations":9241,"marker":6890496,"toggle":65536}
{"event":"present","width":1000,"height":700,"updates":9308,"presentations":9271,"marker":8856576,"toggle":65536}
{"event":"present","width":1000,"height":700,"updates":9338,"presentations":9301,"marker":10822656,"toggle":65536}
{"event":"present","width":1000,"height":700,"updates":9368,"presentations":9331,"marker":12788736,"toggle":65536}
{"event":"present","width":1000,"height":700,"updates":9398,"presentations":9361,"marker":14754816,"toggle":65536}
{"event":"present","width":1000,"height":700,"updates":9428,"presentations":9391,"marker":16720896,"toggle":65536}
{"event":"present","width":1000,"height":700,"updates":9458,"presentations":9421,"marker":1910016,"toggle":65536}
{"event":"present","width":1000,"height":700,"updates":9488,"presentations":9451,"marker":3876096,"toggle":65536}
{"event":"present","width":1000,"height":700,"updates":9518,"presentations":9481,"marker":5842176,"toggle":65536}
{"event":"present","width":1000,"height":700,"updates":9548,"presentations":9511,"marker":7808256,"toggle":65536}
{"event":"present","width":1000,"height":700,"updates":9578,"presentations":9541,"marker":9774336,"toggle":65536}
{"event":"present","width":1000,"height":700,"updates":9608,"presentations":9571,"marker":11740416,"toggle":65536}
{"event":"present","width":1000,"height":700,"updates":9638,"presentations":9601,"marker":13706496,"toggle":65536}
{"event":"present","width":1000,"height":700,"updates":9668,"presentations":9631,"marker":15672576,"toggle":65536}
{"event":"present","width":1000,"height":700,"updates":9698,"presentations":9661,"marker":861696,"toggle":65536}
{"event":"present","width":1000,"height":700,"updates":9728,"presentations":9691,"marker":2827776,"toggle":65536}
{"event":"present","width":1000,"height":700,"updates":9758,"presentations":9721,"marker":4793856,"toggle":65536}
{"event":"present","width":1000,"height":700,"updates":9788,"presentations":9751,"marker":6759936,"toggle":65536}
{"event":"present","width":1000,"height":700,"updates":9818,"presentations":9781,"marker":8726016,"toggle":65536}
{"event":"present","width":1000,"height":700,"updates":9848,"presentations":9811,"marker":10692096,"toggle":65536}
{"event":"present","width":1000,"height":700,"updates":9878,"presentations":9841,"marker":12658176,"toggle":65536}
{"event":"present","width":1000,"height":700,"updates":9908,"presentations":9871,"marker":14624256,"toggle":65536}
{"event":"present","width":1000,"height":700,"updates":9938,"presentations":9901,"marker":16590336,"toggle":65536}
{"event":"present","width":1000,"height":700,"updates":9968,"presentations":9931,"marker":1779456,"toggle":65536}
{"event":"present","width":1000,"height":700,"updates":9998,"presentations":9961,"marker":3745536,"toggle":65536}
{"event":"present","width":1000,"height":700,"updates":10028,"presentations":9991,"marker":5711616,"toggle":65536}
{"event":"present","width":1000,"height":700,"updates":10058,"presentations":10021,"marker":7677696,"toggle":65536}
{"event":"present","width":1000,"height":700,"updates":10088,"presentations":10051,"marker":9643776,"toggle":65536}
{"event":"present","width":1000,"height":700,"updates":10118,"presentations":10081,"marker":11609856,"toggle":65536}
{"event":"present","width":1000,"height":700,"updates":10148,"presentations":10111,"marker":13575936,"toggle":65536}
{"event":"present","width":1000,"height":700,"updates":10178,"presentations":10141,"marker":15542016,"toggle":65536}
{"event":"present","width":1000,"height":700,"updates":10208,"presentations":10171,"marker":731136,"toggle":65536}
{"event":"present","width":1000,"height":700,"updates":10238,"presentations":10201,"marker":2697216,"toggle":65536}
{"event":"present","width":1000,"height":700,"updates":10268,"presentations":10231,"marker":4663296,"toggle":65536}
{"event":"present","width":1000,"height":700,"updates":10298,"presentations":10261,"marker":6629376,"toggle":65536}
{"event":"present","width":1000,"height":700,"updates":10328,"presentations":10291,"marker":8595456,"toggle":65536}
{"event":"present","width":1000,"height":700,"updates":10358,"presentations":10321,"marker":10561536,"toggle":65536}
{"event":"present","width":1000,"height":700,"updates":10388,"presentations":10351,"marker":12527616,"toggle":65536}
{"event":"present","width":1000,"height":700,"updates":10418,"presentations":10381,"marker":14493696,"toggle":65536}
{"event":"present","width":1000,"height":700,"updates":10448,"presentations":10411,"marker":16459776,"toggle":65536}
{"event":"present","width":1000,"height":700,"updates":10478,"presentations":10441,"marker":1648896,"toggle":65536}
{"event":"present","width":1000,"height":700,"updates":10508,"presentations":10471,"marker":3614976,"toggle":65536}
{"event":"present","width":1000,"height":700,"updates":10538,"presentations":10501,"marker":5581056,"toggle":65536}
{"event":"present","width":1000,"height":700,"updates":10568,"presentations":10531,"marker":7547136,"toggle":65536}
{"event":"present","width":1000,"height":700,"updates":10598,"presentations":10561,"marker":9513216,"toggle":65536}
{"event":"present","width":1000,"height":700,"updates":10628,"presentations":10591,"marker":11479296,"toggle":65536}
{"event":"present","width":1000,"height":700,"updates":10658,"presentations":10621,"marker":13445376,"toggle":65536}
{"event":"present","width":1000,"height":700,"updates":10688,"presentations":10651,"marker":15411456,"toggle":65536}
{"event":"present","width":1000,"height":700,"updates":10718,"presentations":10681,"marker":600576,"toggle":65536}
{"event":"present","width":1000,"height":700,"updates":10748,"presentations":10711,"marker":2566656,"toggle":65536}
{"event":"present","width":1000,"height":700,"updates":10778,"presentations":10741,"marker":4532736,"toggle":65536}
{"event":"present","width":1000,"height":700,"updates":10808,"presentations":10771,"marker":6498816,"toggle":65536}
{"event":"present","width":1000,"height":700,"updates":10838,"presentations":10801,"marker":8464896,"toggle":65536}
{"event":"present","width":1000,"height":700,"updates":10868,"presentations":10831,"marker":10430976,"toggle":65536}
{"event":"present","width":1000,"height":700,"updates":10898,"presentations":10861,"marker":12397056,"toggle":65536}
{"event":"present","width":1000,"height":700,"updates":10928,"presentations":10891,"marker":14363136,"toggle":65536}
{"event":"present","width":1000,"height":700,"updates":10958,"presentations":10921,"marker":16329216,"toggle":65536}
{"event":"present","width":1000,"height":700,"updates":10988,"presentations":10951,"marker":1518336,"toggle":65536}
{"event":"present","width":1000,"height":700,"updates":11018,"presentations":10981,"marker":3484416,"toggle":65536}
{"event":"present","width":1000,"height":700,"updates":11048,"presentations":11011,"marker":5450496,"toggle":65536}
{"event":"present","width":1000,"height":700,"updates":11078,"presentations":11041,"marker":7416576,"toggle":65536}
{"event":"present","width":1000,"height":700,"updates":11108,"presentations":11071,"marker":9382656,"toggle":65536}
{"event":"present","width":1000,"height":700,"updates":11138,"presentations":11101,"marker":11348736,"toggle":65536}
{"event":"present","width":1000,"height":700,"updates":11168,"presentations":11131,"marker":13314816,"toggle":65536}
{"event":"present","width":1000,"height":700,"updates":11198,"presentations":11161,"marker":15280896,"toggle":65536}
{"event":"present","width":1000,"height":700,"updates":11228,"presentations":11191,"marker":470016,"toggle":65536}
{"event":"present","width":1000,"height":700,"updates":11258,"presentations":11221,"marker":2436096,"toggle":65536}
{"event":"present","width":1000,"height":700,"updates":11288,"presentations":11251,"marker":4402176,"toggle":65536}
{"event":"present","width":1000,"height":700,"updates":11318,"presentations":11281,"marker":6368256,"toggle":65536}
{"event":"present","width":1000,"height":700,"updates":11348,"presentations":11311,"marker":8334336,"toggle":65536}
{"event":"present","width":1000,"height":700,"updates":11378,"presentations":11341,"marker":10300416,"toggle":65536}
{"event":"present","width":1000,"height":700,"updates":11408,"presentations":11371,"marker":12266496,"toggle":65536}
{"event":"present","width":1000,"height":700,"updates":11438,"presentations":11401,"marker":14232576,"toggle":65536}
{"event":"present","width":1000,"height":700,"updates":11468,"presentations":11431,"marker":16198656,"toggle":65536}
{"event":"present","width":1000,"height":700,"updates":11498,"presentations":11461,"marker":1387776,"toggle":65536}
{"event":"present","width":1000,"height":700,"updates":11528,"presentations":11491,"marker":3353856,"toggle":65536}
{"event":"present","width":1000,"height":700,"updates":11558,"presentations":11521,"marker":5319936,"toggle":65536}
{"event":"present","width":1000,"height":700,"updates":11588,"presentations":11551,"marker":7286016,"toggle":65536}
{"event":"present","width":1000,"height":700,"updates":11618,"presentations":11581,"marker":9252096,"toggle":65536}
{"event":"present","width":1000,"height":700,"updates":11648,"presentations":11611,"marker":11218176,"toggle":65536}
{"event":"present","width":1000,"height":700,"updates":11678,"presentations":11641,"marker":13184256,"toggle":65536}
{"event":"present","width":1000,"height":700,"updates":11708,"presentations":11671,"marker":15150336,"toggle":65536}
{"event":"present","width":1000,"height":700,"updates":11738,"presentations":11701,"marker":339456,"toggle":65536}
{"event":"present","width":1000,"height":700,"updates":11768,"presentations":11731,"marker":2305536,"toggle":65536}
{"event":"present","width":1000,"height":700,"updates":11798,"presentations":11761,"marker":4271616,"toggle":65536}
{"event":"present","width":1000,"height":700,"updates":11828,"presentations":11791,"marker":6237696,"toggle":65536}
{"event":"present","width":1000,"height":700,"updates":11858,"presentations":11821,"marker":8203776,"toggle":65536}
{"event":"present","width":1000,"height":700,"updates":11888,"presentations":11851,"marker":10169856,"toggle":65536}
{"event":"present","width":1000,"height":700,"updates":11918,"presentations":11881,"marker":12135936,"toggle":65536}
{"event":"present","width":1000,"height":700,"updates":11948,"presentations":11911,"marker":14102016,"toggle":65536}
{"event":"present","width":1000,"height":700,"updates":11978,"presentations":11941,"marker":16068096,"toggle":65536}
{"event":"present","width":1000,"height":700,"updates":12008,"presentations":11971,"marker":1257216,"toggle":65536}
{"event":"present","width":1000,"height":700,"updates":12038,"presentations":12001,"marker":3223296,"toggle":65536}
{"event":"present","width":1000,"height":700,"updates":12068,"presentations":12031,"marker":5189376,"toggle":65536}
{"event":"present","width":1000,"height":700,"updates":12098,"presentations":12061,"marker":7155456,"toggle":65536}
{"event":"present","width":1000,"height":700,"updates":12128,"presentations":12091,"marker":9121536,"toggle":65536}
{"event":"present","width":1000,"height":700,"updates":12158,"presentations":12121,"marker":11087616,"toggle":65536}
{"event":"present","width":1000,"height":700,"updates":12188,"presentations":12151,"marker":13053696,"toggle":65536}
{"event":"present","width":1000,"height":700,"updates":12218,"presentations":12181,"marker":15019776,"toggle":65536}
{"event":"present","width":1000,"height":700,"updates":12248,"presentations":12211,"marker":208896,"toggle":65536}
{"event":"present","width":1000,"height":700,"updates":12278,"presentations":12241,"marker":2174976,"toggle":65536}
{"event":"present","width":1000,"height":700,"updates":12308,"presentations":12271,"marker":4141056,"toggle":65536}
{"event":"present","width":1000,"height":700,"updates":12338,"presentations":12301,"marker":6107136,"toggle":65536}
{"event":"present","width":1000,"height":700,"updates":12368,"presentations":12331,"marker":8073216,"toggle":65536}
{"event":"present","width":1000,"height":700,"updates":12398,"presentations":12361,"marker":10039296,"toggle":65536}
{"event":"present","width":1000,"height":700,"updates":12428,"presentations":12391,"marker":12005376,"toggle":65536}
{"event":"present","width":1000,"height":700,"updates":12458,"presentations":12421,"marker":13971456,"toggle":65536}
{"event":"present","width":1000,"height":700,"updates":12488,"presentations":12451,"marker":15937536,"toggle":65536}
{"event":"present","width":1000,"height":700,"updates":12518,"presentations":12481,"marker":1126656,"toggle":65536}
{"event":"present","width":1000,"height":700,"updates":12548,"presentations":12511,"marker":3092736,"toggle":65536}
{"event":"present","width":1000,"height":700,"updates":12578,"presentations":12541,"marker":5058816,"toggle":65536}
{"event":"present","width":1000,"height":700,"updates":12608,"presentations":12571,"marker":7024896,"toggle":65536}
{"event":"present","width":1000,"height":700,"updates":12638,"presentations":12601,"marker":8990976,"toggle":65536}
{"event":"present","width":1000,"height":700,"updates":12668,"presentations":12631,"marker":10957056,"toggle":65536}
{"event":"present","width":1000,"height":700,"updates":12698,"presentations":12661,"marker":12923136,"toggle":65536}
{"event":"present","width":1000,"height":700,"updates":12728,"presentations":12691,"marker":14889216,"toggle":65536}
{"event":"present","width":1000,"height":700,"updates":12758,"presentations":12721,"marker":78336,"toggle":65536}
{"event":"present","width":1000,"height":700,"updates":12788,"presentations":12751,"marker":2044416,"toggle":65536}
{"event":"present","width":1000,"height":700,"updates":12818,"presentations":12781,"marker":4010496,"toggle":65536}
{"event":"present","width":1000,"height":700,"updates":12848,"presentations":12811,"marker":5976576,"toggle":65536}
{"event":"present","width":1000,"height":700,"updates":12878,"presentations":12841,"marker":7942656,"toggle":65536}
{"event":"present","width":1000,"height":700,"updates":12908,"presentations":12871,"marker":9908736,"toggle":65536}
{"event":"present","width":1000,"height":700,"updates":12938,"presentations":12901,"marker":11874816,"toggle":65536}
{"event":"present","width":1000,"height":700,"updates":12968,"presentations":12931,"marker":13840896,"toggle":65536}
{"event":"present","width":1000,"height":700,"updates":12998,"presentations":12961,"marker":15806976,"toggle":65536}
{"event":"present","width":1000,"height":700,"updates":13028,"presentations":12991,"marker":996096,"toggle":65536}
{"event":"present","width":1000,"height":700,"updates":13058,"presentations":13021,"marker":2962176,"toggle":65536}
{"event":"present","width":1000,"height":700,"updates":13088,"presentations":13051,"marker":4928256,"toggle":65536}
{"event":"present","width":1000,"height":700,"updates":13118,"presentations":13081,"marker":6894336,"toggle":65536}
{"event":"present","width":1000,"height":700,"updates":13148,"presentations":13111,"marker":8860416,"toggle":65536}
{"event":"present","width":1000,"height":700,"updates":13178,"presentations":13141,"marker":10826496,"toggle":65536}
{"event":"present","width":1000,"height":700,"updates":13208,"presentations":13171,"marker":12792576,"toggle":65536}
{"event":"present","width":1000,"height":700,"updates":13238,"presentations":13201,"marker":14758656,"toggle":65536}
{"event":"present","width":1000,"height":700,"updates":13268,"presentations":13231,"marker":16724736,"toggle":65536}
{"event":"present","width":1000,"height":700,"updates":13298,"presentations":13261,"marker":1913856,"toggle":65536}
{"event":"present","width":1000,"height":700,"updates":13328,"presentations":13291,"marker":3879936,"toggle":65536}
{"event":"present","width":1000,"height":700,"updates":13358,"presentations":13321,"marker":5846016,"toggle":65536}
{"event":"present","width":1000,"height":700,"updates":13388,"presentations":13351,"marker":7812096,"toggle":65536}
{"event":"present","width":1000,"height":700,"updates":13418,"presentations":13381,"marker":9778176,"toggle":65536}
{"event":"present","width":1000,"height":700,"updates":13448,"presentations":13411,"marker":11744256,"toggle":65536}
{"event":"present","width":1000,"height":700,"updates":13478,"presentations":13441,"marker":13710336,"toggle":65536}
{"event":"present","width":1000,"height":700,"updates":13508,"presentations":13471,"marker":15676416,"toggle":65536}
{"event":"present","width":1000,"height":700,"updates":13538,"presentations":13501,"marker":865536,"toggle":65536}
{"event":"present","width":1000,"height":700,"updates":13568,"presentations":13531,"marker":2831616,"toggle":65536}
{"event":"present","width":1000,"height":700,"updates":13598,"presentations":13561,"marker":4797696,"toggle":65536}
{"event":"present","width":1000,"height":700,"updates":13628,"presentations":13591,"marker":6763776,"toggle":65536}
{"event":"present","width":1000,"height":700,"updates":13658,"presentations":13621,"marker":8729856,"toggle":65536}
{"event":"present","width":1000,"height":700,"updates":13688,"presentations":13651,"marker":10695936,"toggle":65536}
{"event":"present","width":1000,"height":700,"updates":13718,"presentations":13681,"marker":12662016,"toggle":65536}
{"event":"present","width":1000,"height":700,"updates":13748,"presentations":13711,"marker":14628096,"toggle":65536}
{"event":"present","width":1000,"height":700,"updates":13778,"presentations":13741,"marker":16594176,"toggle":65536}
{"event":"present","width":1000,"height":700,"updates":13808,"presentations":13771,"marker":1783296,"toggle":65536}
{"event":"present","width":1000,"height":700,"updates":13838,"presentations":13801,"marker":3749376,"toggle":65536}
{"event":"present","width":1000,"height":700,"updates":13868,"presentations":13831,"marker":5715456,"toggle":65536}
{"event":"present","width":1000,"height":700,"updates":13898,"presentations":13861,"marker":7681536,"toggle":65536}
{"event":"present","width":1000,"height":700,"updates":13928,"presentations":13891,"marker":9647616,"toggle":65536}
{"event":"present","width":1000,"height":700,"updates":13958,"presentations":13921,"marker":11613696,"toggle":65536}
{"event":"present","width":1000,"height":700,"updates":13988,"presentations":13951,"marker":13579776,"toggle":65536}
{"event":"present","width":1000,"height":700,"updates":14018,"presentations":13981,"marker":15545856,"toggle":65536}
{"event":"present","width":1000,"height":700,"updates":14048,"presentations":14011,"marker":734976,"toggle":65536}
{"event":"present","width":1000,"height":700,"updates":14078,"presentations":14041,"marker":2701056,"toggle":65536}
{"event":"present","width":1000,"height":700,"updates":14108,"presentations":14071,"marker":4667136,"toggle":65536}
{"event":"present","width":1000,"height":700,"updates":14138,"presentations":14101,"marker":6633216,"toggle":65536}
{"event":"present","width":1000,"height":700,"updates":14168,"presentations":14131,"marker":8599296,"toggle":65536}
{"event":"present","width":1000,"height":700,"updates":14198,"presentations":14161,"marker":10565376,"toggle":65536}
{"event":"present","width":1000,"height":700,"updates":14228,"presentations":14191,"marker":12531456,"toggle":65536}
{"event":"present","width":1000,"height":700,"updates":14258,"presentations":14221,"marker":14497536,"toggle":65536}
{"event":"present","width":1000,"height":700,"updates":14288,"presentations":14251,"marker":16463616,"toggle":65536}
{"event":"present","width":1000,"height":700,"updates":14318,"presentations":14281,"marker":1652736,"toggle":65536}
{"event":"present","width":1000,"height":700,"updates":14348,"presentations":14311,"marker":3618816,"toggle":65536}
{"event":"present","width":1000,"height":700,"updates":14378,"presentations":14341,"marker":5584896,"toggle":65536}
{"event":"present","width":1000,"height":700,"updates":14408,"presentations":14371,"marker":7550976,"toggle":65536}
{"event":"present","width":1000,"height":700,"updates":14438,"presentations":14401,"marker":9517056,"toggle":65536}
{"event":"present","width":1000,"height":700,"updates":14468,"presentations":14431,"marker":11483136,"toggle":65536}
{"event":"present","width":1000,"height":700,"updates":14498,"presentations":14461,"marker":13449216,"toggle":65536}
{"event":"present","width":1000,"height":700,"updates":14528,"presentations":14491,"marker":15415296,"toggle":65536}
{"event":"present","width":1000,"height":700,"updates":14558,"presentations":14521,"marker":604416,"toggle":65536}
{"event":"present","width":1000,"height":700,"updates":14588,"presentations":14551,"marker":2570496,"toggle":65536}
{"event":"present","width":1000,"height":700,"updates":14618,"presentations":14581,"marker":4536576,"toggle":65536}
{"event":"present","width":1000,"height":700,"updates":14648,"presentations":14611,"marker":6502656,"toggle":65536}
{"event":"present","width":1000,"height":700,"updates":14678,"presentations":14641,"marker":8468736,"toggle":65536}
{"event":"present","width":1000,"height":700,"updates":14708,"presentations":14671,"marker":10434816,"toggle":65536}
{"event":"present","width":1000,"height":700,"updates":14738,"presentations":14701,"marker":12400896,"toggle":65536}
{"event":"present","width":1000,"height":700,"updates":14768,"presentations":14731,"marker":14366976,"toggle":65536}
{"event":"present","width":1000,"height":700,"updates":14798,"presentations":14761,"marker":16333056,"toggle":65536}
{"event":"present","width":1000,"height":700,"updates":14828,"presentations":14791,"marker":1522176,"toggle":65536}
{"event":"present","width":1000,"height":700,"updates":14858,"presentations":14821,"marker":3488256,"toggle":65536}
{"event":"present","width":1000,"height":700,"updates":14888,"presentations":14851,"marker":5454336,"toggle":65536}
{"event":"present","width":1000,"height":700,"updates":14918,"presentations":14881,"marker":7420416,"toggle":65536}
{"event":"present","width":1000,"height":700,"updates":14948,"presentations":14911,"marker":9386496,"toggle":65536}
{"event":"present","width":1000,"height":700,"updates":14978,"presentations":14941,"marker":11352576,"toggle":65536}
{"event":"present","width":1000,"height":700,"updates":15008,"presentations":14971,"marker":13318656,"toggle":65536}
{"event":"present","width":1000,"height":700,"updates":15038,"presentations":15001,"marker":15284736,"toggle":65536}
{"event":"present","width":1000,"height":700,"updates":15068,"presentations":15031,"marker":473856,"toggle":65536}
{"event":"present","width":1000,"height":700,"updates":15098,"presentations":15061,"marker":2439936,"toggle":65536}
{"event":"present","width":1000,"height":700,"updates":15128,"presentations":15091,"marker":4406016,"toggle":65536}
{"event":"present","width":1000,"height":700,"updates":15158,"presentations":15121,"marker":6372096,"toggle":65536}
{"event":"present","width":1000,"height":700,"updates":15188,"presentations":15151,"marker":8338176,"toggle":65536}
{"event":"present","width":1000,"height":700,"updates":15218,"presentations":15181,"marker":10304256,"toggle":65536}
{"event":"present","width":1000,"height":700,"updates":15248,"presentations":15211,"marker":12270336,"toggle":65536}
{"event":"present","width":1000,"height":700,"updates":15278,"presentations":15241,"marker":14236416,"toggle":65536}
{"event":"present","width":1000,"height":700,"updates":15308,"presentations":15271,"marker":16202496,"toggle":65536}
{"event":"present","width":1000,"height":700,"updates":15338,"presentations":15301,"marker":1391616,"toggle":65536}
{"event":"present","width":1000,"height":700,"updates":15368,"presentations":15331,"marker":3357696,"toggle":65536}
{"event":"present","width":1000,"height":700,"updates":15398,"presentations":15361,"marker":5323776,"toggle":65536}
{"event":"present","width":1000,"height":700,"updates":15428,"presentations":15391,"marker":7289856,"toggle":65536}
{"event":"present","width":1000,"height":700,"updates":15458,"presentations":15421,"marker":9255936,"toggle":65536}
{"event":"present","width":1000,"height":700,"updates":15488,"presentations":15451,"marker":11222016,"toggle":65536}
{"event":"present","width":1000,"height":700,"updates":15518,"presentations":15481,"marker":13188096,"toggle":65536}
{"event":"present","width":1000,"height":700,"updates":15548,"presentations":15511,"marker":15154176,"toggle":65536}
{"event":"present","width":1000,"height":700,"updates":15578,"presentations":15541,"marker":343296,"toggle":65536}
{"event":"present","width":1000,"height":700,"updates":15608,"presentations":15571,"marker":2309376,"toggle":65536}
{"event":"present","width":1000,"height":700,"updates":15638,"presentations":15601,"marker":4275456,"toggle":65536}
{"event":"present","width":1000,"height":700,"updates":15668,"presentations":15631,"marker":6241536,"toggle":65536}
{"event":"present","width":1000,"height":700,"updates":15698,"presentations":15661,"marker":8207616,"toggle":65536}
{"event":"present","width":1000,"height":700,"updates":15728,"presentations":15691,"marker":10173696,"toggle":65536}
{"event":"present","width":1000,"height":700,"updates":15758,"presentations":15721,"marker":12139776,"toggle":65536}
{"event":"present","width":1000,"height":700,"updates":15788,"presentations":15751,"marker":14105856,"toggle":65536}
{"event":"present","width":1000,"height":700,"updates":15818,"presentations":15781,"marker":16071936,"toggle":65536}
{"event":"present","width":1000,"height":700,"updates":15848,"presentations":15811,"marker":1261056,"toggle":65536}
{"event":"present","width":1000,"height":700,"updates":15878,"presentations":15841,"marker":3227136,"toggle":65536}
{"event":"present","width":1000,"height":700,"updates":15908,"presentations":15871,"marker":5193216,"toggle":65536}
{"event":"present","width":1000,"height":700,"updates":15938,"presentations":15901,"marker":7159296,"toggle":65536}
{"event":"present","width":1000,"height":700,"updates":15968,"presentations":15931,"marker":9125376,"toggle":65536}
{"event":"present","width":1000,"height":700,"updates":15998,"presentations":15961,"marker":11091456,"toggle":65536}
{"event":"present","width":1000,"height":700,"updates":16028,"presentations":15991,"marker":13057536,"toggle":65536}
{"event":"present","width":1000,"height":700,"updates":16058,"presentations":16021,"marker":15023616,"toggle":65536}
{"event":"present","width":1000,"height":700,"updates":16088,"presentations":16051,"marker":212736,"toggle":65536}
{"event":"present","width":1000,"height":700,"updates":16118,"presentations":16081,"marker":2178816,"toggle":65536}
{"event":"present","width":1000,"height":700,"updates":16148,"presentations":16111,"marker":4144896,"toggle":65536}
{"event":"present","width":1000,"height":700,"updates":16178,"presentations":16141,"marker":6110976,"toggle":65536}
{"event":"present","width":1000,"height":700,"updates":16208,"presentations":16171,"marker":8077056,"toggle":65536}
{"event":"present","width":1000,"height":700,"updates":16238,"presentations":16201,"marker":10043136,"toggle":65536}
{"event":"present","width":1000,"height":700,"updates":16268,"presentations":16231,"marker":12009216,"toggle":65536}
