Command line invocation:
    /Applications/Xcode.app/Contents/Developer/usr/bin/xcodebuild -project /Users/jaco/Documents/VeeZee/weave/experiments/browser-remoting-comparison/.build/WebRTCBench.xcodeproj -scheme BrowserSpike -configuration Debug -destination generic/platform=iOS -derivedDataPath /Users/jaco/Documents/VeeZee/weave/experiments/browser-remoting-comparison/.build/ipad-webrtc -allowProvisioningUpdates build

2026-09-13 10:46:46.273 xcodebuild[2643:7041162] [MT] IDERunDestination: Supported platforms for the buildables in the current scheme is empty.
ComputePackagePrebuildTargetDependencyGraph

Prepare packages

CreateBuildRequest

SendProjectDescription

CreateBuildOperation

ComputeTargetDependencyGraph
note: Building targets in dependency order
note: Target dependency graph (1 target)
    Target 'BrowserSpike' in project 'WebRTCBench' (no dependencies)

GatherProvisioningInputs

CreateBuildDescription

ClangStatCache /Applications/Xcode.app/Contents/Developer/Toolchains/XcodeDefault.xctoolchain/usr/bin/clang-stat-cache /Applications/Xcode.app/Contents/Developer/Platforms/iPhoneOS.platform/Developer/SDKs/iPhoneOS26.5.sdk /Users/jaco/Documents/VeeZee/weave/experiments/browser-remoting-comparison/.build/ipad-webrtc/SDKStatCaches.noindex/iphoneos26.5-23F81a-32daed1954a7d5dd0789fcaf2a9bb78b.sdkstatcache
    cd /Users/jaco/Documents/VeeZee/weave/experiments/browser-remoting-comparison/.build/WebRTCBench.xcodeproj
    /Applications/Xcode.app/Contents/Developer/Toolchains/XcodeDefault.xctoolchain/usr/bin/clang-stat-cache /Applications/Xcode.app/Contents/Developer/Platforms/iPhoneOS.platform/Developer/SDKs/iPhoneOS26.5.sdk -o /Users/jaco/Documents/VeeZee/weave/experiments/browser-remoting-comparison/.build/ipad-webrtc/SDKStatCaches.noindex/iphoneos26.5-23F81a-32daed1954a7d5dd0789fcaf2a9bb78b.sdkstatcache

CpResource /Users/jaco/Documents/VeeZee/weave/experiments/browser-remoting-comparison/.build/ipad-webrtc/Build/Products/Debug-iphoneos/BrowserSpike.app/connection.json /Users/jaco/Documents/VeeZee/weave/experiments/browser-remoting-comparison/.build/ipad-resources/connection.json (in target 'BrowserSpike' from project 'WebRTCBench')
    cd /Users/jaco/Documents/VeeZee/weave/experiments/browser-remoting-comparison/.build
    builtin-copy -exclude .DS_Store -exclude CVS -exclude .svn -exclude .git -exclude .hg -strip-unsigned-binaries -strip-deterministic -strip-tool /Applications/Xcode.app/Contents/Developer/Toolchains/XcodeDefault.xctoolchain/usr/bin/strip -resolve-src-symlinks /Users/jaco/Documents/VeeZee/weave/experiments/browser-remoting-comparison/.build/ipad-resources/connection.json /Users/jaco/Documents/VeeZee/weave/experiments/browser-remoting-comparison/.build/ipad-webrtc/Build/Products/Debug-iphoneos/BrowserSpike.app

CodeSign /Users/jaco/Documents/VeeZee/weave/experiments/browser-remoting-comparison/.build/ipad-webrtc/Build/Products/Debug-iphoneos/BrowserSpike.app (in target 'BrowserSpike' from project 'WebRTCBench')
    cd /Users/jaco/Documents/VeeZee/weave/experiments/browser-remoting-comparison/.build
    
    Signing Identity:     "Apple Development: jaco@veezee.xyz (HGZD22KNFG)"
    Provisioning Profile: "iOS Team Provisioning Profile: com.veezee.browser-spike"
                          (1278477d-abe5-4732-9142-95486c312aa0)
    
    /usr/bin/codesign --force --sign 192C23384319388359851AFE24D282185176E910 --entitlements /Users/jaco/Documents/VeeZee/weave/experiments/browser-remoting-comparison/.build/ipad-webrtc/Build/Intermediates.noindex/WebRTCBench.build/Debug-iphoneos/BrowserSpike.build/BrowserSpike.app.xcent --timestamp\=none --generate-entitlement-der /Users/jaco/Documents/VeeZee/weave/experiments/browser-remoting-comparison/.build/ipad-webrtc/Build/Products/Debug-iphoneos/BrowserSpike.app
/Users/jaco/Documents/VeeZee/weave/experiments/browser-remoting-comparison/.build/ipad-webrtc/Build/Products/Debug-iphoneos/BrowserSpike.app: replacing existing signature

Validate /Users/jaco/Documents/VeeZee/weave/experiments/browser-remoting-comparison/.build/ipad-webrtc/Build/Products/Debug-iphoneos/BrowserSpike.app (in target 'BrowserSpike' from project 'WebRTCBench')
    cd /Users/jaco/Documents/VeeZee/weave/experiments/browser-remoting-comparison/.build
    builtin-validationUtility /Users/jaco/Documents/VeeZee/weave/experiments/browser-remoting-comparison/.build/ipad-webrtc/Build/Products/Debug-iphoneos/BrowserSpike.app -shallow-bundle -infoplist-subpath Info.plist

** BUILD SUCCEEDED **

