13/09/2026 11:40:55 VNC server supports protocol version 3.8 (viewer 3.8)
13/09/2026 11:40:55 We have 1 security types to read
13/09/2026 11:40:55 0) Received security type 1
13/09/2026 11:40:55 Selecting security type 1 (0/1 in the list)
13/09/2026 11:40:55 Selected Security Scheme 1
13/09/2026 11:40:55 No authentication needed
13/09/2026 11:40:55 VNC authentication succeeded
13/09/2026 11:40:55 Desktop name "WVE-79 Chromium framebuffer"
13/09/2026 11:40:55 Connected to VNC server, using protocol version 3.8
13/09/2026 11:40:55 VNC server default format:
13/09/2026 11:40:55   32 bits per pixel.
13/09/2026 11:40:55   Least significant byte first in each pixel.
13/09/2026 11:40:55   TRUE colour: max red 255 green 255 blue 255, shift red 16 green 8 blue 0
13/09/2026 11:40:55 client2server supported messages (bit flags)
13/09/2026 11:40:55 00: 00ff 0081 0000 0000 - 0000 0000 0000 0000
13/09/2026 11:40:55 08: 0000 0000 0000 0000 - 0000 0000 0000 0000
13/09/2026 11:40:55 10: 0000 0000 0000 0000 - 0000 0000 0000 0000
13/09/2026 11:40:55 18: 0000 0000 0000 0000 - 0000 0000 0000 0008
13/09/2026 11:40:55 server2client supported messages (bit flags)
13/09/2026 11:40:55 00: 001f 0080 0000 0000 - 0000 0000 0000 0000
13/09/2026 11:40:55 08: 0000 0000 0000 0000 - 0000 0000 0000 0000
13/09/2026 11:40:55 10: 0000 0000 0000 0000 - 0000 0000 0000 0000
13/09/2026 11:40:55 18: 0000 0000 0000 0000 - 0000 0000 0000 0000
13/09/2026 11:40:55 Connected to Server "unknown (LibVNCServer 0.9.15)"
{"frames":2,"width":800,"height":600,"saved":true}
