Command line invocation:
    /Applications/Xcode.app/Contents/Developer/usr/bin/xcodebuild -project /Users/jaco/Documents/VeeZee/weave/experiments/browser-remoting-comparison/.build/RFBBench.xcodeproj -scheme RFBSpike -configuration Debug -destination generic/platform=iOS -derivedDataPath /Users/jaco/Documents/VeeZee/weave/experiments/browser-remoting-comparison/.build/ipad-rfb -allowProvisioningUpdates build

2026-09-13 10:44:03.168 xcodebuild[99757:7032566] [MT] IDERunDestination: Supported platforms for the buildables in the current scheme is empty.
ComputePackagePrebuildTargetDependencyGraph

Prepare packages

CreateBuildRequest

SendProjectDescription

CreateBuildOperation

ComputeTargetDependencyGraph
note: Building targets in dependency order
note: Target dependency graph (1 target)
    Target 'RFBSpike' in project 'RFBBench' (no dependencies)

GatherProvisioningInputs

CreateBuildDescription

ExecuteExternalTool /Applications/Xcode.app/Contents/Developer/Toolchains/XcodeDefault.xctoolchain/usr/bin/clang -v -E -dM -isysroot /Applications/Xcode.app/Contents/Developer/Platforms/iPhoneOS.platform/Developer/SDKs/iPhoneOS26.5.sdk -x c -c /dev/null

ExecuteExternalTool /Applications/Xcode.app/Contents/Developer/Toolchains/XcodeDefault.xctoolchain/usr/bin/clang -v -E -dM -arch arm64 -isysroot /Applications/Xcode.app/Contents/Developer/Platforms/iPhoneOS.platform/Developer/SDKs/iPhoneOS26.5.sdk -x objective-c -c /dev/null

ExecuteExternalTool /Applications/Xcode.app/Contents/Developer/Toolchains/XcodeDefault.xctoolchain/usr/bin/clang -v -E -dM -arch arm64 -isysroot /Applications/Xcode.app/Contents/Developer/Platforms/iPhoneOS.platform/Developer/SDKs/iPhoneOS26.5.sdk -x c -c /dev/null

ExecuteExternalTool /Applications/Xcode.app/Contents/Developer/Toolchains/XcodeDefault.xctoolchain/usr/bin/ld -version_details

Build description signature: d5a97fcd8d73dffa1dd116b300ea91c0
Build description path: /Users/jaco/Documents/VeeZee/weave/experiments/browser-remoting-comparison/.build/ipad-rfb/Build/Intermediates.noindex/XCBuildData/d5a97fcd8d73dffa1dd116b300ea91c0.xcbuilddata
ClangStatCache /Applications/Xcode.app/Contents/Developer/Toolchains/XcodeDefault.xctoolchain/usr/bin/clang-stat-cache /Applications/Xcode.app/Contents/Developer/Platforms/iPhoneOS.platform/Developer/SDKs/iPhoneOS26.5.sdk /Users/jaco/Documents/VeeZee/weave/experiments/browser-remoting-comparison/.build/ipad-rfb/SDKStatCaches.noindex/iphoneos26.5-23F81a-32daed1954a7d5dd0789fcaf2a9bb78b.sdkstatcache
    cd /Users/jaco/Documents/VeeZee/weave/experiments/browser-remoting-comparison/.build/RFBBench.xcodeproj
    /Applications/Xcode.app/Contents/Developer/Toolchains/XcodeDefault.xctoolchain/usr/bin/clang-stat-cache /Applications/Xcode.app/Contents/Developer/Platforms/iPhoneOS.platform/Developer/SDKs/iPhoneOS26.5.sdk -o /Users/jaco/Documents/VeeZee/weave/experiments/browser-remoting-comparison/.build/ipad-rfb/SDKStatCaches.noindex/iphoneos26.5-23F81a-32daed1954a7d5dd0789fcaf2a9bb78b.sdkstatcache

ScanDependencies /Users/jaco/Documents/VeeZee/weave/experiments/browser-remoting-comparison/.build/ipad-rfb/Build/Intermediates.noindex/RFBBench.build/Debug-iphoneos/RFBSpike.build/Objects-normal/arm64/RFBApp.o /Users/jaco/Documents/VeeZee/weave/experiments/browser-remoting-comparison/RFBApp.m normal arm64 objective-c com.apple.compilers.llvm.clang.1_0.compiler (in target 'RFBSpike' from project 'RFBBench')
    cd /Users/jaco/Documents/VeeZee/weave/experiments/browser-remoting-comparison/.build
    
    Using response file: /Users/jaco/Documents/VeeZee/weave/experiments/browser-remoting-comparison/.build/ipad-rfb/Build/Intermediates.noindex/RFBBench.build/Debug-iphoneos/RFBSpike.build/Objects-normal/arm64/e6072d4f65d7061329687fe24e3d63a7-common-args.resp
    
    builtin-ScanDependencies -o /Users/jaco/Documents/VeeZee/weave/experiments/browser-remoting-comparison/.build/ipad-rfb/Build/Intermediates.noindex/RFBBench.build/Debug-iphoneos/RFBSpike.build/Objects-normal/arm64/RFBApp.o.scan -- /Applications/Xcode.app/Contents/Developer/Toolchains/XcodeDefault.xctoolchain/usr/bin/clang -x objective-c -ivfsstatcache /Users/jaco/Documents/VeeZee/weave/experiments/browser-remoting-comparison/.build/ipad-rfb/SDKStatCaches.noindex/iphoneos26.5-23F81a-32daed1954a7d5dd0789fcaf2a9bb78b.sdkstatcache -target arm64-apple-ios17.0 -fmessage-length\=0 -fdiagnostics-show-note-include-stack -fmacro-backtrace-limit\=0 -fno-color-diagnostics -fmodules-prune-interval\=86400 -fmodules-prune-after\=345600 -fbuild-session-file\=/Users/jaco/Documents/VeeZee/weave/experiments/browser-remoting-comparison/.build/ipad-rfb/ModuleCache.noindex/Session.modulevalidation -fmodules-validate-once-per-build-session -Wnon-modular-include-in-framework-module -Werror\=non-modular-include-in-framework-module -Wno-trigraphs -Wno-missing-field-initializers -Wno-missing-prototypes -Wno-return-type -Wno-implicit-atomic-properties -Wno-objc-interface-ivars -Wno-arc-repeated-use-of-weak -Wno-missing-braces -Wparentheses -Wswitch -Wno-unused-function -Wno-unused-label -Wno-unused-parameter -Wno-unused-variable -Wunused-value -Wno-empty-body -Wno-uninitialized -Wno-unknown-pragmas -Wno-shadow -Wno-four-char-constants -Wno-conversion -Wno-constant-conversion -Wno-int-conversion -Wno-bool-conversion -Wno-enum-conversion -Wno-float-conversion -Wno-non-literal-null-conversion -Wno-objc-literal-conversion -Wshorten-64-to-32 -Wpointer-sign -Wno-newline-eof -Wno-selector -Wno-strict-selector-match -Wno-undeclared-selector -Wno-deprecated-implementations -Wno-implicit-fallthrough -isysroot /Applications/Xcode.app/Contents/Developer/Platforms/iPhoneOS.platform/Developer/SDKs/iPhoneOS26.5.sdk -fstrict-aliasing -Wprotocol -Wdeprecated-declarations -Wno-sign-conversion -Wno-infinite-recursion -Wno-comma -Wno-block-capture-autoreleasing -Wno-strict-prototypes -Wno-semicolon-before-method-body @/Users/jaco/Documents/VeeZee/weave/experiments/browser-remoting-comparison/.build/ipad-rfb/Build/Intermediates.noindex/RFBBench.build/Debug-iphoneos/RFBSpike.build/Objects-normal/arm64/e6072d4f65d7061329687fe24e3d63a7-common-args.resp -MMD -MT dependencies -MF /Users/jaco/Documents/VeeZee/weave/experiments/browser-remoting-comparison/.build/ipad-rfb/Build/Intermediates.noindex/RFBBench.build/Debug-iphoneos/RFBSpike.build/Objects-normal/arm64/RFBApp.d --serialize-diagnostics /Users/jaco/Documents/VeeZee/weave/experiments/browser-remoting-comparison/.build/ipad-rfb/Build/Intermediates.noindex/RFBBench.build/Debug-iphoneos/RFBSpike.build/Objects-normal/arm64/RFBApp.dia -c /Users/jaco/Documents/VeeZee/weave/experiments/browser-remoting-comparison/RFBApp.m -o /Users/jaco/Documents/VeeZee/weave/experiments/browser-remoting-comparison/.build/ipad-rfb/Build/Intermediates.noindex/RFBBench.build/Debug-iphoneos/RFBSpike.build/Objects-normal/arm64/RFBApp.o

CompileC /Users/jaco/Documents/VeeZee/weave/experiments/browser-remoting-comparison/.build/ipad-rfb/Build/Intermediates.noindex/RFBBench.build/Debug-iphoneos/RFBSpike.build/Objects-normal/arm64/RFBApp.o /Users/jaco/Documents/VeeZee/weave/experiments/browser-remoting-comparison/RFBApp.m normal arm64 objective-c com.apple.compilers.llvm.clang.1_0.compiler (in target 'RFBSpike' from project 'RFBBench')
    cd /Users/jaco/Documents/VeeZee/weave/experiments/browser-remoting-comparison/.build
    
    Using response file: /Users/jaco/Documents/VeeZee/weave/experiments/browser-remoting-comparison/.build/ipad-rfb/Build/Intermediates.noindex/RFBBench.build/Debug-iphoneos/RFBSpike.build/Objects-normal/arm64/e6072d4f65d7061329687fe24e3d63a7-common-args.resp
    
    /Applications/Xcode.app/Contents/Developer/Toolchains/XcodeDefault.xctoolchain/usr/bin/clang -x objective-c -ivfsstatcache /Users/jaco/Documents/VeeZee/weave/experiments/browser-remoting-comparison/.build/ipad-rfb/SDKStatCaches.noindex/iphoneos26.5-23F81a-32daed1954a7d5dd0789fcaf2a9bb78b.sdkstatcache -target arm64-apple-ios17.0 -fmessage-length\=0 -fdiagnostics-show-note-include-stack -fmacro-backtrace-limit\=0 -fno-color-diagnostics -fmodules-prune-interval\=86400 -fmodules-prune-after\=345600 -fbuild-session-file\=/Users/jaco/Documents/VeeZee/weave/experiments/browser-remoting-comparison/.build/ipad-rfb/ModuleCache.noindex/Session.modulevalidation -fmodules-validate-once-per-build-session -Wnon-modular-include-in-framework-module -Werror\=non-modular-include-in-framework-module -Wno-trigraphs -Wno-missing-field-initializers -Wno-missing-prototypes -Wno-return-type -Wno-implicit-atomic-properties -Wno-objc-interface-ivars -Wno-arc-repeated-use-of-weak -Wno-missing-braces -Wparentheses -Wswitch -Wno-unused-function -Wno-unused-label -Wno-unused-parameter -Wno-unused-variable -Wunused-value -Wno-empty-body -Wno-uninitialized -Wno-unknown-pragmas -Wno-shadow -Wno-four-char-constants -Wno-conversion -Wno-constant-conversion -Wno-int-conversion -Wno-bool-conversion -Wno-enum-conversion -Wno-float-conversion -Wno-non-literal-null-conversion -Wno-objc-literal-conversion -Wshorten-64-to-32 -Wpointer-sign -Wno-newline-eof -Wno-selector -Wno-strict-selector-match -Wno-undeclared-selector -Wno-deprecated-implementations -Wno-implicit-fallthrough -isysroot /Applications/Xcode.app/Contents/Developer/Platforms/iPhoneOS.platform/Developer/SDKs/iPhoneOS26.5.sdk -fstrict-aliasing -Wprotocol -Wdeprecated-declarations -Wno-sign-conversion -Wno-infinite-recursion -Wno-comma -Wno-block-capture-autoreleasing -Wno-strict-prototypes -Wno-semicolon-before-method-body @/Users/jaco/Documents/VeeZee/weave/experiments/browser-remoting-comparison/.build/ipad-rfb/Build/Intermediates.noindex/RFBBench.build/Debug-iphoneos/RFBSpike.build/Objects-normal/arm64/e6072d4f65d7061329687fe24e3d63a7-common-args.resp -MMD -MT dependencies -MF /Users/jaco/Documents/VeeZee/weave/experiments/browser-remoting-comparison/.build/ipad-rfb/Build/Intermediates.noindex/RFBBench.build/Debug-iphoneos/RFBSpike.build/Objects-normal/arm64/RFBApp.d --serialize-diagnostics /Users/jaco/Documents/VeeZee/weave/experiments/browser-remoting-comparison/.build/ipad-rfb/Build/Intermediates.noindex/RFBBench.build/Debug-iphoneos/RFBSpike.build/Objects-normal/arm64/RFBApp.dia -c /Users/jaco/Documents/VeeZee/weave/experiments/browser-remoting-comparison/RFBApp.m -o /Users/jaco/Documents/VeeZee/weave/experiments/browser-remoting-comparison/.build/ipad-rfb/Build/Intermediates.noindex/RFBBench.build/Debug-iphoneos/RFBSpike.build/Objects-normal/arm64/RFBApp.o
/Users/jaco/Documents/VeeZee/weave/experiments/browser-remoting-comparison/RFBApp.m:240:21: warning: 'atomic' attribute on property 'window' does not match the property inherited from 'UIApplicationDelegate' [-Wproperty-attribute-mismatch]
  240 | @property UIWindow *window;
      |                     ^
In module 'UIKit' imported from /Users/jaco/Documents/VeeZee/weave/experiments/browser-remoting-comparison/RFBApp.m:10:
/Applications/Xcode.app/Contents/Developer/Platforms/iPhoneOS.platform/Developer/SDKs/iPhoneOS26.5.sdk/System/Library/Frameworks/UIKit.framework/Headers/UIApplication.h:454:51: note: property declared here
  454 | @property (nullable, nonatomic, strong) UIWindow *window API_AVAILABLE(ios(5.0));
      |                                                   ^
1 warning generated.

Ld /Users/jaco/Documents/VeeZee/weave/experiments/browser-remoting-comparison/.build/ipad-rfb/Build/Products/Debug-iphoneos/RFBSpike.app/RFBSpike normal (in target 'RFBSpike' from project 'RFBBench')
    cd /Users/jaco/Documents/VeeZee/weave/experiments/browser-remoting-comparison/.build
    /Applications/Xcode.app/Contents/Developer/Toolchains/XcodeDefault.xctoolchain/usr/bin/clang -Xlinker -reproducible -target arm64-apple-ios17.0 -isysroot /Applications/Xcode.app/Contents/Developer/Platforms/iPhoneOS.platform/Developer/SDKs/iPhoneOS26.5.sdk -O2 -L/Users/jaco/Documents/VeeZee/weave/experiments/browser-remoting-comparison/.build/ipad-rfb/Build/Intermediates.noindex/EagerLinkingTBDs/Debug-iphoneos -L/Users/jaco/Documents/VeeZee/weave/experiments/browser-remoting-comparison/.build/ipad-rfb/Build/Products/Debug-iphoneos -L/Users/jaco/Documents/VeeZee/weave/experiments/rfb-spike/.build/lib-ios -F/Users/jaco/Documents/VeeZee/weave/experiments/browser-remoting-comparison/.build/ipad-rfb/Build/Intermediates.noindex/EagerLinkingTBDs/Debug-iphoneos -F/Users/jaco/Documents/VeeZee/weave/experiments/browser-remoting-comparison/.build/ipad-rfb/Build/Products/Debug-iphoneos -filelist /Users/jaco/Documents/VeeZee/weave/experiments/browser-remoting-comparison/.build/ipad-rfb/Build/Intermediates.noindex/RFBBench.build/Debug-iphoneos/RFBSpike.build/Objects-normal/arm64/RFBSpike.LinkFileList -Xlinker -dead_strip -Xlinker -object_path_lto -Xlinker /Users/jaco/Documents/VeeZee/weave/experiments/browser-remoting-comparison/.build/ipad-rfb/Build/Intermediates.noindex/RFBBench.build/Debug-iphoneos/RFBSpike.build/Objects-normal/arm64/RFBSpike_lto.o -Xlinker -dependency_info -Xlinker /Users/jaco/Documents/VeeZee/weave/experiments/browser-remoting-comparison/.build/ipad-rfb/Build/Intermediates.noindex/RFBBench.build/Debug-iphoneos/RFBSpike.build/Objects-normal/arm64/RFBSpike_dependency_info.dat -fobjc-arc -fobjc-link-runtime -lz -framework UIKit -framework QuartzCore -framework ImageIO -lvncclient -Xlinker -no_adhoc_codesign -o /Users/jaco/Documents/VeeZee/weave/experiments/browser-remoting-comparison/.build/ipad-rfb/Build/Products/Debug-iphoneos/RFBSpike.app/RFBSpike

ProcessInfoPlistFile /Users/jaco/Documents/VeeZee/weave/experiments/browser-remoting-comparison/.build/ipad-rfb/Build/Products/Debug-iphoneos/RFBSpike.app/Info.plist /Users/jaco/Documents/VeeZee/weave/experiments/browser-remoting-comparison/.build/RFB-ios.plist (in target 'RFBSpike' from project 'RFBBench')
    cd /Users/jaco/Documents/VeeZee/weave/experiments/browser-remoting-comparison/.build
    builtin-infoPlistUtility /Users/jaco/Documents/VeeZee/weave/experiments/browser-remoting-comparison/.build/RFB-ios.plist -producttype com.apple.product-type.application -genpkginfo /Users/jaco/Documents/VeeZee/weave/experiments/browser-remoting-comparison/.build/ipad-rfb/Build/Products/Debug-iphoneos/RFBSpike.app/PkgInfo -expandbuildsettings -format binary -platform iphoneos -requiredArchitecture arm64 -o /Users/jaco/Documents/VeeZee/weave/experiments/browser-remoting-comparison/.build/ipad-rfb/Build/Products/Debug-iphoneos/RFBSpike.app/Info.plist

CodeSign /Users/jaco/Documents/VeeZee/weave/experiments/browser-remoting-comparison/.build/ipad-rfb/Build/Products/Debug-iphoneos/RFBSpike.app (in target 'RFBSpike' from project 'RFBBench')
    cd /Users/jaco/Documents/VeeZee/weave/experiments/browser-remoting-comparison/.build
    
    Signing Identity:     "Apple Development: jaco@veezee.xyz (HGZD22KNFG)"
    Provisioning Profile: "iOS Team Provisioning Profile: com.veezee.browser-spike"
                          (1278477d-abe5-4732-9142-95486c312aa0)
    
    /usr/bin/codesign --force --sign 192C23384319388359851AFE24D282185176E910 --entitlements /Users/jaco/Documents/VeeZee/weave/experiments/browser-remoting-comparison/.build/ipad-rfb/Build/Intermediates.noindex/RFBBench.build/Debug-iphoneos/RFBSpike.build/RFBSpike.app.xcent --timestamp\=none --generate-entitlement-der /Users/jaco/Documents/VeeZee/weave/experiments/browser-remoting-comparison/.build/ipad-rfb/Build/Products/Debug-iphoneos/RFBSpike.app

Validate /Users/jaco/Documents/VeeZee/weave/experiments/browser-remoting-comparison/.build/ipad-rfb/Build/Products/Debug-iphoneos/RFBSpike.app (in target 'RFBSpike' from project 'RFBBench')
    cd /Users/jaco/Documents/VeeZee/weave/experiments/browser-remoting-comparison/.build
    builtin-validationUtility /Users/jaco/Documents/VeeZee/weave/experiments/browser-remoting-comparison/.build/ipad-rfb/Build/Products/Debug-iphoneos/RFBSpike.app -shallow-bundle -infoplist-subpath Info.plist
warning: All interface orientations must be supported unless the app requires full screen. (in target 'RFBSpike' from project 'RFBBench')

** BUILD SUCCEEDED **

