{"event":"sandbox-canary","role":"browser","pid":1437855,"readAllowed":true,"errno":0}
{"event":"initializing"}
13/09/2026 12:57:23 Unable to establish connection with systemd socket
13/09/2026 12:57:23 Listening for VNC connections on TCP port 15931

DevTools listening on ws://127.0.0.1:19329/devtools/browser/e07e6da8-592a-4e8c-ac56-4022e2d659bb
{"event":"context-initialized"}
{"event":"initialized"}
{"event":"browser-created"}
{"event":"browser-created"}
{"event":"sandbox-canary","role":"renderer","pid":1,"readAllowed":false,"errno":1}
{"event":"sandbox-canary","role":"renderer","pid":1,"readAllowed":false,"errno":1}
[1437855:1437855:0913/125723.890955:ERROR:dbus/object_proxy.cc:572] Failed to call method: org.freedesktop.DBus.Properties.Get: object_path= /org/freedesktop/portal/desktop: org.freedesktop.DBus.Error.InvalidArgs: No such interface “org.freedesktop.portal.FileChooser”
{"event":"sandbox-canary","role":"renderer","pid":1,"readAllowed":false,"errno":1}
{"event":"paint","count":1,"width":800,"height":600,"dirtyRects":1,"viewers":0}
{"event":"loaded","status":200}
{"event":"loaded","status":200}
{"event":"paint","count":61,"width":800,"height":600,"dirtyRects":1,"viewers":0}
{"event":"sandbox-canary","role":"renderer","pid":1,"readAllowed":false,"errno":1}
{"event":"paint","count":121,"width":800,"height":600,"dirtyRects":1,"viewers":0}
{"event":"paint","count":181,"width":800,"height":600,"dirtyRects":1,"viewers":0}
{"event":"paint","count":241,"width":800,"height":600,"dirtyRects":1,"viewers":0}
{"event":"paint","count":301,"width":800,"height":600,"dirtyRects":1,"viewers":0}
{"event":"paint","count":361,"width":800,"height":600,"dirtyRects":1,"viewers":0}
{"event":"paint","count":421,"width":800,"height":600,"dirtyRects":1,"viewers":0}
{"event":"paint","count":481,"width":800,"height":600,"dirtyRects":1,"viewers":0}
{"event":"loaded","status":200}
{"event":"paint","count":541,"width":800,"height":600,"dirtyRects":1,"viewers":0}
{"event":"paint","count":601,"width":800,"height":600,"dirtyRects":1,"viewers":0}
{"event":"paint","count":661,"width":800,"height":600,"dirtyRects":1,"viewers":0}
{"event":"paint","count":721,"width":800,"height":600,"dirtyRects":1,"viewers":0}
{"event":"paint","count":781,"width":800,"height":600,"dirtyRects":1,"viewers":0}
{"event":"paint","count":841,"width":800,"height":600,"dirtyRects":1,"viewers":0}
{"event":"paint","count":901,"width":800,"height":600,"dirtyRects":1,"viewers":0}
{"event":"paint","count":961,"width":800,"height":600,"dirtyRects":1,"viewers":0}
{"event":"paint","count":1021,"width":800,"height":600,"dirtyRects":1,"viewers":0}
{"event":"paint","count":1081,"width":800,"height":600,"dirtyRects":1,"viewers":0}
{"event":"paint","count":1141,"width":800,"height":600,"dirtyRects":1,"viewers":0}
{"event":"paint","count":1201,"width":800,"height":600,"dirtyRects":1,"viewers":0}
{"event":"paint","count":1261,"width":800,"height":600,"dirtyRects":1,"viewers":0}
