Command line invocation:
    /Applications/Xcode.app/Contents/Developer/usr/bin/xcodebuild -project /Users/jaco/Documents/VeeZee/weave/experiments/browser-remoting-comparison/.build/RFBBench.xcodeproj -scheme RFBSpike -configuration Debug -destination generic/platform=iOS -derivedDataPath /Users/jaco/Documents/VeeZee/weave/experiments/browser-remoting-comparison/.build/ipad-rfb -allowProvisioningUpdates build

2026-09-13 11:11:46.640 xcodebuild[33407:7134115] [MT] IDERunDestination: Supported platforms for the buildables in the current scheme is empty.
ComputePackagePrebuildTargetDependencyGraph

Prepare packages

CreateBuildRequest

SendProjectDescription

CreateBuildOperation

ComputeTargetDependencyGraph
note: Building targets in dependency order
note: Target dependency graph (1 target)
    Target 'RFBSpike' in project 'RFBBench' (no dependencies)

GatherProvisioningInputs

CreateBuildDescription

ClangStatCache /Applications/Xcode.app/Contents/Developer/Toolchains/XcodeDefault.xctoolchain/usr/bin/clang-stat-cache /Applications/Xcode.app/Contents/Developer/Platforms/iPhoneOS.platform/Developer/SDKs/iPhoneOS26.5.sdk /Users/jaco/Documents/VeeZee/weave/experiments/browser-remoting-comparison/.build/ipad-rfb/SDKStatCaches.noindex/iphoneos26.5-23F81a-32daed1954a7d5dd0789fcaf2a9bb78b.sdkstatcache
    cd /Users/jaco/Documents/VeeZee/weave/experiments/browser-remoting-comparison/.build/RFBBench.xcodeproj
    /Applications/Xcode.app/Contents/Developer/Toolchains/XcodeDefault.xctoolchain/usr/bin/clang-stat-cache /Applications/Xcode.app/Contents/Developer/Platforms/iPhoneOS.platform/Developer/SDKs/iPhoneOS26.5.sdk -o /Users/jaco/Documents/VeeZee/weave/experiments/browser-remoting-comparison/.build/ipad-rfb/SDKStatCaches.noindex/iphoneos26.5-23F81a-32daed1954a7d5dd0789fcaf2a9bb78b.sdkstatcache

ProcessInfoPlistFile /Users/jaco/Documents/VeeZee/weave/experiments/browser-remoting-comparison/.build/ipad-rfb/Build/Products/Debug-iphoneos/RFBSpike.app/Info.plist /Users/jaco/Documents/VeeZee/weave/experiments/browser-remoting-comparison/.build/RFB-ios.plist (in target 'RFBSpike' from project 'RFBBench')
    cd /Users/jaco/Documents/VeeZee/weave/experiments/browser-remoting-comparison/.build
    builtin-infoPlistUtility /Users/jaco/Documents/VeeZee/weave/experiments/browser-remoting-comparison/.build/RFB-ios.plist -producttype com.apple.product-type.application -genpkginfo /Users/jaco/Documents/VeeZee/weave/experiments/browser-remoting-comparison/.build/ipad-rfb/Build/Products/Debug-iphoneos/RFBSpike.app/PkgInfo -expandbuildsettings -format binary -platform iphoneos -requiredArchitecture arm64 -o /Users/jaco/Documents/VeeZee/weave/experiments/browser-remoting-comparison/.build/ipad-rfb/Build/Products/Debug-iphoneos/RFBSpike.app/Info.plist

** BUILD SUCCEEDED **

