{"event":"initializing"}
13/09/2026 11:34:21 Unable to establish connection with systemd socket
13/09/2026 11:34:21 Listening for VNC connections on TCP port 15921

DevTools listening on ws://127.0.0.1:19229/devtools/browser/23cab00e-a55d-4a17-a5cd-a414bf18e8a6
{"event":"context-initialized"}
{"event":"initialized"}
{"event":"browser-created"}
[1276832:1276832:0913/113421.739448:ERROR:dbus/object_proxy.cc:572] Failed to call method: org.freedesktop.DBus.Properties.Get: object_path= /org/freedesktop/portal/desktop: org.freedesktop.DBus.Error.InvalidArgs: No such interface “org.freedesktop.portal.FileChooser”
{"event":"loaded","status":200}
{"event":"paint","count":1,"width":1920,"height":1280,"dirtyRects":1,"viewers":0}
13/09/2026 11:34:25 Got connection from client 100.97.206.8
13/09/2026 11:34:25   0 other clients
13/09/2026 11:34:25 Normal socket connection
{"event":"viewer-joined","viewers":1}
13/09/2026 11:34:25 Client Protocol Version 3.8
13/09/2026 11:34:25 Protocol version sent 3.8, using 3.8
13/09/2026 11:34:25 Send channel security type 'none'
13/09/2026 11:34:25 rfbProcessClientSecurityType: executing handler for type 1
13/09/2026 11:34:25 rfbProcessClientSecurityType: returning securityResult for client rfb version >= 3.8
13/09/2026 11:34:25 Pixel format for client 100.97.206.8:
13/09/2026 11:34:25   32 bpp, depth 24, little endian
13/09/2026 11:34:25   true colour: max r 255 g 255 b 255, shift r 16 g 8 b 0
13/09/2026 11:34:25 Enabling X-style cursor updates for client 100.97.206.8
13/09/2026 11:34:25 Enabling full-color cursor updates for client 100.97.206.8
13/09/2026 11:34:25 Enabling cursor position updates for client 100.97.206.8
13/09/2026 11:34:25 Enabling KeyboardLedState protocol extension for client 100.97.206.8
13/09/2026 11:34:25 Enabling NewFBSize protocol extension for client 100.97.206.8
13/09/2026 11:34:25 Enabling ExtDesktopSize protocol extension for client 100.97.206.8
13/09/2026 11:34:25 Enabling SupportedMessages protocol extension for client 100.97.206.8
13/09/2026 11:34:25 Enabling SupportedEncodings protocol extension for client 100.97.206.8
13/09/2026 11:34:25 Enabling ServerIdentity protocol extension for client 100.97.206.8
13/09/2026 11:34:25 rfbProcessClientNormalMessage: ignoring unsupported encoding type Enc(0xFFFFFEFE)
13/09/2026 11:34:25 Using ZRLE encoding for client 100.97.206.8
13/09/2026 11:34:25 Sending rfbEncodingExtDesktopSize for size (1920x1280) 
{"event":"paint","count":61,"width":1920,"height":1280,"dirtyRects":1,"viewers":1}
{"event":"paint","count":121,"width":1920,"height":1280,"dirtyRects":1,"viewers":1}
{"event":"paint","count":181,"width":1920,"height":1280,"dirtyRects":1,"viewers":1}
{"event":"paint","count":241,"width":1920,"height":1280,"dirtyRects":1,"viewers":1}
{"event":"paint","count":301,"width":1920,"height":1280,"dirtyRects":1,"viewers":1}
{"event":"paint","count":361,"width":1920,"height":1280,"dirtyRects":1,"viewers":1}
{"event":"paint","count":421,"width":1920,"height":1280,"dirtyRects":1,"viewers":1}
{"event":"paint","count":481,"width":1920,"height":1280,"dirtyRects":1,"viewers":1}
{"event":"paint","count":541,"width":1920,"height":1280,"dirtyRects":1,"viewers":1}
{"event":"paint","count":601,"width":1920,"height":1280,"dirtyRects":1,"viewers":1}
{"event":"paint","count":661,"width":1920,"height":1280,"dirtyRects":1,"viewers":1}
{"event":"paint","count":721,"width":1920,"height":1280,"dirtyRects":1,"viewers":1}
{"event":"paint","count":781,"width":1920,"height":1280,"dirtyRects":1,"viewers":1}
{"event":"paint","count":841,"width":1920,"height":1280,"dirtyRects":1,"viewers":1}
{"event":"paint","count":901,"width":1920,"height":1280,"dirtyRects":1,"viewers":1}
{"event":"paint","count":961,"width":1920,"height":1280,"dirtyRects":1,"viewers":1}
{"event":"paint","count":1021,"width":1920,"height":1280,"dirtyRects":1,"viewers":1}
{"event":"paint","count":1081,"width":1920,"height":1280,"dirtyRects":1,"viewers":1}
{"event":"paint","count":1141,"width":1920,"height":1280,"dirtyRects":1,"viewers":1}
{"event":"paint","count":1201,"width":1920,"height":1280,"dirtyRects":1,"viewers":1}
{"event":"paint","count":1261,"width":1920,"height":1280,"dirtyRects":1,"viewers":1}
{"event":"paint","count":1321,"width":1920,"height":1280,"dirtyRects":1,"viewers":1}
{"event":"paint","count":1381,"width":1920,"height":1280,"dirtyRects":1,"viewers":1}
{"event":"paint","count":1441,"width":1920,"height":1280,"dirtyRects":1,"viewers":1}
{"event":"viewer-left","viewers":0}
13/09/2026 11:35:57 Client 100.97.206.8 gone
13/09/2026 11:35:57 Statistics             events    Transmit/ RawEquiv ( saved)
13/09/2026 11:35:57  FramebufferUpdate   :   1464 |         0/        0 (  0.0%)
13/09/2026 11:35:57  ZRLE                :   1464 |  56638995/-764831088 (  0.0%)
13/09/2026 11:35:57  ServerIdentify      :      1 |        42/       42 (  0.0%)
13/09/2026 11:35:57  SupportedEncoding   :      1 |       104/      104 (  0.0%)
13/09/2026 11:35:57  SupportedMessage    :      1 |        76/       76 (  0.0%)
13/09/2026 11:35:57  PointerPos          :      1 |        12/       12 (  0.0%)
13/09/2026 11:35:57  RichCursor          :      1 |       255/      255 (  0.0%)
13/09/2026 11:35:57  ExtendedDesktopSize :      1 |        32/       32 (  0.0%)
13/09/2026 11:35:57  TOTALS              :   2934 |  56639516/-764830567 (  0.0%)
13/09/2026 11:35:57 Statistics             events    Received/ RawEquiv ( saved)
13/09/2026 11:35:57  PointerEvent        :     50 |       300/      300 (  0.0%)
13/09/2026 11:35:57  FramebufferUpdate   :   1466 |     14660/    14660 (  0.0%)
13/09/2026 11:35:57  SetEncodings        :      1 |        60/       60 (  0.0%)
13/09/2026 11:35:57  SetPixelFormat      :      1 |        20/       20 (  0.0%)
13/09/2026 11:35:57  TOTALS              :   1518 |     15040/    15040 (  0.0%)
