---
source: crates/tui/src/render_snapshots.rs
expression: screen(&mut chat)
---
── transcript ──

── viewport ──


› /

› /new     Start a new session in this directory
  /reload  Restart this TUI, picking up a rebuilt weave, and reattach
  /review  Review the current changes
  /test    Run the test suite
