{"event":"sandbox-canary","role":"browser","pid":1408867,"readAllowed":true,"errno":0}
{"event":"initializing"}
13/09/2026 12:42:33 Unable to establish connection with systemd socket
13/09/2026 12:42:33 Listening for VNC connections on TCP port 15931

DevTools listening on ws://127.0.0.1:19329/devtools/browser/ad7c5077-2f87-47b6-9eda-b595f4f36115
{"event":"context-initialized"}
{"event":"initialized"}
{"event":"browser-created"}
[1408867:1408867:0913/124233.996434:ERROR:dbus/object_proxy.cc:572] Failed to call method: org.freedesktop.DBus.Properties.Get: object_path= /org/freedesktop/portal/desktop: org.freedesktop.DBus.Error.InvalidArgs: No such interface “org.freedesktop.portal.FileChooser”
{"event":"sandbox-canary","role":"renderer","pid":1,"readAllowed":false,"errno":1}
{"event":"sandbox-canary","role":"renderer","pid":1,"readAllowed":false,"errno":1}
{"event":"paint","count":1,"width":800,"height":600,"dirtyRects":1,"viewers":0}
{"event":"loaded","status":200}
{"event":"paint","count":61,"width":800,"height":600,"dirtyRects":1,"viewers":0}
{"event":"sandbox-canary","role":"renderer","pid":1,"readAllowed":false,"errno":1}
{"event":"paint","count":121,"width":800,"height":600,"dirtyRects":1,"viewers":0}
{"event":"paint","count":181,"width":800,"height":600,"dirtyRects":1,"viewers":0}
{"event":"paint","count":241,"width":800,"height":600,"dirtyRects":1,"viewers":0}
{"event":"paint","count":301,"width":800,"height":600,"dirtyRects":1,"viewers":0}
{"event":"paint","count":361,"width":800,"height":600,"dirtyRects":1,"viewers":0}
{"event":"paint","count":421,"width":800,"height":600,"dirtyRects":1,"viewers":0}
{"event":"paint","count":481,"width":800,"height":600,"dirtyRects":1,"viewers":0}
{"event":"paint","count":541,"width":800,"height":600,"dirtyRects":1,"viewers":0}
{"event":"paint","count":601,"width":800,"height":600,"dirtyRects":1,"viewers":0}
{"event":"paint","count":661,"width":800,"height":600,"dirtyRects":1,"viewers":0}
{"event":"paint","count":721,"width":800,"height":600,"dirtyRects":1,"viewers":0}
{"event":"paint","count":781,"width":800,"height":600,"dirtyRects":1,"viewers":0}
{"event":"paint","count":841,"width":800,"height":600,"dirtyRects":1,"viewers":0}
{"event":"paint","count":901,"width":800,"height":600,"dirtyRects":1,"viewers":0}
{"event":"paint","count":961,"width":800,"height":600,"dirtyRects":1,"viewers":0}
{"event":"paint","count":1021,"width":800,"height":600,"dirtyRects":1,"viewers":0}
{"event":"paint","count":1081,"width":800,"height":600,"dirtyRects":1,"viewers":0}
{"event":"loaded","status":200}
{"event":"paint","count":1141,"width":800,"height":600,"dirtyRects":1,"viewers":0}
{"event":"sandbox-canary","role":"renderer","pid":1,"readAllowed":false,"errno":1}
{"event":"paint","count":1201,"width":800,"height":600,"dirtyRects":1,"viewers":0}
{"event":"sandbox-canary","role":"renderer","pid":1,"readAllowed":false,"errno":1}
{"event":"sandbox-canary","role":"renderer","pid":1,"readAllowed":false,"errno":1}
{"event":"paint","count":1261,"width":800,"height":600,"dirtyRects":1,"viewers":0}
[1408867:1408867:0913/124316.629783:ERROR:cef/libcef/browser/browser_info_manager.cc:858] Timeout of new browser info response for frame E-3FEF79011B9B39DD3F79BEB7DE31472A (has_rfh=1)
{"event":"paint","count":1321,"width":800,"height":600,"dirtyRects":1,"viewers":0}
[1408867:1408867:0913/124318.634448:ERROR:cef/libcef/browser/browser_info_manager.cc:858] Timeout of new browser info response for frame E-74F336F9E649C654A4AD1BB40C52B4E4 (has_rfh=1)
{"event":"paint","count":1381,"width":800,"height":600,"dirtyRects":1,"viewers":0}
{"event":"paint","count":1441,"width":800,"height":600,"dirtyRects":1,"viewers":0}
{"event":"paint","count":1501,"width":800,"height":600,"dirtyRects":1,"viewers":0}
{"event":"paint","count":1561,"width":800,"height":600,"dirtyRects":1,"viewers":0}
{"event":"paint","count":1621,"width":800,"height":600,"dirtyRects":1,"viewers":0}
{"event":"paint","count":1681,"width":800,"height":600,"dirtyRects":1,"viewers":0}
{"event":"paint","count":1741,"width":800,"height":600,"dirtyRects":1,"viewers":0}
{"event":"paint","count":1801,"width":800,"height":600,"dirtyRects":1,"viewers":0}
{"event":"paint","count":1861,"width":800,"height":600,"dirtyRects":1,"viewers":0}
{"event":"paint","count":1921,"width":800,"height":600,"dirtyRects":1,"viewers":0}
{"event":"paint","count":1981,"width":800,"height":600,"dirtyRects":1,"viewers":0}
{"event":"paint","count":2041,"width":800,"height":600,"dirtyRects":1,"viewers":0}
{"event":"paint","count":2101,"width":800,"height":600,"dirtyRects":1,"viewers":0}
{"event":"paint","count":2161,"width":800,"height":600,"dirtyRects":1,"viewers":0}
{"event":"paint","count":2221,"width":800,"height":600,"dirtyRects":1,"viewers":0}
{"event":"paint","count":2281,"width":800,"height":600,"dirtyRects":1,"viewers":0}
{"event":"paint","count":2341,"width":800,"height":600,"dirtyRects":1,"viewers":0}
{"event":"paint","count":2401,"width":800,"height":600,"dirtyRects":1,"viewers":0}
{"event":"paint","count":2461,"width":800,"height":600,"dirtyRects":1,"viewers":0}
{"event":"paint","count":2521,"width":800,"height":600,"dirtyRects":1,"viewers":0}
{"event":"paint","count":2581,"width":800,"height":600,"dirtyRects":1,"viewers":0}
{"event":"paint","count":2641,"width":800,"height":600,"dirtyRects":1,"viewers":0}
{"event":"paint","count":2701,"width":800,"height":600,"dirtyRects":1,"viewers":0}
{"event":"paint","count":2761,"width":800,"height":600,"dirtyRects":1,"viewers":0}
{"event":"paint","count":2821,"width":800,"height":600,"dirtyRects":1,"viewers":0}
{"event":"paint","count":2881,"width":800,"height":600,"dirtyRects":1,"viewers":0}
{"event":"paint","count":2941,"width":800,"height":600,"dirtyRects":1,"viewers":0}
{"event":"paint","count":3001,"width":800,"height":600,"dirtyRects":1,"viewers":0}
{"event":"paint","count":3061,"width":800,"height":600,"dirtyRects":1,"viewers":0}
{"event":"paint","count":3121,"width":800,"height":600,"dirtyRects":1,"viewers":0}
{"event":"paint","count":3181,"width":800,"height":600,"dirtyRects":1,"viewers":0}
{"event":"paint","count":3241,"width":800,"height":600,"dirtyRects":1,"viewers":0}
{"event":"paint","count":3301,"width":800,"height":600,"dirtyRects":1,"viewers":0}
{"event":"paint","count":3361,"width":800,"height":600,"dirtyRects":1,"viewers":0}
{"event":"paint","count":3421,"width":800,"height":600,"dirtyRects":1,"viewers":0}
{"event":"paint","count":3481,"width":800,"height":600,"dirtyRects":1,"viewers":0}
{"event":"paint","count":3541,"width":800,"height":600,"dirtyRects":1,"viewers":0}
{"event":"paint","count":3601,"width":800,"height":600,"dirtyRects":1,"viewers":0}
{"event":"paint","count":3661,"width":800,"height":600,"dirtyRects":1,"viewers":0}
{"event":"paint","count":3721,"width":800,"height":600,"dirtyRects":1,"viewers":0}
{"event":"paint","count":3781,"width":800,"height":600,"dirtyRects":1,"viewers":0}
{"event":"paint","count":3841,"width":800,"height":600,"dirtyRects":1,"viewers":0}
{"event":"paint","count":3901,"width":800,"height":600,"dirtyRects":1,"viewers":0}
{"event":"paint","count":3961,"width":800,"height":600,"dirtyRects":1,"viewers":0}
{"event":"paint","count":4021,"width":800,"height":600,"dirtyRects":1,"viewers":0}
{"event":"paint","count":4081,"width":800,"height":600,"dirtyRects":1,"viewers":0}
{"event":"paint","count":4141,"width":800,"height":600,"dirtyRects":1,"viewers":0}
{"event":"paint","count":4201,"width":800,"height":600,"dirtyRects":1,"viewers":0}
{"event":"paint","count":4261,"width":800,"height":600,"dirtyRects":1,"viewers":0}
{"event":"paint","count":4321,"width":800,"height":600,"dirtyRects":1,"viewers":0}
{"event":"paint","count":4381,"width":800,"height":600,"dirtyRects":1,"viewers":0}
{"event":"paint","count":4441,"width":800,"height":600,"dirtyRects":1,"viewers":0}
{"event":"paint","count":4501,"width":800,"height":600,"dirtyRects":1,"viewers":0}
{"event":"paint","count":4561,"width":800,"height":600,"dirtyRects":1,"viewers":0}
{"event":"sandbox-canary","role":"renderer","pid":1,"readAllowed":false,"errno":1}
13/09/2026 12:45:07 Got connection from client 127.0.0.1
13/09/2026 12:45:07   0 other clients
{"event":"viewer-joined","viewers":1}
13/09/2026 12:45:07 Normal socket connection
13/09/2026 12:45:07 Client Protocol Version 3.8
13/09/2026 12:45:07 Protocol version sent 3.8, using 3.8
13/09/2026 12:45:07 Send channel security type 'none'
13/09/2026 12:45:07 rfbProcessClientSecurityType: executing handler for type 1
13/09/2026 12:45:07 rfbProcessClientSecurityType: returning securityResult for client rfb version >= 3.8
13/09/2026 12:45:07 Pixel format for client 127.0.0.1:
13/09/2026 12:45:07   32 bpp, depth 24, little endian
13/09/2026 12:45:07   true colour: max r 255 g 255 b 255, shift r 16 g 8 b 0
13/09/2026 12:45:07 Enabling X-style cursor updates for client 127.0.0.1
13/09/2026 12:45:07 Enabling full-color cursor updates for client 127.0.0.1
13/09/2026 12:45:07 Enabling cursor position updates for client 127.0.0.1
13/09/2026 12:45:07 Enabling KeyboardLedState protocol extension for client 127.0.0.1
13/09/2026 12:45:07 Enabling NewFBSize protocol extension for client 127.0.0.1
13/09/2026 12:45:07 Enabling ExtDesktopSize protocol extension for client 127.0.0.1
13/09/2026 12:45:07 Enabling SupportedMessages protocol extension for client 127.0.0.1
13/09/2026 12:45:07 Enabling SupportedEncodings protocol extension for client 127.0.0.1
13/09/2026 12:45:07 Enabling ServerIdentity protocol extension for client 127.0.0.1
13/09/2026 12:45:07 rfbProcessClientNormalMessage: ignoring unsupported encoding type Enc(0xFFFFFEFE)
13/09/2026 12:45:07 Using ZRLE encoding for client 127.0.0.1
13/09/2026 12:45:07 Sending rfbEncodingExtDesktopSize for size (800x600) 
{"event":"paint","count":4621,"width":800,"height":600,"dirtyRects":1,"viewers":1}
{"event":"viewer-left","viewers":0}
13/09/2026 12:45:09 Client 127.0.0.1 gone
13/09/2026 12:45:09 Statistics             events    Transmit/ RawEquiv ( saved)
13/09/2026 12:45:09  FramebufferUpdate   :     62 |         0/        0 (  0.0%)
13/09/2026 12:45:09  ZRLE                :     62 |     12673/  2535200 ( 99.5%)
13/09/2026 12:45:09  ServerIdentify      :      1 |        42/       42 (  0.0%)
13/09/2026 12:45:09  SupportedEncoding   :      1 |       104/      104 (  0.0%)
13/09/2026 12:45:09  SupportedMessage    :      1 |        76/       76 (  0.0%)
13/09/2026 12:45:09  PointerPos          :      1 |        12/       12 (  0.0%)
13/09/2026 12:45:09  RichCursor          :      1 |       255/      255 (  0.0%)
13/09/2026 12:45:09  ExtendedDesktopSize :      1 |        32/       32 (  0.0%)
13/09/2026 12:45:09  TOTALS              :    130 |     13194/  2535721 ( 99.5%)
13/09/2026 12:45:09 Statistics             events    Received/ RawEquiv ( saved)
13/09/2026 12:45:09  FramebufferUpdate   :     63 |       630/      630 (  0.0%)
13/09/2026 12:45:09  SetEncodings        :      1 |        60/       60 (  0.0%)
13/09/2026 12:45:09  SetPixelFormat      :      1 |        20/       20 (  0.0%)
13/09/2026 12:45:09  TOTALS              :     65 |       710/      710 (  0.0%)
{"event":"paint","count":4681,"width":800,"height":600,"dirtyRects":1,"viewers":0}
{"event":"paint","count":4741,"width":800,"height":600,"dirtyRects":1,"viewers":0}
{"event":"paint","count":4801,"width":800,"height":600,"dirtyRects":1,"viewers":0}
{"event":"paint","count":4861,"width":800,"height":600,"dirtyRects":1,"viewers":0}
{"event":"paint","count":4921,"width":800,"height":600,"dirtyRects":1,"viewers":0}
{"event":"sandbox-canary","role":"renderer","pid":1,"readAllowed":false,"errno":1}
13/09/2026 12:45:19 Got connection from client 127.0.0.1
13/09/2026 12:45:19   0 other clients
{"event":"viewer-joined","viewers":1}
13/09/2026 12:45:19 Normal socket connection
13/09/2026 12:45:19 Client Protocol Version 3.8
13/09/2026 12:45:19 Protocol version sent 3.8, using 3.8
13/09/2026 12:45:19 Send channel security type 'none'
13/09/2026 12:45:19 rfbProcessClientSecurityType: executing handler for type 1
13/09/2026 12:45:19 rfbProcessClientSecurityType: returning securityResult for client rfb version >= 3.8
13/09/2026 12:45:19 Pixel format for client 127.0.0.1:
13/09/2026 12:45:19   32 bpp, depth 24, little endian
13/09/2026 12:45:19   true colour: max r 255 g 255 b 255, shift r 16 g 8 b 0
13/09/2026 12:45:19 Enabling X-style cursor updates for client 127.0.0.1
13/09/2026 12:45:19 Enabling full-color cursor updates for client 127.0.0.1
13/09/2026 12:45:19 Enabling cursor position updates for client 127.0.0.1
13/09/2026 12:45:19 Enabling KeyboardLedState protocol extension for client 127.0.0.1
13/09/2026 12:45:19 Enabling NewFBSize protocol extension for client 127.0.0.1
13/09/2026 12:45:19 Enabling ExtDesktopSize protocol extension for client 127.0.0.1
13/09/2026 12:45:19 Enabling SupportedMessages protocol extension for client 127.0.0.1
13/09/2026 12:45:19 Enabling SupportedEncodings protocol extension for client 127.0.0.1
13/09/2026 12:45:19 Enabling ServerIdentity protocol extension for client 127.0.0.1
13/09/2026 12:45:19 rfbProcessClientNormalMessage: ignoring unsupported encoding type Enc(0xFFFFFEFE)
13/09/2026 12:45:19 Using ZRLE encoding for client 127.0.0.1
13/09/2026 12:45:19 Sending rfbEncodingExtDesktopSize for size (800x600) 
{"event":"viewer-left","viewers":0}
13/09/2026 12:45:21 Client 127.0.0.1 gone
13/09/2026 12:45:21 Statistics             events    Transmit/ RawEquiv ( saved)
13/09/2026 12:45:21  FramebufferUpdate   :      1 |         0/        0 (  0.0%)
13/09/2026 12:45:21  ZRLE                :      1 |     11066/  1920000 ( 99.4%)
13/09/2026 12:45:21  ServerIdentify      :      1 |        42/       42 (  0.0%)
13/09/2026 12:45:21  SupportedEncoding   :      1 |       104/      104 (  0.0%)
13/09/2026 12:45:21  SupportedMessage    :      1 |        76/       76 (  0.0%)
13/09/2026 12:45:21  PointerPos          :      1 |        12/       12 (  0.0%)
13/09/2026 12:45:21  RichCursor          :      1 |       255/      255 (  0.0%)
13/09/2026 12:45:21  ExtendedDesktopSize :      1 |        32/       32 (  0.0%)
13/09/2026 12:45:21  TOTALS              :      8 |     11587/  1920521 ( 99.4%)
13/09/2026 12:45:21 Statistics             events    Received/ RawEquiv ( saved)
13/09/2026 12:45:21  FramebufferUpdate   :      3 |        30/       30 (  0.0%)
13/09/2026 12:45:21  SetEncodings        :      1 |        60/       60 (  0.0%)
13/09/2026 12:45:21  SetPixelFormat      :      1 |        20/       20 (  0.0%)
13/09/2026 12:45:21  TOTALS              :      5 |       110/      110 (  0.0%)
